{"ev": "env", "density": 2.0, "size": "Physical size: 2560x1600", "rot": "", "t": 0.1}
{"ev": "cold-start-ms", "ms": 1614, "t": 2.0}
{"ev": "setup-screen", "step": 0, "shot": "tablet-landscape-urdu__setup0.png", "key": "ef95ecc7e1", "labels": ["Location: ⁨⁩. Opens location settings", "Monday 5 October 2026  ·  4:58 PM", "·", "⁨٢٤ ربيع الآخر ١٤٤٨⁩", "L
{"ev": "setup-tap", "label": "Begin", "t": 7.2}
{"ev": "setup-screen", "step": 1, "shot": "tablet-landscape-urdu__setup1.png", "key": "c2b3ef2f72", "labels": ["Location: ⁨⁩. Opens location settings", "Monday 5 October 2026  ·  4:58 PM", "·", "⁨٢٤ ربيع الآخر ١٤٤٨⁩", "L
{"ev": "detect-result", "shot": "tablet-landscape-urdu__setup1_after-detect-20s.png", "labels": ["Location: ⁨⁩. Opens location settings", "Monday 5 October 2026  ·  4:58 PM", "·", "⁨٢٤ ربيع الآخر ١٤٤٨⁩", "Learn Salah", "
{"ev": "setup-tap", "label": "Sydney, NSW (preset; detect did not complete)", "t": 37.0}
{"ev": "setup-screen", "step": 2, "shot": "tablet-landscape-urdu__setup2.png", "key": "c7724d86d3", "labels": ["Location: ⁨Sydney, NSW⁩. Opens location settings", "Sydney, NSW", "Tuesday 6 October 2026  ·  3:58 AM", "·",
{"ev": "setup-tap", "label": "Next", "t": 39.7}
{"ev": "setup-screen", "step": 3, "shot": "tablet-landscape-urdu__setup3.png", "key": "073fc97aad", "labels": ["Location: ⁨Sydney, NSW⁩. Opens location settings", "Sydney, NSW", "Tuesday 6 October 2026  ·  3:58 AM", "·",
{"ev": "setup-tap", "label": "These look right", "t": 44.7}
{"ev": "setup-screen", "step": 4, "shot": "tablet-landscape-urdu__setup4.png", "key": "c785955f75", "labels": ["Location: ⁨Sydney, NSW⁩. Opens location settings", "Sydney, NSW", "Tuesday 6 October 2026  ·  3:59 AM", "·",
{"ev": "setup-tap", "label": "Finish", "t": 49.7}
{"ev": "setup-done", "step": 5, "t": 54.5}
{"ev": "setup-result", "ok": true, "t": 54.5}
{"ev": "lang-set", "t": 96.1}
{"ev": "theme-set", "kw": "Miqaat", "t": 111.8}
{"ev": "screen", "depth": 0, "path": [], "key": "d9a9c47959", "pos": 0, "shot": "tablet-landscape-urdu-Miqaat-ur-f1.0__001__d0__p0.png", "labels": ["مقام: ⁨Sydney, NSW⁩۔ مقام کی ترتیبات کھولتا ہے", "Sydney, NSW", "منگل، 
{"ev": "screen", "depth": 1, "path": ["نماز سیکھیں"], "key": "75e33ecd9f", "pos": 0, "shot": "tablet-landscape-urdu-Miqaat-ur-f1.0__002__d1__p0.png", "labels": ["واپس", "نماز سیکھیں", "الصَّلَاة", "نماز کا ایک عام طریقہ،
{"ev": "screen", "depth": 1, "path": ["ماہانہ ٹائم ٹیبل"], "key": "da73500965", "pos": 0, "shot": "tablet-landscape-urdu-Miqaat-ur-f1.0__003__d1__p0.png", "labels": ["واپس", "⁧اکتوبر 2026⁩", "⁧ربیع الثانی – جمادی الاول 1
{"ev": "screen", "depth": 1, "path": ["ماہانہ ٹائم ٹیبل"], "key": "47cb3bb754", "pos": 1, "shot": "tablet-landscape-urdu-Miqaat-ur-f1.0__004__d1__p1.png", "labels": ["واپس", "⁧اکتوبر 2026⁩", "⁧ربیع الثانی – جمادی الاول 1
{"ev": "screen", "depth": 2, "path": ["ماہانہ ٹائم ٹیبل", "Friday 9 October, Friday, 28 Rabīʿ: Fajr 4:57 صبح, Sunrise 6:22 صبح, Dhuhr 12:44 دوپہر, Asr 4:18 شام, Maghrib 7:04 رات, Isha 8:24 رات"], "key": "1da02a2988", "po
{"ev": "screen", "depth": 2, "path": ["ماہانہ ٹائم ٹیبل", "Friday 9 October, Friday, 28 Rabīʿ: Fajr 4:57 صبح, Sunrise 6:22 صبح, Dhuhr 12:44 دوپہر, Asr 4:18 شام, Maghrib 7:04 رات, Isha 8:24 رات"], "key": "47cb3bb754", "po
{"ev": "back-mismatch", "label": "Friday 9 October, Friday, 28 Rabīʿ: Fajr 4:57 صبح, Sunrise 6:22 صبح, Dhuhr 12:44 دوپہر, Asr 4:18 شام, Maghrib 7:04 رات, Isha 8:24 رات", "path": ["ماہانہ ٹائم ٹیبل"], "t": 175.8}
{"ev": "no-change", "label": "Friday 16 October, Friday, 5 Jumādā: Fajr 4:46 صبح, Sunrise 6:13 صبح, Dhuhr 12:42 دوپہر, Asr 4:19 شام, Maghrib 7:09 رات, Isha 8:31 رات", "shot": "tablet-landscape-urdu-Miqaat-ur-f1.0__007__s
{"ev": "tap-fail", "label": "Friday 16 October, Friday, 5 Jumādā: Fajr 4:46 صبح, Sunrise 6:13 صبح, Dhuhr 12:42 دوپہر, Asr 4:19 شام, Maghrib 7:09 رات, Isha 8:31 رات", "t": 196.1}
{"ev": "screen", "depth": 2, "path": ["ماہانہ ٹائم ٹیبل", "Friday 23 October, Friday, 12 Jumādā: Fajr 4:36 صبح, Sunrise 6:05 صبح, Dhuhr 12:41 دوپہر, Asr 4:20 شام, Maghrib 7:15 رات, Isha 8:38 رات"], "key": "47cb3bb754", "
{"ev": "back-mismatch", "label": "Friday 23 October, Friday, 12 Jumādā: Fajr 4:36 صبح, Sunrise 6:05 صبح, Dhuhr 12:41 دوپہر, Asr 4:20 شام, Maghrib 7:15 رات, Isha 8:38 رات", "path": ["ماہانہ ٹائم ٹیبل"], "t": 213.3}
{"ev": "back-mismatch", "label": "ماہانہ ٹائم ٹیبل", "path": [], "t": 226.1}
{"ev": "screen", "depth": 1, "path": ["ترتیبات"], "key": "2dd28a83ae", "pos": 0, "shot": "tablet-landscape-urdu-Miqaat-ur-f1.0__009__d1__p0.png", "labels": ["واپس", "ترتیبات", "ترتیبات تلاش کریں", "مقام", "اوقاتِ نماز", 
{"ev": "screen", "depth": 1, "path": ["ترتیبات"], "key": "42462ec989", "pos": 1, "shot": "tablet-landscape-urdu-Miqaat-ur-f1.0__010__d1__p1.png", "labels": ["واپس", "ترتیبات", "ترتیبات تلاش کریں", "مقام", "اوقاتِ نماز", 
{"ev": "screen", "depth": 1, "path": ["ترتیبات"], "key": "f4a05221df", "pos": 2, "shot": "tablet-landscape-urdu-Miqaat-ur-f1.0__011__d1__p2.png", "labels": ["واپس", "ترتیبات", "ترتیبات تلاش کریں", "مقام", "اوقاتِ نماز", 
{"ev": "screen", "depth": 1, "path": ["ترتیبات"], "key": "b024126ec5", "pos": 3, "shot": "tablet-landscape-urdu-Miqaat-ur-f1.0__012__d1__p3.png", "labels": ["واپس", "ترتیبات", "ترتیبات تلاش کریں", "مقام", "اوقاتِ نماز", 
{"ev": "screen", "depth": 1, "path": ["ترتیبات"], "key": "53c7d81884", "pos": 4, "shot": "tablet-landscape-urdu-Miqaat-ur-f1.0__013__d1__p4.png", "labels": ["واپس", "ترتیبات", "ترتیبات تلاش کریں", "مقام", "اوقاتِ نماز", 
{"ev": "screen", "depth": 2, "path": ["ترتیبات", "ترتیبات تلاش کریں"], "key": "eb0d98d198", "pos": 0, "shot": "tablet-landscape-urdu-Miqaat-ur-f1.0__014__d2__p0.png", "labels": ["واپس", "ترتیبات", "ترتیبات تلاش کریں", "م
{"ev": "back-mismatch", "label": "ترتیبات تلاش کریں", "path": ["ترتیبات"], "t": 276.5}
{"ev": "tap-fail", "label": "ترتیبات تلاش کریں", "t": 291.0}
{"ev": "tap-fail", "label": "ترتیبات تلاش کریں", "t": 299.5}
{"ev": "tap-fail", "label": "ترتیبات تلاش کریں", "t": 311.3}
{"ev": "tap-fail", "label": "ترتیبات تلاش کریں", "t": 326.7}
{"ev": "back-mismatch", "label": "ترتیبات", "path": [], "t": 329.8}
{"ev": "screen", "depth": 1, "path": ["یہ وقت کیوں؟"], "key": "3a6f79df9f", "pos": 0, "shot": "tablet-landscape-urdu-Miqaat-ur-f1.0__015__d1__p0.png", "labels": ["5:01 کیوں؟ · فجر الفجر", "حساب کی بنیاد", "ماخذ", "اس ڈیو
{"ev": "back-mismatch", "label": "یہ وقت کیوں؟", "path": [], "t": 350.3}
{"ev": "screen", "depth": 1, "path": ["یہ وقت کیوں؟"], "key": "77b2348aa4", "pos": 0, "shot": "tablet-landscape-urdu-Miqaat-ur-f1.0__016__d1__p0.png", "labels": ["6:26 کیوں؟ · طلوعِ آفتاب الشروق", "حساب کی بنیاد", "ماخذ"
{"ev": "back-mismatch", "label": "یہ وقت کیوں؟", "path": [], "t": 370.6}
{"ev": "screen", "depth": 1, "path": ["یہ وقت کیوں؟"], "key": "95b3196ddd", "pos": 0, "shot": "tablet-landscape-urdu-Miqaat-ur-f1.0__017__d1__p0.png", "labels": ["12:44 کیوں؟ · ظہر الظهر", "حساب کی بنیاد", "ماخذ", "اس ڈی
{"ev": "back-mismatch", "label": "یہ وقت کیوں؟", "path": [], "t": 391.0}
{"ev": "screen", "depth": 1, "path": ["یہ وقت کیوں؟"], "key": "d53a194a4c", "pos": 0, "shot": "tablet-landscape-urdu-Miqaat-ur-f1.0__018__d1__p0.png", "labels": ["4:17 کیوں؟ · عصر العصر", "حساب کی بنیاد", "ماخذ", "اس ڈیو
{"ev": "back-mismatch", "label": "یہ وقت کیوں؟", "path": [], "t": 411.7}
{"ev": "screen", "depth": 1, "path": ["یہ وقت کیوں؟"], "key": "619a49988c", "pos": 0, "shot": "tablet-landscape-urdu-Miqaat-ur-f1.0__019__d1__p0.png", "labels": ["7:01 کیوں؟ · مغرب المغرب", "حساب کی بنیاد", "ماخذ", "اس ڈ
{"ev": "back-mismatch", "label": "یہ وقت کیوں؟", "path": [], "t": 432.5}
{"ev": "screen", "depth": 1, "path": ["یہ وقت کیوں؟"], "key": "03163258a1", "pos": 0, "shot": "tablet-landscape-urdu-Miqaat-ur-f1.0__020__d1__p0.png", "labels": ["8:21 کیوں؟ · عشاء العشاء", "حساب کی بنیاد", "ماخذ", "اس ڈ
{"ev": "back-mismatch", "label": "یہ وقت کیوں؟", "path": [], "t": 453.1}
{"ev": "theme-done", "tag": "tablet-landscape-urdu-Miqaat-ur-f1.0", "actions": 18, "screens": 20, "t": 459.4}
{"ev": "theme-set", "kw": "Kiswah", "t": 473.2}
{"ev": "screen", "depth": 0, "path": [], "key": "a0b0d170f4", "pos": 0, "shot": "tablet-landscape-urdu-Kiswah-ur-f1.0__021__d0__p0.png", "labels": ["مقام: ⁨Sydney, NSW⁩۔ مقام کی ترتیبات کھولتا ہے", "SYDNEY, NSW", "⁧25 رب
{"ev": "screen", "depth": 1, "path": ["نماز سیکھیں"], "key": "75e33ecd9f", "pos": 0, "shot": "tablet-landscape-urdu-Kiswah-ur-f1.0__022__d1__p0.png", "labels": ["واپس", "نماز سیکھیں", "الصَّلَاة", "نماز کا ایک عام طریقہ،
{"ev": "screen", "depth": 1, "path": ["ماہانہ ٹائم ٹیبل"], "key": "da73500965", "pos": 0, "shot": "tablet-landscape-urdu-Kiswah-ur-f1.0__023__d1__p0.png", "labels": ["واپس", "⁧اکتوبر 2026⁩", "⁧ربیع الثانی – جمادی الاول 1
{"ev": "screen", "depth": 1, "path": ["ماہانہ ٹائم ٹیبل"], "key": "47cb3bb754", "pos": 1, "shot": "tablet-landscape-urdu-Kiswah-ur-f1.0__024__d1__p1.png", "labels": ["واپس", "⁧اکتوبر 2026⁩", "⁧ربیع الثانی – جمادی الاول 1
{"ev": "screen", "depth": 2, "path": ["ماہانہ ٹائم ٹیبل", "Friday 9 October, Friday, 28 Rabīʿ: Fajr 4:57 صبح, Sunrise 6:22 صبح, Dhuhr 12:44 دوپہر, Asr 4:18 شام, Maghrib 7:04 رات, Isha 8:24 رات"], "key": "1da02a2988", "po
{"ev": "screen", "depth": 2, "path": ["ماہانہ ٹائم ٹیبل", "Friday 9 October, Friday, 28 Rabīʿ: Fajr 4:57 صبح, Sunrise 6:22 صبح, Dhuhr 12:44 دوپہر, Asr 4:18 شام, Maghrib 7:04 رات, Isha 8:24 رات"], "key": "47cb3bb754", "po
{"ev": "back-mismatch", "label": "Friday 9 October, Friday, 28 Rabīʿ: Fajr 4:57 صبح, Sunrise 6:22 صبح, Dhuhr 12:44 دوپہر, Asr 4:18 شام, Maghrib 7:04 رات, Isha 8:24 رات", "path": ["ماہانہ ٹائم ٹیبل"], "t": 537.2}
{"ev": "no-change", "label": "Friday 16 October, Friday, 5 Jumādā: Fajr 4:46 صبح, Sunrise 6:13 صبح, Dhuhr 12:42 دوپہر, Asr 4:19 شام, Maghrib 7:09 رات, Isha 8:31 رات", "shot": "tablet-landscape-urdu-Kiswah-ur-f1.0__027__s
{"ev": "tap-fail", "label": "Friday 16 October, Friday, 5 Jumādā: Fajr 4:46 صبح, Sunrise 6:13 صبح, Dhuhr 12:42 دوپہر, Asr 4:19 شام, Maghrib 7:09 رات, Isha 8:31 رات", "t": 557.7}
{"ev": "screen", "depth": 2, "path": ["ماہانہ ٹائم ٹیبل", "Friday 23 October, Friday, 12 Jumādā: Fajr 4:36 صبح, Sunrise 6:05 صبح, Dhuhr 12:41 دوپہر, Asr 4:20 شام, Maghrib 7:15 رات, Isha 8:38 رات"], "key": "47cb3bb754", "
{"ev": "back-mismatch", "label": "Friday 23 October, Friday, 12 Jumādā: Fajr 4:36 صبح, Sunrise 6:05 صبح, Dhuhr 12:41 دوپہر, Asr 4:20 شام, Maghrib 7:15 رات, Isha 8:38 رات", "path": ["ماہانہ ٹائم ٹیبل"], "t": 574.9}
{"ev": "screen", "depth": 1, "path": ["ترتیبات"], "key": "2dd28a83ae", "pos": 0, "shot": "tablet-landscape-urdu-Kiswah-ur-f1.0__029__d1__p0.png", "labels": ["واپس", "ترتیبات", "ترتیبات تلاش کریں", "مقام", "اوقاتِ نماز", 
{"ev": "screen", "depth": 1, "path": ["ترتیبات"], "key": "42462ec989", "pos": 1, "shot": "tablet-landscape-urdu-Kiswah-ur-f1.0__030__d1__p1.png", "labels": ["واپس", "ترتیبات", "ترتیبات تلاش کریں", "مقام", "اوقاتِ نماز", 
{"ev": "screen", "depth": 1, "path": ["ترتیبات"], "key": "991ded719d", "pos": 2, "shot": "tablet-landscape-urdu-Kiswah-ur-f1.0__031__d1__p2.png", "labels": ["واپس", "ترتیبات", "ترتیبات تلاش کریں", "مقام", "اوقاتِ نماز", 
{"ev": "screen", "depth": 1, "path": ["ترتیبات"], "key": "3b07410234", "pos": 3, "shot": "tablet-landscape-urdu-Kiswah-ur-f1.0__032__d1__p3.png", "labels": ["واپس", "ترتیبات", "ترتیبات تلاش کریں", "مقام", "اوقاتِ نماز", 
{"ev": "screen", "depth": 1, "path": ["ترتیبات"], "key": "b024126ec5", "pos": 4, "shot": "tablet-landscape-urdu-Kiswah-ur-f1.0__033__d1__p4.png", "labels": ["واپس", "ترتیبات", "ترتیبات تلاش کریں", "مقام", "اوقاتِ نماز", 
{"ev": "screen", "depth": 1, "path": ["ترتیبات"], "key": "53c7d81884", "pos": 5, "shot": "tablet-landscape-urdu-Kiswah-ur-f1.0__034__d1__p5.png", "labels": ["واپس", "ترتیبات", "ترتیبات تلاش کریں", "مقام", "اوقاتِ نماز", 
{"ev": "no-change", "label": "ترتیبات تلاش کریں", "shot": "tablet-landscape-urdu-Kiswah-ur-f1.0__035__same___.png", "path": ["ترتیبات"], "t": 625.3}
{"ev": "tap-fail", "label": "ترتیبات تلاش کریں", "t": 630.6}
{"ev": "tap-fail", "label": "ترتیبات تلاش کریں", "t": 639.1}
{"ev": "tap-fail", "label": "ترتیبات تلاش کریں", "t": 651.0}
{"ev": "tap-fail", "label": "ترتیبات تلاش کریں", "t": 666.1}
{"ev": "tap-fail", "label": "ترتیبات تلاش کریں", "t": 684.5}
{"ev": "back-mismatch", "label": "ترتیبات", "path": [], "t": 687.6}
{"ev": "screen", "depth": 1, "path": ["یہ وقت کیوں؟"], "key": "3a6f79df9f", "pos": 0, "shot": "tablet-landscape-urdu-Kiswah-ur-f1.0__036__d1__p0.png", "labels": ["5:01 کیوں؟ · فجر الفجر", "حساب کی بنیاد", "ماخذ", "اس ڈیو
{"ev": "screen", "depth": 1, "path": ["یہ وقت کیوں؟"], "key": "77b2348aa4", "pos": 0, "shot": "tablet-landscape-urdu-Kiswah-ur-f1.0__037__d1__p0.png", "labels": ["6:26 کیوں؟ · طلوعِ آفتاب الشروق", "حساب کی بنیاد", "ماخذ"
{"ev": "screen", "depth": 1, "path": ["یہ وقت کیوں؟"], "key": "95b3196ddd", "pos": 0, "shot": "tablet-landscape-urdu-Kiswah-ur-f1.0__038__d1__p0.png", "labels": ["12:44 کیوں؟ · ظہر الظهر", "حساب کی بنیاد", "ماخذ", "اس ڈی
{"ev": "screen", "depth": 1, "path": ["یہ وقت کیوں؟"], "key": "d53a194a4c", "pos": 0, "shot": "tablet-landscape-urdu-Kiswah-ur-f1.0__039__d1__p0.png", "labels": ["4:17 کیوں؟ · عصر العصر", "حساب کی بنیاد", "ماخذ", "اس ڈیو
{"ev": "screen", "depth": 1, "path": ["یہ وقت کیوں؟"], "key": "619a49988c", "pos": 0, "shot": "tablet-landscape-urdu-Kiswah-ur-f1.0__040__d1__p0.png", "labels": ["7:01 کیوں؟ · مغرب المغرب", "حساب کی بنیاد", "ماخذ", "اس ڈ
{"ev": "screen", "depth": 1, "path": ["یہ وقت کیوں؟"], "key": "03163258a1", "pos": 0, "shot": "tablet-landscape-urdu-Kiswah-ur-f1.0__041__d1__p0.png", "labels": ["8:21 کیوں؟ · عشاء العشاء", "حساب کی بنیاد", "ماخذ", "اس ڈ
{"ev": "theme-done", "tag": "tablet-landscape-urdu-Kiswah-ur-f1.0", "actions": 19, "screens": 41, "t": 778.2}
{"ev": "theme-set", "kw": "Celestial", "t": 792.0}
{"ev": "screen", "depth": 0, "path": [], "key": "fad41c6697", "pos": 0, "shot": "tablet-landscape-urdu-Celestial-ur-f1.0__042__d0__p0.png", "labels": ["مقام: ⁨Sydney, NSW⁩۔ مقام کی ترتیبات کھولتا ہے", "Sydney, NSW", "منگ
{"ev": "screen", "depth": 1, "path": ["یہ وقت کیوں؟"], "key": "3a6f79df9f", "pos": 0, "shot": "tablet-landscape-urdu-Celestial-ur-f1.0__043__d1__p0.png", "labels": ["5:01 کیوں؟ · فجر الفجر", "حساب کی بنیاد", "ماخذ", "اس 
{"ev": "screen", "depth": 1, "path": ["یہ وقت کیوں؟"], "key": "77b2348aa4", "pos": 0, "shot": "tablet-landscape-urdu-Celestial-ur-f1.0__044__d1__p0.png", "labels": ["6:26 کیوں؟ · طلوعِ آفتاب الشروق", "حساب کی بنیاد", "ما
{"ev": "screen", "depth": 1, "path": ["یہ وقت کیوں؟"], "key": "95b3196ddd", "pos": 0, "shot": "tablet-landscape-urdu-Celestial-ur-f1.0__045__d1__p0.png", "labels": ["12:44 کیوں؟ · ظہر الظهر", "حساب کی بنیاد", "ماخذ", "اس
{"ev": "screen", "depth": 1, "path": ["یہ وقت کیوں؟"], "key": "d53a194a4c", "pos": 0, "shot": "tablet-landscape-urdu-Celestial-ur-f1.0__046__d1__p0.png", "labels": ["4:17 کیوں؟ · عصر العصر", "حساب کی بنیاد", "ماخذ", "اس 
{"ev": "screen", "depth": 1, "path": ["یہ وقت کیوں؟"], "key": "619a49988c", "pos": 0, "shot": "tablet-landscape-urdu-Celestial-ur-f1.0__047__d1__p0.png", "labels": ["7:01 کیوں؟ · مغرب المغرب", "حساب کی بنیاد", "ماخذ", "ا
{"ev": "screen", "depth": 1, "path": ["یہ وقت کیوں؟"], "key": "03163258a1", "pos": 0, "shot": "tablet-landscape-urdu-Celestial-ur-f1.0__048__d1__p0.png", "labels": ["8:21 کیوں؟ · عشاء العشاء", "حساب کی بنیاد", "ماخذ", "ا
{"ev": "theme-done", "tag": "tablet-landscape-urdu-Celestial-ur-f1.0", "actions": 6, "screens": 48, "t": 890.7}
{"ev": "theme-set", "kw": "Gallery", "t": 904.5}
{"ev": "screen", "depth": 0, "path": [], "key": "351a57e15d", "pos": 0, "shot": "tablet-landscape-urdu-Gallery-ur-f1.0__049__d0__p0.png", "labels": ["Miqaat", "مقام: ⁨Sydney, NSW⁩۔ مقام کی ترتیبات کھولتا ہے", "Sydney, NS
{"ev": "screen", "depth": 1, "path": ["یہ وقت کیوں؟"], "key": "3a6f79df9f", "pos": 0, "shot": "tablet-landscape-urdu-Gallery-ur-f1.0__050__d1__p0.png", "labels": ["5:01 کیوں؟ · فجر الفجر", "حساب کی بنیاد", "ماخذ", "اس ڈی
{"ev": "screen", "depth": 1, "path": ["یہ وقت کیوں؟"], "key": "77b2348aa4", "pos": 0, "shot": "tablet-landscape-urdu-Gallery-ur-f1.0__051__d1__p0.png", "labels": ["6:26 کیوں؟ · طلوعِ آفتاب الشروق", "حساب کی بنیاد", "ماخذ
{"ev": "screen", "depth": 1, "path": ["یہ وقت کیوں؟"], "key": "95b3196ddd", "pos": 0, "shot": "tablet-landscape-urdu-Gallery-ur-f1.0__052__d1__p0.png", "labels": ["12:44 کیوں؟ · ظہر الظهر", "حساب کی بنیاد", "ماخذ", "اس ڈ
{"ev": "screen", "depth": 1, "path": ["یہ وقت کیوں؟"], "key": "d53a194a4c", "pos": 0, "shot": "tablet-landscape-urdu-Gallery-ur-f1.0__053__d1__p0.png", "labels": ["4:17 کیوں؟ · عصر العصر", "حساب کی بنیاد", "ماخذ", "اس ڈی
{"ev": "screen", "depth": 1, "path": ["یہ وقت کیوں؟"], "key": "619a49988c", "pos": 0, "shot": "tablet-landscape-urdu-Gallery-ur-f1.0__054__d1__p0.png", "labels": ["7:01 کیوں؟ · مغرب المغرب", "حساب کی بنیاد", "ماخذ", "اس 
{"ev": "screen", "depth": 1, "path": ["یہ وقت کیوں؟"], "key": "03163258a1", "pos": 0, "shot": "tablet-landscape-urdu-Gallery-ur-f1.0__055__d1__p0.png", "labels": ["8:21 کیوں؟ · عشاء العشاء", "حساب کی بنیاد", "ماخذ", "اس 
{"ev": "theme-done", "tag": "tablet-landscape-urdu-Gallery-ur-f1.0", "actions": 6, "screens": 55, "t": 1005.9}
{"ev": "crash-buffer", "bytes": 0, "head": "", "t": 1007.9}
{"ev": "gfx", "lines": ["Total frames rendered: 220", "Janky frames: 202 (91.82%)", "Janky frames (legacy): 204 (92.73%)", "50th percentile: 121ms", "90th percentile: 200ms", "95th percentile: 300ms", "99th percentile: 4
{"ev": "mem", "lines": ["  Native Heap    51261    51172        0        0    54380    61644    52996     4971", "        TOTAL    83603    70796     3564        0   206392    80678    62513    14488", "           Java H
