{"ev": "env", "density": 2.0, "size": "Physical size: 2560x1600", "rot": "", "t": 0.2}
{"ev": "cold-start-ms", "ms": 2526, "t": 3.0}
{"ev": "setup-screen", "step": 0, "shot": "tablet-landscape-azaan__setup0.png", "key": "ef95ecc7e1", "labels": ["Location: ⁨⁩. Opens location settings", "Monday 5 October 2026  ·  4:58 PM", "·", "⁨٢٤ ربيع الآخر ١٤٤٨⁩", "
{"ev": "setup-tap", "label": "Begin", "t": 8.7}
{"ev": "setup-screen", "step": 1, "shot": "tablet-landscape-azaan__setup1.png", "key": "c2b3ef2f72", "labels": ["Location: ⁨⁩. Opens location settings", "Monday 5 October 2026  ·  4:58 PM", "·", "⁨٢٤ ربيع الآخر ١٤٤٨⁩", "
{"ev": "detect-result", "shot": "tablet-landscape-azaan__setup1_after-detect-20s.png", "labels": ["Location: ⁨⁩. Opens location settings", "Monday 5 October 2026  ·  4:59 PM", "·", "⁨٢٤ ربيع الآخر ١٤٤٨⁩", "Learn Salah", 
{"ev": "setup-tap", "label": "Sydney, NSW (preset; detect did not complete)", "t": 39.3}
{"ev": "setup-screen", "step": 2, "shot": "tablet-landscape-azaan__setup2.png", "key": "c7724d86d3", "labels": ["Location: ⁨Sydney, NSW⁩. Opens location settings", "Sydney, NSW", "Tuesday 6 October 2026  ·  3:59 AM", "·"
{"ev": "setup-tap", "label": "Next", "t": 45.1}
{"ev": "setup-screen", "step": 3, "shot": "tablet-landscape-azaan__setup3.png", "key": "073fc97aad", "labels": ["Location: ⁨Sydney, NSW⁩. Opens location settings", "Sydney, NSW", "Tuesday 6 October 2026  ·  3:59 AM", "·"
{"ev": "setup-tap", "label": "These look right", "t": 50.5}
{"ev": "setup-screen", "step": 4, "shot": "tablet-landscape-azaan__setup4.png", "key": "c785955f75", "labels": ["Location: ⁨Sydney, NSW⁩. Opens location settings", "Sydney, NSW", "Tuesday 6 October 2026  ·  3:59 AM", "·"
{"ev": "setup-tap", "label": "Finish", "t": 55.8}
{"ev": "setup-done", "step": 5, "t": 60.8}
{"ev": "setup-result", "ok": true, "t": 60.8}
{"ev": "theme-set", "kw": "Miqaat", "t": 73.3}
{"ev": "shot", "name": "azaan-full-fajr-t4", "shot": "tablet-landscape-azaan-Miqaat__001__azaan-full-fajr-t4.png", "labels": ["Fajr azaan · playing", "⁨Sydney, NSW⁩", "⁨4:00 AM⁩", "AZAAN", "DUA AFTER AZAAN", "HADITH", "H
{"ev": "shot", "name": "azaan-full-fajr-t32", "shot": "tablet-landscape-azaan-Miqaat__002__azaan-full-fajr-t32.png", "labels": ["Fajr azaan · playing", "⁨Sydney, NSW⁩", "⁨4:00 AM⁩", "AZAAN", "DUA AFTER AZAAN", "HADITH", 
{"ev": "shot", "name": "azaan-recording-t4", "shot": "tablet-landscape-azaan-Miqaat__003__azaan-recording-t4.png", "labels": ["Back", "Settings", "Search settings", "Location", "Prayer times", "Azaan & alerts", "Iqamah",
{"ev": "shot", "name": "dua-hadith-t5", "shot": "tablet-landscape-azaan-Miqaat__004__dua-hadith-t5.png", "labels": ["Back", "Settings", "Search settings", "About", "Needs attention before the next prayer, Fajr · 5:01 AM,
{"ev": "shot", "name": "dua-hadith-t67", "shot": "tablet-landscape-azaan-Miqaat__005__dua-hadith-t67.png", "labels": ["Back", "Settings", "Search settings", "Privacy", "About", "Needs attention before the next prayer, Fa
{"ev": "shot", "name": "dua-hadith-t140", "shot": "tablet-landscape-azaan-Miqaat__006__dua-hadith-t140.png", "labels": ["Back", "Settings", "Search settings", "Privacy", "About", "Needs attention before the next prayer, 
{"ev": "shot", "name": "iqamah-short-t4", "shot": "tablet-landscape-azaan-Miqaat__007__iqamah-short-t4.png", "labels": ["Maghrib · iqamah", "⁨Sydney, NSW⁩", "⁨4:04 AM⁩", "✓", "AZAAN", "IQAMAH COUNTDOWN", "IQAMAH", "PRAYE
{"ev": "shot", "name": "iqamah-short-t25", "shot": "tablet-landscape-azaan-Miqaat__008__iqamah-short-t25.png", "labels": ["4:04", "AM", "المغرب", "in prayer · screen wakes in 10 min · tap to wake now"], "t": 381.5}
{"ev": "shot", "name": "iqamah-short-t40", "shot": "tablet-landscape-azaan-Miqaat__009__iqamah-short-t40.png", "labels": ["4:05", "AM", "المغرب", "in prayer · screen wakes in 10 min · tap to wake now"], "t": 396.0}
{"ev": "shot", "name": "quiet-screen-t3", "shot": "tablet-landscape-azaan-Miqaat__010__quiet-screen-t3.png", "labels": ["4:05", "AM", "المغرب", "in prayer · screen wakes in 10 min · tap to wake now"], "t": 435.4}
{"ev": "theme-set", "kw": "Kiswah", "t": 459.0}
{"ev": "shot", "name": "azaan-full-fajr-t4", "shot": "tablet-landscape-azaan-Kiswah__011__azaan-full-fajr-t4.png", "labels": ["Fajr azaan · playing", "⁨Sydney, NSW⁩", "⁨4:06 AM⁩", "AZAAN", "DUA AFTER AZAAN", "HADITH", "H
{"ev": "shot", "name": "azaan-full-fajr-t31", "shot": "tablet-landscape-azaan-Kiswah__012__azaan-full-fajr-t31.png", "labels": ["Fajr azaan · playing", "⁨Sydney, NSW⁩", "⁨4:07 AM⁩", "AZAAN", "DUA AFTER AZAAN", "HADITH", 
{"ev": "shot", "name": "azaan-recording-t4", "shot": "tablet-landscape-azaan-Kiswah__013__azaan-recording-t4.png", "labels": ["Back", "Settings", "Search settings", "Location", "Prayer times", "Azaan & alerts", "Iqamah",
{"ev": "shot", "name": "dua-hadith-t5", "shot": "tablet-landscape-azaan-Kiswah__014__dua-hadith-t5.png", "labels": ["Back", "Settings", "Search settings", "About", "Needs attention before the next prayer, Fajr · 5:01 AM,
{"ev": "shot", "name": "dua-hadith-t67", "shot": "tablet-landscape-azaan-Kiswah__015__dua-hadith-t67.png", "labels": ["Back", "Settings", "Search settings", "Privacy", "About", "Needs attention before the next prayer, Fa
{"ev": "shot", "name": "dua-hadith-t140", "shot": "tablet-landscape-azaan-Kiswah__016__dua-hadith-t140.png", "labels": ["Back", "Settings", "Search settings", "Privacy", "About", "Needs attention before the next prayer, 
{"ev": "shot", "name": "iqamah-short-t4", "shot": "tablet-landscape-azaan-Kiswah__017__iqamah-short-t4.png", "labels": ["Maghrib · iqamah", "⁨Sydney, NSW⁩", "⁨4:10 AM⁩", "✓", "AZAAN", "IQAMAH COUNTDOWN", "IQAMAH", "PRAYE
{"ev": "shot", "name": "iqamah-short-t16", "shot": "tablet-landscape-azaan-Kiswah__018__iqamah-short-t16.png", "labels": ["Maghrib · iqamah", "⁨Sydney, NSW⁩", "⁨4:11 AM⁩", "✓", "AZAAN", "✓", "IQAMAH COUNTDOWN", "IQAMAH",
{"ev": "shot", "name": "iqamah-short-t31", "shot": "tablet-landscape-azaan-Kiswah__019__iqamah-short-t31.png", "labels": ["4:11", "AM", "المغرب", "in prayer · screen wakes in 10 min · tap to wake now"], "t": 764.1}
{"ev": "shot", "name": "quiet-screen-t3", "shot": "tablet-landscape-azaan-Kiswah__020__quiet-screen-t3.png", "labels": ["4:11", "AM", "المغرب", "in prayer · screen wakes in 10 min · tap to wake now"], "t": 800.1}
{"ev": "theme-set", "kw": "Celestial", "t": 819.6}
{"ev": "shot", "name": "azaan-full-fajr-t4", "shot": "tablet-landscape-azaan-Celestial__021__azaan-full-fajr-t4.png", "labels": ["Fajr azaan · playing", "⁨Sydney, NSW⁩", "⁨4:12 AM⁩", "AZAAN", "DUA AFTER AZAAN", "HADITH",
{"ev": "shot", "name": "azaan-full-fajr-t32", "shot": "tablet-landscape-azaan-Celestial__022__azaan-full-fajr-t32.png", "labels": ["Fajr azaan · playing", "⁨Sydney, NSW⁩", "⁨4:13 AM⁩", "AZAAN", "DUA AFTER AZAAN", "HADITH
{"ev": "shot", "name": "azaan-recording-t4", "shot": "tablet-landscape-azaan-Celestial__023__azaan-recording-t4.png", "labels": ["Back", "Settings", "Search settings", "Location", "Prayer times", "Azaan & alerts", "Iqama
{"ev": "shot", "name": "dua-hadith-t5", "shot": "tablet-landscape-azaan-Celestial__024__dua-hadith-t5.png", "labels": ["Back", "Settings", "Search settings", "About", "Needs attention before the next prayer, Fajr · 5:01 
{"ev": "shot", "name": "dua-hadith-t68", "shot": "tablet-landscape-azaan-Celestial__025__dua-hadith-t68.png", "labels": ["Back", "Settings", "Search settings", "Privacy", "About", "Needs attention before the next prayer,
{"ev": "shot", "name": "dua-hadith-t142", "shot": "tablet-landscape-azaan-Celestial__026__dua-hadith-t142.png", "labels": ["Back", "Settings", "Search settings", "Privacy", "About", "Needs attention before the next praye
{"ev": "shot", "name": "iqamah-short-t4", "shot": "tablet-landscape-azaan-Celestial__027__iqamah-short-t4.png", "labels": ["Maghrib · iqamah", "⁨Sydney, NSW⁩", "⁨4:16 AM⁩", "✓", "AZAAN", "IQAMAH COUNTDOWN", "IQAMAH", "PR
{"ev": "shot", "name": "iqamah-short-t19", "shot": "tablet-landscape-azaan-Celestial__028__iqamah-short-t19.png", "labels": ["Maghrib · iqamah", "⁨Sydney, NSW⁩", "⁨4:17 AM⁩", "✓", "AZAAN", "✓", "IQAMAH COUNTDOWN", "IQAMA
{"ev": "shot", "name": "iqamah-short-t34", "shot": "tablet-landscape-azaan-Celestial__029__iqamah-short-t34.png", "labels": ["4:17", "AM", "المغرب", "in prayer · screen wakes in 10 min · tap to wake now"], "t": 1131.8}
{"ev": "shot", "name": "quiet-screen-t3", "shot": "tablet-landscape-azaan-Celestial__030__quiet-screen-t3.png", "labels": ["4:18", "AM", "المغرب", "in prayer · screen wakes in 10 min · tap to wake now"], "t": 1167.3}
{"ev": "theme-set", "kw": "Gallery", "t": 1187.0}
{"ev": "shot", "name": "azaan-full-fajr-t4", "shot": "tablet-landscape-azaan-Gallery__031__azaan-full-fajr-t4.png", "labels": ["Fajr azaan · playing", "⁨Sydney, NSW⁩", "⁨4:18 AM⁩", "AZAAN", "DUA AFTER AZAAN", "HADITH", "
{"ev": "shot", "name": "azaan-full-fajr-t31", "shot": "tablet-landscape-azaan-Gallery__032__azaan-full-fajr-t31.png", "labels": ["Fajr azaan · playing", "⁨Sydney, NSW⁩", "⁨4:19 AM⁩", "AZAAN", "DUA AFTER AZAAN", "HADITH",
{"ev": "shot", "name": "azaan-recording-t4", "shot": "tablet-landscape-azaan-Gallery__033__azaan-recording-t4.png", "labels": ["Back", "Settings", "Search settings", "Location", "Prayer times", "Azaan & alerts", "Iqamah"
{"ev": "shot", "name": "dua-hadith-t5", "shot": "tablet-landscape-azaan-Gallery__034__dua-hadith-t5.png", "labels": ["Back", "Settings", "Search settings", "About", "Needs attention before the next prayer, Fajr · 5:01 AM
{"ev": "shot", "name": "dua-hadith-t67", "shot": "tablet-landscape-azaan-Gallery__035__dua-hadith-t67.png", "labels": ["Back", "Settings", "Search settings", "Privacy", "About", "Needs attention before the next prayer, F
{"ev": "shot", "name": "dua-hadith-t140", "shot": "tablet-landscape-azaan-Gallery__036__dua-hadith-t140.png", "labels": ["Back", "Settings", "Search settings", "Privacy", "About", "Needs attention before the next prayer,
{"ev": "shot", "name": "iqamah-short-t4", "shot": "tablet-landscape-azaan-Gallery__037__iqamah-short-t4.png", "labels": ["Maghrib · iqamah", "⁨Sydney, NSW⁩", "⁨4:22 AM⁩", "✓", "AZAAN", "IQAMAH COUNTDOWN", "IQAMAH", "PRAY
{"ev": "shot", "name": "iqamah-short-t17", "shot": "tablet-landscape-azaan-Gallery__038__iqamah-short-t17.png", "labels": ["Maghrib · iqamah", "⁨Sydney, NSW⁩", "⁨4:23 AM⁩", "✓", "AZAAN", "✓", "IQAMAH COUNTDOWN", "IQAMAH"
{"ev": "shot", "name": "iqamah-short-t32", "shot": "tablet-landscape-azaan-Gallery__039__iqamah-short-t32.png", "labels": ["4:23", "AM", "المغرب", "in prayer · screen wakes in 10 min · tap to wake now"], "t": 1493.6}
{"ev": "shot", "name": "quiet-screen-t3", "shot": "tablet-landscape-azaan-Gallery__040__quiet-screen-t3.png", "labels": ["4:24", "AM", "المغرب", "in prayer · screen wakes in 10 min · tap to wake now"], "t": 1529.6}
{"ev": "crash-buffer", "bytes": 0, "head": "", "t": 1536.7}
{"ev": "gfx", "lines": ["Total frames rendered: 5", "Janky frames: 5 (100.00%)", "Janky frames (legacy): 5 (100.00%)", "50th percentile: 200ms", "90th percentile: 2000ms", "95th percentile: 2000ms", "99th percentile: 200
{"ev": "mem", "lines": ["  Native Heap    22174    22072        0        0    25292    30072    25239     1155", "        TOTAL    41844    31432     3284        0   159796    40672    30539     6455", "           Java H
