{"ev": "env", "density": 2.625, "size": "Physical size: 1080x2400", "rot": "", "t": 0.1}
{"ev": "cold-start-ms", "ms": 1334, "t": 1.9}
{"ev": "setup-screen", "step": 0, "shot": "phone-portrait-font13__setup0.png", "key": "3489743aa2", "labels": ["Location: ⁨⁩. Opens location settings", "Thursday 8 October 2026", "27 Rabīʿ al-Thānī 1448", "NEXT PRAYER. F
{"ev": "setup-tap", "label": "Begin", "t": 7.3}
{"ev": "setup-screen", "step": 1, "shot": "phone-portrait-font13__setup1.png", "key": "a2373fbb6e", "labels": ["Location: ⁨⁩. Opens location settings", "Thursday 8 October 2026", "27 Rabīʿ al-Thānī 1448", "NEXT PRAYER. F
{"ev": "detect-result", "shot": "phone-portrait-font13__setup1_after-detect-20s.png", "labels": ["Location: ⁨Current location⁩. Opens location settings", "Friday 9 October 2026", "28 Rabīʿ al-Thānī 1448", "NEXT PRAYER. D
{"ev": "setup-tap", "label": "Sydney, NSW (preset; detect did not complete)", "t": 37.4}
{"ev": "setup-screen", "step": 2, "shot": "phone-portrait-font13__setup2.png", "key": "b8d48d9b4b", "labels": ["Location: ⁨Sydney, NSW⁩. Opens location settings", "Friday 9 October 2026", "28 Rabīʿ al-Thānī 1448", "NEXT 
{"ev": "setup-tap", "label": "Next", "t": 39.7}
{"ev": "setup-screen", "step": 3, "shot": "phone-portrait-font13__setup3.png", "key": "22394803ef", "labels": ["Location: ⁨Sydney, NSW⁩. Opens location settings", "Friday 9 October 2026", "28 Rabīʿ al-Thānī 1448", "NEXT 
{"ev": "setup-stuck", "t": 44.8}
{"ev": "setup-screen", "step": 4, "shot": "phone-portrait-font13__setup4.png", "key": "bc5a6ccefd", "labels": ["Location: ⁨Sydney, NSW⁩. Opens location settings", "Friday 9 October 2026", "28 Rabīʿ al-Thānī 1448", "NEXT 
{"ev": "setup-tap", "label": "These look right", "t": 50.2}
{"ev": "setup-screen", "step": 5, "shot": "phone-portrait-font13__setup5.png", "key": "55cd492b15", "labels": ["Location: ⁨Sydney, NSW⁩. Opens location settings", "Friday 9 October 2026", "28 Rabīʿ al-Thānī 1448", "NEXT 
{"ev": "setup-stuck", "t": 55.3}
{"ev": "setup-screen", "step": 6, "shot": "phone-portrait-font13__setup6.png", "key": "5f3c5ebd6b", "labels": ["Location: ⁨Sydney, NSW⁩. Opens location settings", "Friday 9 October 2026", "28 Rabīʿ al-Thānī 1448", "NEXT 
{"ev": "setup-tap", "label": "Finish", "t": 60.5}
{"ev": "setup-screen", "step": 7, "shot": "phone-portrait-font13__setup7.png", "key": "3e87f31b0b", "labels": ["Location: ⁨Sydney, NSW⁩. Opens location settings", "Sydney, NSW", "Learn Salah", "Monthly timetable", "Setti
{"ev": "setup-stuck", "t": 65.6}
{"ev": "setup-done", "step": 8, "t": 70.4}
{"ev": "setup-result", "ok": true, "t": 70.4}
{"ev": "theme-set", "kw": "Miqaat", "t": 116.3}
{"ev": "home-fail", "tag": "phone-portrait-font13-Miqaat-en-f1.3", "t": 171.2}
{"ev": "screen", "depth": 0, "path": [], "key": "3e87f31b0b", "pos": 0, "shot": "phone-portrait-font13-Miqaat-en-f1.3__001__d0__p0.png", "labels": ["Location: ⁨Sydney, NSW⁩. Opens location settings", "Sydney, NSW", "Lear
{"ev": "screen", "depth": 0, "path": [], "key": "7a22037ed2", "pos": 1, "shot": "phone-portrait-font13-Miqaat-en-f1.3__002__d0__p1.png", "labels": ["NEXT PRAYER. Dhuhr, 12:44 PM, In 6 h 21 min", "Dhuhr", "الظهر", "12:44"
{"ev": "screen", "depth": 0, "path": [], "key": "5e44f1ebbf", "pos": 2, "shot": "phone-portrait-font13-Miqaat-en-f1.3__003__d0__p2.png", "labels": ["NEXT PRAYER. Dhuhr, 12:44 PM, In 6 h 21 min", "12:44", "PM", "In 6 h 21
{"ev": "no-change", "label": "Friday 9 October 2026", "shot": "phone-portrait-font13-Miqaat-en-f1.3__004__same__Friday_9_October_2026.png", "path": [], "t": 192.6}
{"ev": "screen", "depth": 1, "path": ["Qibla ⁨277° W⁩"], "key": "55b17f8022", "pos": 0, "shot": "phone-portrait-font13-Miqaat-en-f1.3__005__d1__p0.png", "labels": ["Back", "Qibla", "القبلة", "Turn left 95 degrees to face
{"ev": "screen", "depth": 1, "path": ["Morning adhkār"], "key": "7003770a1d", "pos": 0, "shot": "phone-portrait-font13-Miqaat-en-f1.3__006__d1__p0.png", "labels": ["Back", "Morning adhkār  ·  1 of 13", "ĀYAT AL-KURSĪ", "
{"ev": "screen", "depth": 1, "path": ["Jumuʿah · al-Kahf · ṣalawāt"], "key": "89b7de7874", "pos": 0, "shot": "phone-portrait-font13-Miqaat-en-f1.3__007__d1__p0.png", "labels": ["Back", "Jumuʿah", "يوم الجمعة  ·  9 Octobe
{"ev": "screen", "depth": 1, "path": ["Jumuʿah · al-Kahf · ṣalawāt"], "key": "bd16018205", "pos": 1, "shot": "phone-portrait-font13-Miqaat-en-f1.3__008__d1__p1.png", "labels": ["الصلاة على النبي ﷺ", "\"Increase your ṣala
{"ev": "screen", "depth": 1, "path": ["Jumuʿah · al-Kahf · ṣalawāt"], "key": "081c3b303d", "pos": 2, "shot": "phone-portrait-font13-Miqaat-en-f1.3__009__d1__p2.png", "labels": ["0", "اللَّهُمَّ صَلِّ وَسَلِّمْ عَلَى نَبِ
{"ev": "screen", "depth": 1, "path": ["Why this time?"], "key": "7321b65a25", "pos": 0, "shot": "phone-portrait-font13-Miqaat-en-f1.3__010__d1__p0.png", "labels": ["Why 4:57? · Fajr الفجر", "CALCULATED FROM", "Source", "
{"ev": "back-mismatch", "label": "Why this time?", "path": [], "t": 271.4}
{"ev": "replay-fail", "path": [], "t": 303.7}
{"ev": "theme-done", "tag": "phone-portrait-font13-Miqaat-en-f1.3", "actions": 5, "screens": 10, "t": 303.7}
{"ev": "home-fail", "tag": "phone-portrait-font13-Kiswah-en-f1.3", "t": 387.5}
{"ev": "screen", "depth": 0, "path": [], "key": "3e87f31b0b", "pos": 0, "shot": "phone-portrait-font13-Kiswah-en-f1.3__011__d0__p0.png", "labels": ["Location: ⁨Sydney, NSW⁩. Opens location settings", "Sydney, NSW", "Lear
{"ev": "screen", "depth": 0, "path": [], "key": "075aca822b", "pos": 1, "shot": "phone-portrait-font13-Kiswah-en-f1.3__012__d0__p1.png", "labels": ["NEXT PRAYER. Dhuhr, 12:44 PM, In 6 h 17 min", "NEXT PRAYER", "Dhuhr", "
{"ev": "screen", "depth": 0, "path": [], "key": "11ec4c04be", "pos": 2, "shot": "phone-portrait-font13-Kiswah-en-f1.3__013__d0__p2.png", "labels": ["NEXT PRAYER. Dhuhr, 12:44 PM, In 6 h 17 min", "12:44", "PM", "In 6 h 17
{"ev": "no-change", "label": "Friday 9 October 2026", "shot": "phone-portrait-font13-Kiswah-en-f1.3__014__same__Friday_9_October_2026.png", "path": [], "t": 408.7}
{"ev": "screen", "depth": 1, "path": ["Qibla ⁨277° W⁩"], "key": "55b17f8022", "pos": 0, "shot": "phone-portrait-font13-Kiswah-en-f1.3__015__d1__p0.png", "labels": ["Back", "Qibla", "القبلة", "Turn left 95 degrees to face
{"ev": "screen", "depth": 1, "path": ["Morning adhkār"], "key": "7003770a1d", "pos": 0, "shot": "phone-portrait-font13-Kiswah-en-f1.3__016__d1__p0.png", "labels": ["Back", "Morning adhkār  ·  1 of 13", "ĀYAT AL-KURSĪ", "
{"ev": "screen", "depth": 1, "path": ["Jumuʿah · al-Kahf · ṣalawāt"], "key": "89b7de7874", "pos": 0, "shot": "phone-portrait-font13-Kiswah-en-f1.3__017__d1__p0.png", "labels": ["Back", "Jumuʿah", "يوم الجمعة  ·  9 Octobe
{"ev": "screen", "depth": 1, "path": ["Jumuʿah · al-Kahf · ṣalawāt"], "key": "2634c96596", "pos": 1, "shot": "phone-portrait-font13-Kiswah-en-f1.3__018__d1__p1.png", "labels": ["ṢALAWĀT", "الصلاة على النبي ﷺ", "\"Increas
{"ev": "screen", "depth": 1, "path": ["Jumuʿah · al-Kahf · ṣalawāt"], "key": "081c3b303d", "pos": 2, "shot": "phone-portrait-font13-Kiswah-en-f1.3__019__d1__p2.png", "labels": ["0", "اللَّهُمَّ صَلِّ وَسَلِّمْ عَلَى نَبِ
{"ev": "screen", "depth": 1, "path": ["Why this time?"], "key": "7321b65a25", "pos": 0, "shot": "phone-portrait-font13-Kiswah-en-f1.3__020__d1__p0.png", "labels": ["Why 4:57? · Fajr الفجر", "CALCULATED FROM", "Source", "
{"ev": "back-mismatch", "label": "Why this time?", "path": [], "t": 489.7}
{"ev": "replay-fail", "path": [], "t": 522.0}
{"ev": "theme-done", "tag": "phone-portrait-font13-Kiswah-en-f1.3", "actions": 5, "screens": 20, "t": 522.0}
{"ev": "home-fail", "tag": "phone-portrait-font13-Celestial-en-f1.3", "t": 606.1}
{"ev": "screen", "depth": 0, "path": [], "key": "3e87f31b0b", "pos": 0, "shot": "phone-portrait-font13-Celestial-en-f1.3__021__d0__p0.png", "labels": ["Location: ⁨Sydney, NSW⁩. Opens location settings", "Sydney, NSW", "L
{"ev": "screen", "depth": 0, "path": [], "key": "2caaacc957", "pos": 1, "shot": "phone-portrait-font13-Celestial-en-f1.3__022__d0__p1.png", "labels": ["NEXT PRAYER. Dhuhr, 12:44 PM, In 6 h 13 min", "Dhuhr", "الظهر", "12:
{"ev": "screen", "depth": 0, "path": [], "key": "11ec4c04be", "pos": 2, "shot": "phone-portrait-font13-Celestial-en-f1.3__023__d0__p2.png", "labels": ["NEXT PRAYER. Dhuhr, 12:44 PM, In 6 h 13 min", "12:44", "PM", "In 6 h
{"ev": "no-change", "label": "Friday 9 October 2026", "shot": "phone-portrait-font13-Celestial-en-f1.3__024__same__Friday_9_October_2026.png", "path": [], "t": 627.2}
{"ev": "screen", "depth": 1, "path": ["Qibla ⁨277° W⁩"], "key": "55b17f8022", "pos": 0, "shot": "phone-portrait-font13-Celestial-en-f1.3__025__d1__p0.png", "labels": ["Back", "Qibla", "القبلة", "Turn left 95 degrees to f
{"ev": "screen", "depth": 1, "path": ["Morning adhkār"], "key": "7003770a1d", "pos": 0, "shot": "phone-portrait-font13-Celestial-en-f1.3__026__d1__p0.png", "labels": ["Back", "Morning adhkār  ·  1 of 13", "ĀYAT AL-KURSĪ"
{"ev": "screen", "depth": 1, "path": ["Jumuʿah · al-Kahf · ṣalawāt"], "key": "89b7de7874", "pos": 0, "shot": "phone-portrait-font13-Celestial-en-f1.3__027__d1__p0.png", "labels": ["Back", "Jumuʿah", "يوم الجمعة  ·  9 Oct
{"ev": "screen", "depth": 1, "path": ["Jumuʿah · al-Kahf · ṣalawāt"], "key": "d99986ca53", "pos": 1, "shot": "phone-portrait-font13-Celestial-en-f1.3__028__d1__p1.png", "labels": ["الصلاة على النبي ﷺ", "\"Increase your ṣ
{"ev": "screen", "depth": 1, "path": ["Jumuʿah · al-Kahf · ṣalawāt"], "key": "081c3b303d", "pos": 2, "shot": "phone-portrait-font13-Celestial-en-f1.3__029__d1__p2.png", "labels": ["0", "اللَّهُمَّ صَلِّ وَسَلِّمْ عَلَى ن
{"ev": "screen", "depth": 1, "path": ["Why this time?"], "key": "7321b65a25", "pos": 0, "shot": "phone-portrait-font13-Celestial-en-f1.3__030__d1__p0.png", "labels": ["Why 4:57? · Fajr الفجر", "CALCULATED FROM", "Source"
{"ev": "back-mismatch", "label": "Why this time?", "path": [], "t": 703.6}
{"ev": "replay-fail", "path": [], "t": 735.5}
{"ev": "theme-done", "tag": "phone-portrait-font13-Celestial-en-f1.3", "actions": 5, "screens": 30, "t": 735.5}
{"ev": "home-fail", "tag": "phone-portrait-font13-Gallery-en-f1.3", "t": 818.9}
{"ev": "screen", "depth": 0, "path": [], "key": "3e87f31b0b", "pos": 0, "shot": "phone-portrait-font13-Gallery-en-f1.3__031__d0__p0.png", "labels": ["Location: ⁨Sydney, NSW⁩. Opens location settings", "Sydney, NSW", "Lea
{"ev": "screen", "depth": 0, "path": [], "key": "075aca822b", "pos": 1, "shot": "phone-portrait-font13-Gallery-en-f1.3__032__d0__p1.png", "labels": ["NEXT PRAYER. Dhuhr, 12:44 PM, In 6 h 10 min", "NEXT PRAYER", "Dhuhr", 
{"ev": "screen", "depth": 0, "path": [], "key": "11ec4c04be", "pos": 2, "shot": "phone-portrait-font13-Gallery-en-f1.3__033__d0__p2.png", "labels": ["NEXT PRAYER. Dhuhr, 12:44 PM, In 6 h 10 min", "12:44", "PM", "In 6 h 1
{"ev": "no-change", "label": "Friday 9 October 2026", "shot": "phone-portrait-font13-Gallery-en-f1.3__034__same__Friday_9_October_2026.png", "path": [], "t": 839.8}
{"ev": "screen", "depth": 1, "path": ["Qibla ⁨277° W⁩"], "key": "55b17f8022", "pos": 0, "shot": "phone-portrait-font13-Gallery-en-f1.3__035__d1__p0.png", "labels": ["Back", "Qibla", "القبلة", "Turn left 95 degrees to fac
{"ev": "screen", "depth": 1, "path": ["Morning adhkār"], "key": "7003770a1d", "pos": 0, "shot": "phone-portrait-font13-Gallery-en-f1.3__036__d1__p0.png", "labels": ["Back", "Morning adhkār  ·  1 of 13", "ĀYAT AL-KURSĪ", 
{"ev": "screen", "depth": 1, "path": ["Jumuʿah · al-Kahf · ṣalawāt"], "key": "89b7de7874", "pos": 0, "shot": "phone-portrait-font13-Gallery-en-f1.3__037__d1__p0.png", "labels": ["Back", "Jumuʿah", "يوم الجمعة  ·  9 Octob
{"ev": "screen", "depth": 1, "path": ["Jumuʿah · al-Kahf · ṣalawāt"], "key": "2634c96596", "pos": 1, "shot": "phone-portrait-font13-Gallery-en-f1.3__038__d1__p1.png", "labels": ["ṢALAWĀT", "الصلاة على النبي ﷺ", "\"Increa
{"ev": "screen", "depth": 1, "path": ["Jumuʿah · al-Kahf · ṣalawāt"], "key": "081c3b303d", "pos": 2, "shot": "phone-portrait-font13-Gallery-en-f1.3__039__d1__p2.png", "labels": ["0", "اللَّهُمَّ صَلِّ وَسَلِّمْ عَلَى نَب
{"ev": "screen", "depth": 1, "path": ["Why this time?"], "key": "7321b65a25", "pos": 0, "shot": "phone-portrait-font13-Gallery-en-f1.3__040__d1__p0.png", "labels": ["Why 4:57? · Fajr الفجر", "CALCULATED FROM", "Source", 
{"ev": "back-mismatch", "label": "Why this time?", "path": [], "t": 918.8}
{"ev": "replay-fail", "path": [], "t": 951.0}
{"ev": "theme-done", "tag": "phone-portrait-font13-Gallery-en-f1.3", "actions": 5, "screens": 40, "t": 951.0}
{"ev": "crash-buffer", "bytes": 0, "head": "", "t": 978.7}
{"ev": "gfx", "lines": ["Total frames rendered: 24", "Janky frames: 23 (95.83%)", "Janky frames (legacy): 24 (100.00%)", "50th percentile: 81ms", "90th percentile: 750ms", "95th percentile: 750ms", "99th percentile: 900m
{"ev": "mem", "lines": ["  Native Heap    18037    17948        0        0    21160    25184    19266     1908", "        TOTAL    39024    28104     3240        0   158396    36630    24989     7631", "           Java H
