{"ev": "env", "density": 2.0, "size": "Physical size: 2560x1600", "rot": "", "t": 0.2}
{"ev": "cold-start-ms", "ms": 2577, "t": 3.0}
{"ev": "setup-screen", "step": 0, "shot": "tablet-landscape-lessons__setup0.png", "key": "ef95ecc7e1", "labels": ["Location: ⁨⁩. Opens location settings", "Monday 5 October 2026  ·  5:12 PM", "·", "⁨٢٤ ربيع الآخر ١٤٤٨⁩",
{"ev": "setup-tap", "label": "Begin", "t": 8.5}
{"ev": "setup-screen", "step": 1, "shot": "tablet-landscape-lessons__setup1.png", "key": "c2b3ef2f72", "labels": ["Location: ⁨⁩. Opens location settings", "Monday 5 October 2026  ·  5:12 PM", "·", "⁨٢٤ ربيع الآخر ١٤٤٨⁩",
{"ev": "detect-result", "shot": "tablet-landscape-lessons__setup1_after-detect-20s.png", "labels": ["Location: ⁨⁩. Opens location settings", "Monday 5 October 2026  ·  5:13 PM", "·", "⁨٢٤ ربيع الآخر ١٤٤٨⁩", "Learn Salah"
{"ev": "setup-tap", "label": "Sydney, NSW (preset; detect did not complete)", "t": 38.8}
{"ev": "setup-screen", "step": 2, "shot": "tablet-landscape-lessons__setup2.png", "key": "c7724d86d3", "labels": ["Location: ⁨Sydney, NSW⁩. Opens location settings", "Sydney, NSW", "Tuesday 6 October 2026  ·  4:13 AM", "
{"ev": "setup-tap", "label": "Next", "t": 41.9}
{"ev": "setup-screen", "step": 3, "shot": "tablet-landscape-lessons__setup3.png", "key": "073fc97aad", "labels": ["Location: ⁨Sydney, NSW⁩. Opens location settings", "Sydney, NSW", "Tuesday 6 October 2026  ·  4:13 AM", "
{"ev": "setup-tap", "label": "These look right", "t": 47.1}
{"ev": "setup-screen", "step": 4, "shot": "tablet-landscape-lessons__setup4.png", "key": "c785955f75", "labels": ["Location: ⁨Sydney, NSW⁩. Opens location settings", "Sydney, NSW", "Tuesday 6 October 2026  ·  4:13 AM", "
{"ev": "setup-tap", "label": "Finish", "t": 52.3}
{"ev": "setup-done", "step": 5, "t": 57.2}
{"ev": "setup-result", "ok": true, "t": 57.2}
{"ev": "theme-set", "kw": "Miqaat", "t": 69.4}
{"ev": "shot", "name": "learn-overview", "shot": "tablet-landscape-lessons-Miqaat-en__001__learn-overview.png", "labels": ["Back", "Learn Salah", "الصَّلَاة", "One common form of the prayer, one action at a time, with th
{"ev": "shot", "name": "lesson-Fajr-step01", "shot": "tablet-landscape-lessons-Miqaat-en__002__lesson-Fajr-step01.png", "labels": ["Back", "Fajr", "Step 1 of 21", "Fajr · rakʿah 1 of 2 · step 1 of 10 · Standing · start",
{"ev": "shot", "name": "lesson-Fajr-step01-scrolled", "shot": "tablet-landscape-lessons-Miqaat-en__003__lesson-Fajr-step01-scrolled.png", "labels": ["Back", "Fajr", "Step 1 of 21", "Fajr · rakʿah 1 of 2 · step 1 of 10 · 
{"ev": "shot", "name": "lesson-Fajr-step02", "shot": "tablet-landscape-lessons-Miqaat-en__004__lesson-Fajr-step02.png", "labels": ["Back", "Fajr", "Step 2 of 21", "Fajr · rakʿah 1 of 2 · step 2 of 10 · Standing · opening
{"ev": "shot", "name": "lesson-Fajr-step03", "shot": "tablet-landscape-lessons-Miqaat-en__005__lesson-Fajr-step03.png", "labels": ["Back", "Fajr", "Step 3 of 21", "Fajr · rakʿah 1 of 2 · step 3 of 10 · Standing · seek re
{"ev": "shot", "name": "lesson-Fajr-step04", "shot": "tablet-landscape-lessons-Miqaat-en__006__lesson-Fajr-step04.png", "labels": ["Back", "Fajr", "Step 4 of 21", "Fajr · rakʿah 1 of 2 · step 4 of 10 · Standing · al-Fāti
{"ev": "shot", "name": "lesson-Fajr-step05", "shot": "tablet-landscape-lessons-Miqaat-en__007__lesson-Fajr-step05.png", "labels": ["Back", "Fajr", "Step 5 of 21", "Fajr · rakʿah 1 of 2 · step 5 of 10 · Standing · a sūrah
{"ev": "shot", "name": "lesson-Fajr-step06", "shot": "tablet-landscape-lessons-Miqaat-en__008__lesson-Fajr-step06.png", "labels": ["Back", "Fajr", "Step 6 of 21", "Fajr · rakʿah 1 of 2 · step 6 of 10 · Bowing · rukūʿ", "
{"ev": "shot", "name": "lesson-Fajr-step07", "shot": "tablet-landscape-lessons-Miqaat-en__009__lesson-Fajr-step07.png", "labels": ["Back", "Fajr", "Step 7 of 21", "Fajr · rakʿah 1 of 2 · step 7 of 10 · Rising from rukūʿ"
{"ev": "shot", "name": "lesson-Fajr-step07-scrolled", "shot": "tablet-landscape-lessons-Miqaat-en__010__lesson-Fajr-step07-scrolled.png", "labels": ["Back", "Fajr", "Step 7 of 21", "Fajr · rakʿah 1 of 2 · step 7 of 10 · 
{"ev": "shot", "name": "lesson-Fajr-step08", "shot": "tablet-landscape-lessons-Miqaat-en__011__lesson-Fajr-step08.png", "labels": ["Back", "Fajr", "Step 8 of 21", "Fajr · rakʿah 1 of 2 · step 8 of 10 · Prostration · sujū
{"ev": "shot", "name": "lesson-Fajr-step09", "shot": "tablet-landscape-lessons-Miqaat-en__012__lesson-Fajr-step09.png", "labels": ["Back", "Fajr", "Step 9 of 21", "Fajr · rakʿah 1 of 2 · step 9 of 10 · Sitting between th
{"ev": "shot", "name": "lesson-Fajr-step10", "shot": "tablet-landscape-lessons-Miqaat-en__013__lesson-Fajr-step10.png", "labels": ["Back", "Fajr", "Step 10 of 21", "Fajr · rakʿah 1 of 2 · step 10 of 10 · Second prostrati
{"ev": "shot", "name": "lesson-Fajr-step11", "shot": "tablet-landscape-lessons-Miqaat-en__014__lesson-Fajr-step11.png", "labels": ["Back", "Fajr", "Step 11 of 21", "Fajr · rakʿah 2 of 2 · step 1 of 11 · Standing · rakʿah
{"ev": "shot", "name": "lesson-Fajr-step12", "shot": "tablet-landscape-lessons-Miqaat-en__015__lesson-Fajr-step12.png", "labels": ["Back", "Fajr", "Step 12 of 21", "Fajr · rakʿah 2 of 2 · step 2 of 11 · Standing · al-Fāt
{"ev": "shot", "name": "lesson-Fajr-step13", "shot": "tablet-landscape-lessons-Miqaat-en__016__lesson-Fajr-step13.png", "labels": ["Back", "Fajr", "Step 13 of 21", "Fajr · rakʿah 2 of 2 · step 3 of 11 · Standing · a sūra
{"ev": "shot", "name": "lesson-Fajr-step13-scrolled", "shot": "tablet-landscape-lessons-Miqaat-en__017__lesson-Fajr-step13-scrolled.png", "labels": ["Back", "Fajr", "Step 13 of 21", "Fajr · rakʿah 2 of 2 · step 3 of 11 ·
{"ev": "shot", "name": "lesson-Fajr-step14", "shot": "tablet-landscape-lessons-Miqaat-en__018__lesson-Fajr-step14.png", "labels": ["Back", "Fajr", "Step 14 of 21", "Fajr · rakʿah 2 of 2 · step 4 of 11 · Bowing · rukūʿ", 
{"ev": "shot", "name": "lesson-Fajr-step15", "shot": "tablet-landscape-lessons-Miqaat-en__019__lesson-Fajr-step15.png", "labels": ["Back", "Fajr", "Step 15 of 21", "Fajr · rakʿah 2 of 2 · step 5 of 11 · Rising from rukūʿ
{"ev": "shot", "name": "lesson-Fajr-step16", "shot": "tablet-landscape-lessons-Miqaat-en__020__lesson-Fajr-step16.png", "labels": ["Back", "Fajr", "Step 16 of 21", "Fajr · rakʿah 2 of 2 · step 6 of 11 · Prostration · suj
{"ev": "shot", "name": "lesson-Fajr-step17", "shot": "tablet-landscape-lessons-Miqaat-en__021__lesson-Fajr-step17.png", "labels": ["Back", "Fajr", "Step 17 of 21", "Fajr · rakʿah 2 of 2 · step 7 of 11 · Sitting between t
{"ev": "shot", "name": "lesson-Fajr-step18", "shot": "tablet-landscape-lessons-Miqaat-en__022__lesson-Fajr-step18.png", "labels": ["Back", "Fajr", "Step 18 of 21", "Fajr · rakʿah 2 of 2 · step 8 of 11 · Second prostratio
{"ev": "shot", "name": "lesson-Fajr-step19", "shot": "tablet-landscape-lessons-Miqaat-en__023__lesson-Fajr-step19.png", "labels": ["Back", "Fajr", "Step 19 of 21", "Fajr · rakʿah 2 of 2 · step 9 of 11 · Sitting · tashahh
{"ev": "shot", "name": "lesson-Fajr-step19-scrolled", "shot": "tablet-landscape-lessons-Miqaat-en__024__lesson-Fajr-step19-scrolled.png", "labels": ["Back", "Fajr", "Step 19 of 21", "Fajr · rakʿah 2 of 2 · step 9 of 11 ·
{"ev": "shot", "name": "lesson-Fajr-step20", "shot": "tablet-landscape-lessons-Miqaat-en__025__lesson-Fajr-step20.png", "labels": ["Back", "Fajr", "Step 20 of 21", "Fajr · rakʿah 2 of 2 · step 10 of 11 · Sitting · ṣalāh 
{"ev": "shot", "name": "lesson-Fajr-step21", "shot": "tablet-landscape-lessons-Miqaat-en__026__lesson-Fajr-step21.png", "labels": ["Back", "Fajr", "Step 21 of 21", "Fajr · rakʿah 2 of 2 · step 11 of 11 · Finishing · salā
{"ev": "shot", "name": "lesson-Fajr-step22", "shot": "tablet-landscape-lessons-Miqaat-en__027__lesson-Fajr-step22.png", "labels": ["Back", "Learn Salah", "الصَّلَاة", "One common form of the prayer, one action at a time,
{"ev": "lesson-end", "prefix": "lesson-Fajr", "steps": 22, "last": ["›", "Practise", "The words", "The twelve texts of the prayer on their own, with replay and slow speed", "›", "The movements", "Eight positions, what ea
{"ev": "shot", "name": "learn-overview", "shot": "tablet-landscape-lessons-Miqaat-en__028__learn-overview.png", "labels": ["Back", "Learn Salah", "الصَّلَاة", "One common form of the prayer, one action at a time, with th
{"ev": "shot", "name": "lesson-Maghrib-step01", "shot": "tablet-landscape-lessons-Miqaat-en__029__lesson-Maghrib-step01.png", "labels": ["Back", "Maghrib", "Step 1 of 29", "Maghrib · rakʿah 1 of 3 · step 1 of 10 · Standi
{"ev": "shot", "name": "lesson-Maghrib-step01-scrolled", "shot": "tablet-landscape-lessons-Miqaat-en__030__lesson-Maghrib-step01-scrolled.png", "labels": ["Back", "Maghrib", "Step 1 of 29", "Maghrib · rakʿah 1 of 3 · ste
{"ev": "shot", "name": "lesson-Maghrib-step02", "shot": "tablet-landscape-lessons-Miqaat-en__031__lesson-Maghrib-step02.png", "labels": ["Back", "Maghrib", "Step 2 of 29", "Maghrib · rakʿah 1 of 3 · step 2 of 10 · Standi
{"ev": "shot", "name": "lesson-Maghrib-step03", "shot": "tablet-landscape-lessons-Miqaat-en__032__lesson-Maghrib-step03.png", "labels": ["Back", "Maghrib", "Step 3 of 29", "Maghrib · rakʿah 1 of 3 · step 3 of 10 · Standi
{"ev": "shot", "name": "lesson-Maghrib-step04", "shot": "tablet-landscape-lessons-Miqaat-en__033__lesson-Maghrib-step04.png", "labels": ["Back", "Maghrib", "Step 4 of 29", "Maghrib · rakʿah 1 of 3 · step 4 of 10 · Standi
{"ev": "shot", "name": "lesson-Maghrib-step05", "shot": "tablet-landscape-lessons-Miqaat-en__034__lesson-Maghrib-step05.png", "labels": ["Back", "Maghrib", "Step 5 of 29", "Maghrib · rakʿah 1 of 3 · step 5 of 10 · Standi
{"ev": "shot", "name": "lesson-Maghrib-step06", "shot": "tablet-landscape-lessons-Miqaat-en__035__lesson-Maghrib-step06.png", "labels": ["Back", "Maghrib", "Step 6 of 29", "Maghrib · rakʿah 1 of 3 · step 6 of 10 · Bowing
{"ev": "shot", "name": "lesson-Maghrib-step07", "shot": "tablet-landscape-lessons-Miqaat-en__036__lesson-Maghrib-step07.png", "labels": ["Back", "Maghrib", "Step 7 of 29", "Maghrib · rakʿah 1 of 3 · step 7 of 10 · Rising
{"ev": "shot", "name": "lesson-Maghrib-step07-scrolled", "shot": "tablet-landscape-lessons-Miqaat-en__037__lesson-Maghrib-step07-scrolled.png", "labels": ["Back", "Maghrib", "Step 7 of 29", "Maghrib · rakʿah 1 of 3 · ste
{"ev": "shot", "name": "lesson-Maghrib-step08", "shot": "tablet-landscape-lessons-Miqaat-en__038__lesson-Maghrib-step08.png", "labels": ["Back", "Maghrib", "Step 8 of 29", "Maghrib · rakʿah 1 of 3 · step 8 of 10 · Prostr
{"ev": "shot", "name": "lesson-Maghrib-step09", "shot": "tablet-landscape-lessons-Miqaat-en__039__lesson-Maghrib-step09.png", "labels": ["Back", "Maghrib", "Step 9 of 29", "Maghrib · rakʿah 1 of 3 · step 9 of 10 · Sittin
{"ev": "shot", "name": "lesson-Maghrib-step10", "shot": "tablet-landscape-lessons-Miqaat-en__040__lesson-Maghrib-step10.png", "labels": ["Back", "Maghrib", "Step 10 of 29", "Maghrib · rakʿah 1 of 3 · step 10 of 10 · Seco
{"ev": "shot", "name": "lesson-Maghrib-step11", "shot": "tablet-landscape-lessons-Miqaat-en__041__lesson-Maghrib-step11.png", "labels": ["Back", "Maghrib", "Step 11 of 29", "Maghrib · rakʿah 2 of 3 · step 1 of 9 · Standi
{"ev": "shot", "name": "lesson-Maghrib-step12", "shot": "tablet-landscape-lessons-Miqaat-en__042__lesson-Maghrib-step12.png", "labels": ["Back", "Maghrib", "Step 12 of 29", "Maghrib · rakʿah 2 of 3 · step 2 of 9 · Standi
{"ev": "shot", "name": "lesson-Maghrib-step13", "shot": "tablet-landscape-lessons-Miqaat-en__043__lesson-Maghrib-step13.png", "labels": ["Back", "Maghrib", "Step 13 of 29", "Maghrib · rakʿah 2 of 3 · step 3 of 9 · Standi
{"ev": "shot", "name": "lesson-Maghrib-step13-scrolled", "shot": "tablet-landscape-lessons-Miqaat-en__044__lesson-Maghrib-step13-scrolled.png", "labels": ["Back", "Maghrib", "Step 13 of 29", "Maghrib · rakʿah 2 of 3 · st
{"ev": "shot", "name": "lesson-Maghrib-step14", "shot": "tablet-landscape-lessons-Miqaat-en__045__lesson-Maghrib-step14.png", "labels": ["Back", "Maghrib", "Step 14 of 29", "Maghrib · rakʿah 2 of 3 · step 4 of 9 · Bowing
{"ev": "shot", "name": "lesson-Maghrib-step15", "shot": "tablet-landscape-lessons-Miqaat-en__046__lesson-Maghrib-step15.png", "labels": ["Back", "Maghrib", "Step 15 of 29", "Maghrib · rakʿah 2 of 3 · step 5 of 9 · Rising
{"ev": "shot", "name": "lesson-Maghrib-step16", "shot": "tablet-landscape-lessons-Miqaat-en__047__lesson-Maghrib-step16.png", "labels": ["Back", "Maghrib", "Step 16 of 29", "Maghrib · rakʿah 2 of 3 · step 6 of 9 · Prostr
{"ev": "shot", "name": "lesson-Maghrib-step17", "shot": "tablet-landscape-lessons-Miqaat-en__048__lesson-Maghrib-step17.png", "labels": ["Back", "Maghrib", "Step 17 of 29", "Maghrib · rakʿah 2 of 3 · step 7 of 9 · Sittin
{"ev": "shot", "name": "lesson-Maghrib-step18", "shot": "tablet-landscape-lessons-Miqaat-en__049__lesson-Maghrib-step18.png", "labels": ["Back", "Maghrib", "Step 18 of 29", "Maghrib · rakʿah 2 of 3 · step 8 of 9 · Second
{"ev": "shot", "name": "lesson-Maghrib-step19", "shot": "tablet-landscape-lessons-Miqaat-en__050__lesson-Maghrib-step19.png", "labels": ["Back", "Maghrib", "Step 19 of 29", "Maghrib · rakʿah 2 of 3 · step 9 of 9 · Sittin
{"ev": "shot", "name": "lesson-Maghrib-step19-scrolled", "shot": "tablet-landscape-lessons-Miqaat-en__051__lesson-Maghrib-step19-scrolled.png", "labels": ["Back", "Maghrib", "Step 19 of 29", "Maghrib · rakʿah 2 of 3 · st
{"ev": "shot", "name": "lesson-Maghrib-step20", "shot": "tablet-landscape-lessons-Miqaat-en__052__lesson-Maghrib-step20.png", "labels": ["Back", "Maghrib", "Step 20 of 29", "Maghrib · rakʿah 3 of 3 · step 1 of 10 · Stand
{"ev": "shot", "name": "lesson-Maghrib-step21", "shot": "tablet-landscape-lessons-Miqaat-en__053__lesson-Maghrib-step21.png", "labels": ["Back", "Maghrib", "Step 21 of 29", "Maghrib · rakʿah 3 of 3 · step 2 of 10 · Stand
{"ev": "shot", "name": "lesson-Maghrib-step22", "shot": "tablet-landscape-lessons-Miqaat-en__054__lesson-Maghrib-step22.png", "labels": ["Back", "Maghrib", "Step 22 of 29", "Maghrib · rakʿah 3 of 3 · step 3 of 10 · Bowin
{"ev": "shot", "name": "lesson-Maghrib-step23", "shot": "tablet-landscape-lessons-Miqaat-en__055__lesson-Maghrib-step23.png", "labels": ["Back", "Maghrib", "Step 23 of 29", "Maghrib · rakʿah 3 of 3 · step 4 of 10 · Risin
{"ev": "shot", "name": "lesson-Maghrib-step24", "shot": "tablet-landscape-lessons-Miqaat-en__056__lesson-Maghrib-step24.png", "labels": ["Back", "Maghrib", "Step 24 of 29", "Maghrib · rakʿah 3 of 3 · step 5 of 10 · Prost
{"ev": "shot", "name": "lesson-Maghrib-step25", "shot": "tablet-landscape-lessons-Miqaat-en__057__lesson-Maghrib-step25.png", "labels": ["Back", "Maghrib", "Step 25 of 29", "Maghrib · rakʿah 3 of 3 · step 6 of 10 · Sitti
{"ev": "shot", "name": "lesson-Maghrib-step25-scrolled", "shot": "tablet-landscape-lessons-Miqaat-en__058__lesson-Maghrib-step25-scrolled.png", "labels": ["Back", "Maghrib", "Step 25 of 29", "Maghrib · rakʿah 3 of 3 · st
{"ev": "shot", "name": "lesson-Maghrib-step26", "shot": "tablet-landscape-lessons-Miqaat-en__059__lesson-Maghrib-step26.png", "labels": ["Back", "Maghrib", "Step 26 of 29", "Maghrib · rakʿah 3 of 3 · step 7 of 10 · Secon
{"ev": "shot", "name": "lesson-Maghrib-step27", "shot": "tablet-landscape-lessons-Miqaat-en__060__lesson-Maghrib-step27.png", "labels": ["Back", "Maghrib", "Step 27 of 29", "Maghrib · rakʿah 3 of 3 · step 8 of 10 · Sitti
{"ev": "shot", "name": "lesson-Maghrib-step28", "shot": "tablet-landscape-lessons-Miqaat-en__061__lesson-Maghrib-step28.png", "labels": ["Back", "Maghrib", "Step 28 of 29", "Maghrib · rakʿah 3 of 3 · step 9 of 10 · Sitti
{"ev": "shot", "name": "lesson-Maghrib-step29", "shot": "tablet-landscape-lessons-Miqaat-en__062__lesson-Maghrib-step29.png", "labels": ["Back", "Maghrib", "Step 29 of 29", "Maghrib · rakʿah 3 of 3 · step 10 of 10 · Fini
{"ev": "shot", "name": "lesson-Maghrib-step30", "shot": "tablet-landscape-lessons-Miqaat-en__063__lesson-Maghrib-step30.png", "labels": ["Back", "Learn Salah", "الصَّلَاة", "One common form of the prayer, one action at a
{"ev": "lesson-end", "prefix": "lesson-Maghrib", "steps": 30, "last": ["›", "Practise", "The words", "The twelve texts of the prayer on their own, with replay and slow speed", "›", "The movements", "Eight positions, what
{"ev": "shot", "name": "learn-overview", "shot": "tablet-landscape-lessons-Miqaat-en__064__learn-overview.png", "labels": ["Back", "Learn Salah", "الصَّلَاة", "One common form of the prayer, one action at a time, with th
{"ev": "shot", "name": "lesson-DhuhrAsrIs-step01", "shot": "tablet-landscape-lessons-Miqaat-en__065__lesson-DhuhrAsrIs-step01.png", "labels": ["Back", "Dhuhr · ʿAsr · Isha", "Step 1 of 36", "Dhuhr · ʿAsr · Isha · rakʿah 
{"ev": "shot", "name": "lesson-DhuhrAsrIs-step01-scrolled", "shot": "tablet-landscape-lessons-Miqaat-en__066__lesson-DhuhrAsrIs-step01-scrolled.png", "labels": ["Back", "Dhuhr · ʿAsr · Isha", "Step 1 of 36", "Dhuhr · ʿAs
{"ev": "shot", "name": "lesson-DhuhrAsrIs-step02", "shot": "tablet-landscape-lessons-Miqaat-en__067__lesson-DhuhrAsrIs-step02.png", "labels": ["Back", "Dhuhr · ʿAsr · Isha", "Step 2 of 36", "Dhuhr · ʿAsr · Isha · rakʿah 
{"ev": "shot", "name": "lesson-DhuhrAsrIs-step03", "shot": "tablet-landscape-lessons-Miqaat-en__068__lesson-DhuhrAsrIs-step03.png", "labels": ["Back", "Dhuhr · ʿAsr · Isha", "Step 3 of 36", "Dhuhr · ʿAsr · Isha · rakʿah 
{"ev": "shot", "name": "lesson-DhuhrAsrIs-step04", "shot": "tablet-landscape-lessons-Miqaat-en__069__lesson-DhuhrAsrIs-step04.png", "labels": ["Back", "Dhuhr · ʿAsr · Isha", "Step 4 of 36", "Dhuhr · ʿAsr · Isha · rakʿah 
{"ev": "shot", "name": "lesson-DhuhrAsrIs-step05", "shot": "tablet-landscape-lessons-Miqaat-en__070__lesson-DhuhrAsrIs-step05.png", "labels": ["Back", "Dhuhr · ʿAsr · Isha", "Step 5 of 36", "Dhuhr · ʿAsr · Isha · rakʿah 
{"ev": "shot", "name": "lesson-DhuhrAsrIs-step06", "shot": "tablet-landscape-lessons-Miqaat-en__071__lesson-DhuhrAsrIs-step06.png", "labels": ["Back", "Dhuhr · ʿAsr · Isha", "Step 6 of 36", "Dhuhr · ʿAsr · Isha · rakʿah 
{"ev": "shot", "name": "lesson-DhuhrAsrIs-step07", "shot": "tablet-landscape-lessons-Miqaat-en__072__lesson-DhuhrAsrIs-step07.png", "labels": ["Back", "Dhuhr · ʿAsr · Isha", "Step 7 of 36", "Dhuhr · ʿAsr · Isha · rakʿah 
{"ev": "shot", "name": "lesson-DhuhrAsrIs-step07-scrolled", "shot": "tablet-landscape-lessons-Miqaat-en__073__lesson-DhuhrAsrIs-step07-scrolled.png", "labels": ["Back", "Dhuhr · ʿAsr · Isha", "Step 7 of 36", "Dhuhr · ʿAs
{"ev": "shot", "name": "lesson-DhuhrAsrIs-step08", "shot": "tablet-landscape-lessons-Miqaat-en__074__lesson-DhuhrAsrIs-step08.png", "labels": ["Back", "Dhuhr · ʿAsr · Isha", "Step 8 of 36", "Dhuhr · ʿAsr · Isha · rakʿah 
{"ev": "shot", "name": "lesson-DhuhrAsrIs-step09", "shot": "tablet-landscape-lessons-Miqaat-en__075__lesson-DhuhrAsrIs-step09.png", "labels": ["Back", "Dhuhr · ʿAsr · Isha", "Step 9 of 36", "Dhuhr · ʿAsr · Isha · rakʿah 
{"ev": "shot", "name": "lesson-DhuhrAsrIs-step10", "shot": "tablet-landscape-lessons-Miqaat-en__076__lesson-DhuhrAsrIs-step10.png", "labels": ["Back", "Dhuhr · ʿAsr · Isha", "Step 10 of 36", "Dhuhr · ʿAsr · Isha · rakʿah
{"ev": "shot", "name": "lesson-DhuhrAsrIs-step11", "shot": "tablet-landscape-lessons-Miqaat-en__077__lesson-DhuhrAsrIs-step11.png", "labels": ["Back", "Dhuhr · ʿAsr · Isha", "Step 11 of 36", "Dhuhr · ʿAsr · Isha · rakʿah
{"ev": "shot", "name": "lesson-DhuhrAsrIs-step12", "shot": "tablet-landscape-lessons-Miqaat-en__078__lesson-DhuhrAsrIs-step12.png", "labels": ["Back", "Dhuhr · ʿAsr · Isha", "Step 12 of 36", "Dhuhr · ʿAsr · Isha · rakʿah
{"ev": "shot", "name": "lesson-DhuhrAsrIs-step13", "shot": "tablet-landscape-lessons-Miqaat-en__079__lesson-DhuhrAsrIs-step13.png", "labels": ["Back", "Dhuhr · ʿAsr · Isha", "Step 13 of 36", "Dhuhr · ʿAsr · Isha · rakʿah
{"ev": "shot", "name": "lesson-DhuhrAsrIs-step13-scrolled", "shot": "tablet-landscape-lessons-Miqaat-en__080__lesson-DhuhrAsrIs-step13-scrolled.png", "labels": ["Back", "Dhuhr · ʿAsr · Isha", "Step 13 of 36", "Dhuhr · ʿA
{"ev": "shot", "name": "lesson-DhuhrAsrIs-step14", "shot": "tablet-landscape-lessons-Miqaat-en__081__lesson-DhuhrAsrIs-step14.png", "labels": ["Back", "Dhuhr · ʿAsr · Isha", "Step 14 of 36", "Dhuhr · ʿAsr · Isha · rakʿah
{"ev": "shot", "name": "lesson-DhuhrAsrIs-step15", "shot": "tablet-landscape-lessons-Miqaat-en__082__lesson-DhuhrAsrIs-step15.png", "labels": ["Back", "Dhuhr · ʿAsr · Isha", "Step 15 of 36", "Dhuhr · ʿAsr · Isha · rakʿah
{"ev": "shot", "name": "lesson-DhuhrAsrIs-step16", "shot": "tablet-landscape-lessons-Miqaat-en__083__lesson-DhuhrAsrIs-step16.png", "labels": ["Back", "Dhuhr · ʿAsr · Isha", "Step 16 of 36", "Dhuhr · ʿAsr · Isha · rakʿah
{"ev": "shot", "name": "lesson-DhuhrAsrIs-step17", "shot": "tablet-landscape-lessons-Miqaat-en__084__lesson-DhuhrAsrIs-step17.png", "labels": ["Back", "Dhuhr · ʿAsr · Isha", "Step 17 of 36", "Dhuhr · ʿAsr · Isha · rakʿah
{"ev": "shot", "name": "lesson-DhuhrAsrIs-step18", "shot": "tablet-landscape-lessons-Miqaat-en__085__lesson-DhuhrAsrIs-step18.png", "labels": ["Back", "Dhuhr · ʿAsr · Isha", "Step 18 of 36", "Dhuhr · ʿAsr · Isha · rakʿah
{"ev": "shot", "name": "lesson-DhuhrAsrIs-step19", "shot": "tablet-landscape-lessons-Miqaat-en__086__lesson-DhuhrAsrIs-step19.png", "labels": ["Back", "Dhuhr · ʿAsr · Isha", "Step 19 of 36", "Dhuhr · ʿAsr · Isha · rakʿah
{"ev": "shot", "name": "lesson-DhuhrAsrIs-step19-scrolled", "shot": "tablet-landscape-lessons-Miqaat-en__087__lesson-DhuhrAsrIs-step19-scrolled.png", "labels": ["Back", "Dhuhr · ʿAsr · Isha", "Step 19 of 36", "Dhuhr · ʿA
{"ev": "shot", "name": "lesson-DhuhrAsrIs-step20", "shot": "tablet-landscape-lessons-Miqaat-en__088__lesson-DhuhrAsrIs-step20.png", "labels": ["Back", "Dhuhr · ʿAsr · Isha", "Step 20 of 36", "Dhuhr · ʿAsr · Isha · rakʿah
{"ev": "shot", "name": "lesson-DhuhrAsrIs-step21", "shot": "tablet-landscape-lessons-Miqaat-en__089__lesson-DhuhrAsrIs-step21.png", "labels": ["Back", "Dhuhr · ʿAsr · Isha", "Step 21 of 36", "Dhuhr · ʿAsr · Isha · rakʿah
{"ev": "shot", "name": "lesson-DhuhrAsrIs-step22", "shot": "tablet-landscape-lessons-Miqaat-en__090__lesson-DhuhrAsrIs-step22.png", "labels": ["Back", "Dhuhr · ʿAsr · Isha", "Step 22 of 36", "Dhuhr · ʿAsr · Isha · rakʿah
{"ev": "shot", "name": "lesson-DhuhrAsrIs-step23", "shot": "tablet-landscape-lessons-Miqaat-en__091__lesson-DhuhrAsrIs-step23.png", "labels": ["Back", "Dhuhr · ʿAsr · Isha", "Step 23 of 36", "Dhuhr · ʿAsr · Isha · rakʿah
{"ev": "shot", "name": "lesson-DhuhrAsrIs-step24", "shot": "tablet-landscape-lessons-Miqaat-en__092__lesson-DhuhrAsrIs-step24.png", "labels": ["Back", "Dhuhr · ʿAsr · Isha", "Step 24 of 36", "Dhuhr · ʿAsr · Isha · rakʿah
{"ev": "shot", "name": "lesson-DhuhrAsrIs-step25", "shot": "tablet-landscape-lessons-Miqaat-en__093__lesson-DhuhrAsrIs-step25.png", "labels": ["Back", "Dhuhr · ʿAsr · Isha", "Step 25 of 36", "Dhuhr · ʿAsr · Isha · rakʿah
{"ev": "shot", "name": "lesson-DhuhrAsrIs-step25-scrolled", "shot": "tablet-landscape-lessons-Miqaat-en__094__lesson-DhuhrAsrIs-step25-scrolled.png", "labels": ["Back", "Dhuhr · ʿAsr · Isha", "Step 25 of 36", "Dhuhr · ʿA
{"ev": "shot", "name": "lesson-DhuhrAsrIs-step26", "shot": "tablet-landscape-lessons-Miqaat-en__095__lesson-DhuhrAsrIs-step26.png", "labels": ["Back", "Dhuhr · ʿAsr · Isha", "Step 26 of 36", "Dhuhr · ʿAsr · Isha · rakʿah
{"ev": "shot", "name": "lesson-DhuhrAsrIs-step27", "shot": "tablet-landscape-lessons-Miqaat-en__096__lesson-DhuhrAsrIs-step27.png", "labels": ["Back", "Dhuhr · ʿAsr · Isha", "Step 27 of 36", "Dhuhr · ʿAsr · Isha · rakʿah
{"ev": "shot", "name": "lesson-DhuhrAsrIs-step28", "shot": "tablet-landscape-lessons-Miqaat-en__097__lesson-DhuhrAsrIs-step28.png", "labels": ["Back", "Dhuhr · ʿAsr · Isha", "Step 28 of 36", "Dhuhr · ʿAsr · Isha · rakʿah
{"ev": "shot", "name": "lesson-DhuhrAsrIs-step29", "shot": "tablet-landscape-lessons-Miqaat-en__098__lesson-DhuhrAsrIs-step29.png", "labels": ["Back", "Dhuhr · ʿAsr · Isha", "Step 29 of 36", "Dhuhr · ʿAsr · Isha · rakʿah
{"ev": "shot", "name": "lesson-DhuhrAsrIs-step30", "shot": "tablet-landscape-lessons-Miqaat-en__099__lesson-DhuhrAsrIs-step30.png", "labels": ["Back", "Dhuhr · ʿAsr · Isha", "Step 30 of 36", "Dhuhr · ʿAsr · Isha · rakʿah
{"ev": "shot", "name": "lesson-DhuhrAsrIs-step31", "shot": "tablet-landscape-lessons-Miqaat-en__100__lesson-DhuhrAsrIs-step31.png", "labels": ["Back", "Dhuhr · ʿAsr · Isha", "Step 31 of 36", "Dhuhr · ʿAsr · Isha · rakʿah
{"ev": "shot", "name": "lesson-DhuhrAsrIs-step31-scrolled", "shot": "tablet-landscape-lessons-Miqaat-en__101__lesson-DhuhrAsrIs-step31-scrolled.png", "labels": ["Back", "Dhuhr · ʿAsr · Isha", "Step 31 of 36", "Dhuhr · ʿA
{"ev": "shot", "name": "lesson-DhuhrAsrIs-step32", "shot": "tablet-landscape-lessons-Miqaat-en__102__lesson-DhuhrAsrIs-step32.png", "labels": ["Back", "Dhuhr · ʿAsr · Isha", "Step 32 of 36", "Dhuhr · ʿAsr · Isha · rakʿah
{"ev": "shot", "name": "lesson-DhuhrAsrIs-step33", "shot": "tablet-landscape-lessons-Miqaat-en__103__lesson-DhuhrAsrIs-step33.png", "labels": ["Back", "Dhuhr · ʿAsr · Isha", "Step 33 of 36", "Dhuhr · ʿAsr · Isha · rakʿah
{"ev": "shot", "name": "lesson-DhuhrAsrIs-step34", "shot": "tablet-landscape-lessons-Miqaat-en__104__lesson-DhuhrAsrIs-step34.png", "labels": ["Back", "Dhuhr · ʿAsr · Isha", "Step 34 of 36", "Dhuhr · ʿAsr · Isha · rakʿah
{"ev": "shot", "name": "lesson-DhuhrAsrIs-step35", "shot": "tablet-landscape-lessons-Miqaat-en__105__lesson-DhuhrAsrIs-step35.png", "labels": ["Back", "Dhuhr · ʿAsr · Isha", "Step 35 of 36", "Dhuhr · ʿAsr · Isha · rakʿah
{"ev": "shot", "name": "lesson-DhuhrAsrIs-step36", "shot": "tablet-landscape-lessons-Miqaat-en__106__lesson-DhuhrAsrIs-step36.png", "labels": ["Back", "Dhuhr · ʿAsr · Isha", "Step 36 of 36", "Dhuhr · ʿAsr · Isha · rakʿah
{"ev": "shot", "name": "lesson-DhuhrAsrIs-step37", "shot": "tablet-landscape-lessons-Miqaat-en__107__lesson-DhuhrAsrIs-step37.png", "labels": ["Back", "Learn Salah", "الصَّلَاة", "One common form of the prayer, one actio
{"ev": "shot", "name": "lesson-DhuhrAsrIs-step37-scrolled", "shot": "tablet-landscape-lessons-Miqaat-en__108__lesson-DhuhrAsrIs-step37-scrolled.png", "labels": ["Back", "Learn Salah", "الصَّلَاة", "One common form of the
{"ev": "lesson-end", "prefix": "lesson-DhuhrAsrIs", "steps": 37, "last": ["4 rakʿahs · 36 steps", "Practise", "The words", "The twelve texts of the prayer on their own, with replay and slow speed", "›", "The movements", 
{"ev": "shot", "name": "words-step01", "shot": "tablet-landscape-lessons-Miqaat-en__109__words-step01.png", "labels": ["Back", "The words", "1 / 12", "Standing · start", "اللَّهُ أَكْبَرُ", "Hear it", "Slow", "Recited by
{"ev": "shot", "name": "words-step01-scrolled", "shot": "tablet-landscape-lessons-Miqaat-en__110__words-step01-scrolled.png", "labels": ["Back", "The words", "1 / 12", "Standing · start", "اللَّهُ أَكْبَرُ", "Hear it", "
{"ev": "shot", "name": "words-step02", "shot": "tablet-landscape-lessons-Miqaat-en__111__words-step02.png", "labels": ["Back", "The words", "2 / 12", "Standing · opening", "سُبْحَانَكَ اللَّهُمَّ وَبِحَمْدِكَ، وَتَبَارَك
{"ev": "shot", "name": "words-step03", "shot": "tablet-landscape-lessons-Miqaat-en__112__words-step03.png", "labels": ["Back", "The words", "3 / 12", "Standing · seek refuge", "أَعُوذُ بِاللَّهِ مِنَ الشَّيْطَانِ الرَّجِ
{"ev": "shot", "name": "words-step04", "shot": "tablet-landscape-lessons-Miqaat-en__113__words-step04.png", "labels": ["Back", "The words", "4 / 12", "Standing · al-Fātiḥah", "الْحَمْدُ لِلَّهِ رَبِّ الْعَالَمِينَ ۝ الرَ
{"ev": "shot", "name": "words-step05", "shot": "tablet-landscape-lessons-Miqaat-en__114__words-step05.png", "labels": ["Back", "The words", "5 / 12", "Standing · a sūrah", "قُلْ هُوَ اللَّهُ أَحَدٌ ۝ اللَّهُ الصَّمَدُ ۝ 
{"ev": "shot", "name": "words-step06", "shot": "tablet-landscape-lessons-Miqaat-en__115__words-step06.png", "labels": ["Back", "The words", "6 / 12", "Bowing · rukūʿ", "اللَّهُ أَكْبَرُ · سُبْحَانَ رَبِّيَ الْعَظِيمِ", "
{"ev": "shot", "name": "words-step07", "shot": "tablet-landscape-lessons-Miqaat-en__116__words-step07.png", "labels": ["Back", "The words", "7 / 12", "Rising from rukūʿ", "سَمِعَ اللَّهُ لِمَنْ حَمِدَهُ · رَبَّنَا وَلَكَ
{"ev": "shot", "name": "words-step08", "shot": "tablet-landscape-lessons-Miqaat-en__117__words-step08.png", "labels": ["Back", "The words", "8 / 12", "Prostration · sujūd", "اللَّهُ أَكْبَرُ · سُبْحَانَ رَبِّيَ الأَعْلَى
{"ev": "shot", "name": "words-step09", "shot": "tablet-landscape-lessons-Miqaat-en__118__words-step09.png", "labels": ["Back", "The words", "9 / 12", "Sitting between the two sujūd", "اللَّهُ أَكْبَرُ · رَبِّ اغْفِرْ لِي
{"ev": "shot", "name": "words-step10", "shot": "tablet-landscape-lessons-Miqaat-en__119__words-step10.png", "labels": ["Back", "The words", "10 / 12", "Sitting · tashahhud", "التَّحِيَّاتُ لِلَّهِ وَالصَّلَوَاتُ وَالطَّي
{"ev": "shot", "name": "words-step11", "shot": "tablet-landscape-lessons-Miqaat-en__120__words-step11.png", "labels": ["Back", "The words", "11 / 12", "Sitting · ṣalāh upon the Prophet ﷺ", "اللَّهُمَّ صَلِّ عَلَى مُحَمَّ
{"ev": "shot", "name": "words-step12", "shot": "tablet-landscape-lessons-Miqaat-en__121__words-step12.png", "labels": ["Back", "The words", "12 / 12", "Finishing · salām", "السَّلاَمُ عَلَيْكُمْ وَرَحْمَةُ اللَّهِ", "Hea
{"ev": "lesson-end", "prefix": "words", "steps": 12, "last": ["hide", "As-salāmu ʿalaykum wa raḥmatu llāh", "Meaning", "Peace and the mercy of Allah be upon you", "Note, schools and source", "Previous step", "‹", "Back t
{"ev": "shot", "name": "movements-p0", "shot": "tablet-landscape-lessons-Miqaat-en__122__movements-p0.png", "labels": ["Back", "The movements", "Standing upright facing the Qibla, both hands raised to the shoulders or ea
{"ev": "shot", "name": "movements-p1", "shot": "tablet-landscape-lessons-Miqaat-en__123__movements-p1.png", "labels": ["Back", "The movements", "Bent forward from the hips, back level, palms on the knees", "Bowing · rukū
{"ev": "shot", "name": "movements-p2", "shot": "tablet-landscape-lessons-Miqaat-en__124__movements-p2.png", "labels": ["Back", "The movements", "Bent forward from the hips, back level, palms on the knees", "Bowing · rukū
{"ev": "shot", "name": "movements-p3", "shot": "tablet-landscape-lessons-Miqaat-en__125__movements-p3.png", "labels": ["Back", "The movements", "Bent forward from the hips, back level, palms on the knees", "Bowing · rukū
{"ev": "shot", "name": "movements-p4", "shot": "tablet-landscape-lessons-Miqaat-en__126__movements-p4.png", "labels": ["Back", "The movements", "Bent forward from the hips, back level, palms on the knees", "Bowing · rukū
{"ev": "shot", "name": "movements-p5", "shot": "tablet-landscape-lessons-Miqaat-en__127__movements-p5.png", "labels": ["Back", "The movements", "Bent forward from the hips, back level, palms on the knees", "Bowing · rukū
{"ev": "shot", "name": "movements-p6", "shot": "tablet-landscape-lessons-Miqaat-en__128__movements-p6.png", "labels": ["Back", "The movements", "Bent forward from the hips, back level, palms on the knees", "Bowing · rukū
{"ev": "theme-set", "kw": "Kiswah", "t": 721.8}
{"ev": "nav-fail", "what": "Learn", "t": 786.6}
{"ev": "theme-set", "kw": "Celestial", "t": 915.2}
{"ev": "shot", "name": "learn-overview", "shot": "tablet-landscape-lessons-Celestial-en__129__learn-overview.png", "labels": ["Back", "Learn Salah", "الصَّلَاة", "One common form of the prayer, one action at a time, with
{"ev": "shot", "name": "lesson-Fajr-step01", "shot": "tablet-landscape-lessons-Celestial-en__130__lesson-Fajr-step01.png", "labels": ["Back", "Fajr", "Step 1 of 21", "Fajr · rakʿah 1 of 2 · step 1 of 10 · Standing · star
{"ev": "shot", "name": "lesson-Fajr-step01-scrolled", "shot": "tablet-landscape-lessons-Celestial-en__131__lesson-Fajr-step01-scrolled.png", "labels": ["Back", "Fajr", "Step 1 of 21", "Fajr · rakʿah 1 of 2 · step 1 of 10
{"ev": "shot", "name": "lesson-Fajr-step02", "shot": "tablet-landscape-lessons-Celestial-en__132__lesson-Fajr-step02.png", "labels": ["Back", "Fajr", "Step 2 of 21", "Fajr · rakʿah 1 of 2 · step 2 of 10 · Standing · open
{"ev": "shot", "name": "lesson-Fajr-step03", "shot": "tablet-landscape-lessons-Celestial-en__133__lesson-Fajr-step03.png", "labels": ["Back", "Fajr", "Step 3 of 21", "Fajr · rakʿah 1 of 2 · step 3 of 10 · Standing · seek
{"ev": "shot", "name": "lesson-Fajr-step04", "shot": "tablet-landscape-lessons-Celestial-en__134__lesson-Fajr-step04.png", "labels": ["Back", "Fajr", "Step 4 of 21", "Fajr · rakʿah 1 of 2 · step 4 of 10 · Standing · al-F
{"ev": "shot", "name": "lesson-Fajr-step05", "shot": "tablet-landscape-lessons-Celestial-en__135__lesson-Fajr-step05.png", "labels": ["Back", "Fajr", "Step 5 of 21", "Fajr · rakʿah 1 of 2 · step 5 of 10 · Standing · a sū
{"ev": "shot", "name": "lesson-Fajr-step06", "shot": "tablet-landscape-lessons-Celestial-en__136__lesson-Fajr-step06.png", "labels": ["Back", "Fajr", "Step 6 of 21", "Fajr · rakʿah 1 of 2 · step 6 of 10 · Bowing · rukūʿ"
{"ev": "shot", "name": "lesson-Fajr-step07", "shot": "tablet-landscape-lessons-Celestial-en__137__lesson-Fajr-step07.png", "labels": ["Back", "Fajr", "Step 7 of 21", "Fajr · rakʿah 1 of 2 · step 7 of 10 · Rising from ruk
{"ev": "shot", "name": "lesson-Fajr-step07-scrolled", "shot": "tablet-landscape-lessons-Celestial-en__138__lesson-Fajr-step07-scrolled.png", "labels": ["Back", "Fajr", "Step 7 of 21", "Fajr · rakʿah 1 of 2 · step 7 of 10
{"ev": "shot", "name": "lesson-Fajr-step08", "shot": "tablet-landscape-lessons-Celestial-en__139__lesson-Fajr-step08.png", "labels": ["Back", "Fajr", "Step 8 of 21", "Fajr · rakʿah 1 of 2 · step 8 of 10 · Prostration · s
{"ev": "shot", "name": "lesson-Fajr-step09", "shot": "tablet-landscape-lessons-Celestial-en__140__lesson-Fajr-step09.png", "labels": ["Back", "Fajr", "Step 9 of 21", "Fajr · rakʿah 1 of 2 · step 9 of 10 · Sitting between
{"ev": "shot", "name": "lesson-Fajr-step10", "shot": "tablet-landscape-lessons-Celestial-en__141__lesson-Fajr-step10.png", "labels": ["Back", "Fajr", "Step 10 of 21", "Fajr · rakʿah 1 of 2 · step 10 of 10 · Second prostr
{"ev": "shot", "name": "lesson-Fajr-step11", "shot": "tablet-landscape-lessons-Celestial-en__142__lesson-Fajr-step11.png", "labels": ["Back", "Fajr", "Step 11 of 21", "Fajr · rakʿah 2 of 2 · step 1 of 11 · Standing · rak
{"ev": "shot", "name": "lesson-Fajr-step12", "shot": "tablet-landscape-lessons-Celestial-en__143__lesson-Fajr-step12.png", "labels": ["Back", "Fajr", "Step 12 of 21", "Fajr · rakʿah 2 of 2 · step 2 of 11 · Standing · al-
{"ev": "shot", "name": "lesson-Fajr-step13", "shot": "tablet-landscape-lessons-Celestial-en__144__lesson-Fajr-step13.png", "labels": ["Back", "Fajr", "Step 13 of 21", "Fajr · rakʿah 2 of 2 · step 3 of 11 · Standing · a s
{"ev": "shot", "name": "lesson-Fajr-step13-scrolled", "shot": "tablet-landscape-lessons-Celestial-en__145__lesson-Fajr-step13-scrolled.png", "labels": ["Back", "Fajr", "Step 13 of 21", "Fajr · rakʿah 2 of 2 · step 3 of 1
{"ev": "shot", "name": "lesson-Fajr-step14", "shot": "tablet-landscape-lessons-Celestial-en__146__lesson-Fajr-step14.png", "labels": ["Back", "Fajr", "Step 14 of 21", "Fajr · rakʿah 2 of 2 · step 4 of 11 · Bowing · rukūʿ
{"ev": "shot", "name": "lesson-Fajr-step15", "shot": "tablet-landscape-lessons-Celestial-en__147__lesson-Fajr-step15.png", "labels": ["Back", "Fajr", "Step 15 of 21", "Fajr · rakʿah 2 of 2 · step 5 of 11 · Rising from ru
{"ev": "shot", "name": "lesson-Fajr-step16", "shot": "tablet-landscape-lessons-Celestial-en__148__lesson-Fajr-step16.png", "labels": ["Back", "Fajr", "Step 16 of 21", "Fajr · rakʿah 2 of 2 · step 6 of 11 · Prostration · 
{"ev": "shot", "name": "lesson-Fajr-step17", "shot": "tablet-landscape-lessons-Celestial-en__149__lesson-Fajr-step17.png", "labels": ["Back", "Fajr", "Step 17 of 21", "Fajr · rakʿah 2 of 2 · step 7 of 11 · Sitting betwee
{"ev": "shot", "name": "lesson-Fajr-step18", "shot": "tablet-landscape-lessons-Celestial-en__150__lesson-Fajr-step18.png", "labels": ["Back", "Fajr", "Step 18 of 21", "Fajr · rakʿah 2 of 2 · step 8 of 11 · Second prostra
{"ev": "shot", "name": "lesson-Fajr-step19", "shot": "tablet-landscape-lessons-Celestial-en__151__lesson-Fajr-step19.png", "labels": ["Back", "Fajr", "Step 19 of 21", "Fajr · rakʿah 2 of 2 · step 9 of 11 · Sitting · tash
{"ev": "shot", "name": "lesson-Fajr-step19-scrolled", "shot": "tablet-landscape-lessons-Celestial-en__152__lesson-Fajr-step19-scrolled.png", "labels": ["Back", "Fajr", "Step 19 of 21", "Fajr · rakʿah 2 of 2 · step 9 of 1
{"ev": "shot", "name": "lesson-Fajr-step20", "shot": "tablet-landscape-lessons-Celestial-en__153__lesson-Fajr-step20.png", "labels": ["Back", "Fajr", "Step 20 of 21", "Fajr · rakʿah 2 of 2 · step 10 of 11 · Sitting · ṣal
{"ev": "shot", "name": "lesson-Fajr-step21", "shot": "tablet-landscape-lessons-Celestial-en__154__lesson-Fajr-step21.png", "labels": ["Back", "Fajr", "Step 21 of 21", "Fajr · rakʿah 2 of 2 · step 11 of 11 · Finishing · s
{"ev": "shot", "name": "lesson-Fajr-step22", "shot": "tablet-landscape-lessons-Celestial-en__155__lesson-Fajr-step22.png", "labels": ["Back", "Learn Salah", "الصَّلَاة", "One common form of the prayer, one action at a ti
{"ev": "lesson-end", "prefix": "lesson-Fajr", "steps": 22, "last": ["4 rakʿahs · 36 steps", "Practise", "The words", "The twelve texts of the prayer on their own, with replay and slow speed", "›", "The movements", "Eight
{"ev": "shot", "name": "words-step01", "shot": "tablet-landscape-lessons-Celestial-en__156__words-step01.png", "labels": ["Back", "The words", "1 / 12", "Standing · start", "اللَّهُ أَكْبَرُ", "Hear it", "Slow", "Recited
{"ev": "shot", "name": "words-step01-scrolled", "shot": "tablet-landscape-lessons-Celestial-en__157__words-step01-scrolled.png", "labels": ["Back", "The words", "1 / 12", "Standing · start", "اللَّهُ أَكْبَرُ", "Hear it"
{"ev": "shot", "name": "words-step02", "shot": "tablet-landscape-lessons-Celestial-en__158__words-step02.png", "labels": ["Back", "The words", "2 / 12", "Standing · opening", "سُبْحَانَكَ اللَّهُمَّ وَبِحَمْدِكَ، وَتَبَا
{"ev": "shot", "name": "words-step03", "shot": "tablet-landscape-lessons-Celestial-en__159__words-step03.png", "labels": ["Back", "The words", "3 / 12", "Standing · seek refuge", "أَعُوذُ بِاللَّهِ مِنَ الشَّيْطَانِ الرَ
{"ev": "shot", "name": "words-step04", "shot": "tablet-landscape-lessons-Celestial-en__160__words-step04.png", "labels": ["Back", "The words", "4 / 12", "Standing · al-Fātiḥah", "الْحَمْدُ لِلَّهِ رَبِّ الْعَالَمِينَ ۝ ا
{"ev": "shot", "name": "words-step05", "shot": "tablet-landscape-lessons-Celestial-en__161__words-step05.png", "labels": ["Back", "The words", "5 / 12", "Standing · a sūrah", "قُلْ هُوَ اللَّهُ أَحَدٌ ۝ اللَّهُ الصَّمَدُ
{"ev": "shot", "name": "words-step06", "shot": "tablet-landscape-lessons-Celestial-en__162__words-step06.png", "labels": ["Back", "The words", "6 / 12", "Bowing · rukūʿ", "اللَّهُ أَكْبَرُ · سُبْحَانَ رَبِّيَ الْعَظِيمِ"
{"ev": "shot", "name": "words-step07", "shot": "tablet-landscape-lessons-Celestial-en__163__words-step07.png", "labels": ["Back", "The words", "7 / 12", "Rising from rukūʿ", "سَمِعَ اللَّهُ لِمَنْ حَمِدَهُ · رَبَّنَا وَل
{"ev": "shot", "name": "words-step08", "shot": "tablet-landscape-lessons-Celestial-en__164__words-step08.png", "labels": ["Back", "The words", "8 / 12", "Prostration · sujūd", "اللَّهُ أَكْبَرُ · سُبْحَانَ رَبِّيَ الأَعْ
{"ev": "shot", "name": "words-step09", "shot": "tablet-landscape-lessons-Celestial-en__165__words-step09.png", "labels": ["Back", "The words", "9 / 12", "Sitting between the two sujūd", "اللَّهُ أَكْبَرُ · رَبِّ اغْفِرْ 
{"ev": "shot", "name": "words-step10", "shot": "tablet-landscape-lessons-Celestial-en__166__words-step10.png", "labels": ["Back", "The words", "10 / 12", "Sitting · tashahhud", "التَّحِيَّاتُ لِلَّهِ وَالصَّلَوَاتُ وَالط
{"ev": "shot", "name": "words-step11", "shot": "tablet-landscape-lessons-Celestial-en__167__words-step11.png", "labels": ["Back", "The words", "11 / 12", "Sitting · ṣalāh upon the Prophet ﷺ", "اللَّهُمَّ صَلِّ عَلَى مُحَ
{"ev": "shot", "name": "words-step12", "shot": "tablet-landscape-lessons-Celestial-en__168__words-step12.png", "labels": ["Back", "The words", "12 / 12", "Finishing · salām", "السَّلاَمُ عَلَيْكُمْ وَرَحْمَةُ اللَّهِ", "
{"ev": "lesson-end", "prefix": "words", "steps": 12, "last": ["hide", "As-salāmu ʿalaykum wa raḥmatu llāh", "Meaning", "Peace and the mercy of Allah be upon you", "Note, schools and source", "Previous step", "‹", "Back t
{"ev": "shot", "name": "movements-p0", "shot": "tablet-landscape-lessons-Celestial-en__169__movements-p0.png", "labels": ["Back", "The movements", "Standing upright facing the Qibla, both hands raised to the shoulders or
{"ev": "shot", "name": "movements-p1", "shot": "tablet-landscape-lessons-Celestial-en__170__movements-p1.png", "labels": ["Back", "The movements", "Bent forward from the hips, back level, palms on the knees", "Bowing · r
{"ev": "shot", "name": "movements-p2", "shot": "tablet-landscape-lessons-Celestial-en__171__movements-p2.png", "labels": ["Back", "The movements", "Bent forward from the hips, back level, palms on the knees", "Bowing · r
{"ev": "shot", "name": "movements-p3", "shot": "tablet-landscape-lessons-Celestial-en__172__movements-p3.png", "labels": ["Back", "The movements", "Bent forward from the hips, back level, palms on the knees", "Bowing · r
{"ev": "shot", "name": "movements-p4", "shot": "tablet-landscape-lessons-Celestial-en__173__movements-p4.png", "labels": ["Back", "The movements", "Bent forward from the hips, back level, palms on the knees", "Bowing · r
{"ev": "shot", "name": "movements-p5", "shot": "tablet-landscape-lessons-Celestial-en__174__movements-p5.png", "labels": ["Back", "The movements", "Bent forward from the hips, back level, palms on the knees", "Bowing · r
{"ev": "shot", "name": "movements-p6", "shot": "tablet-landscape-lessons-Celestial-en__175__movements-p6.png", "labels": ["Back", "The movements", "Bent forward from the hips, back level, palms on the knees", "Bowing · r
{"ev": "theme-set", "kw": "Gallery", "t": 1182.3}
{"ev": "shot", "name": "learn-overview", "shot": "tablet-landscape-lessons-Gallery-en__176__learn-overview.png", "labels": ["Back", "Learn Salah", "الصَّلَاة", "One common form of the prayer, one action at a time, with t
{"ev": "shot", "name": "lesson-Fajr-step01", "shot": "tablet-landscape-lessons-Gallery-en__177__lesson-Fajr-step01.png", "labels": ["Back", "Fajr", "Step 1 of 21", "Fajr · rakʿah 1 of 2 · step 1 of 10 · Standing · start"
{"ev": "shot", "name": "lesson-Fajr-step01-scrolled", "shot": "tablet-landscape-lessons-Gallery-en__178__lesson-Fajr-step01-scrolled.png", "labels": ["Back", "Fajr", "Step 1 of 21", "Fajr · rakʿah 1 of 2 · step 1 of 10 ·
{"ev": "shot", "name": "lesson-Fajr-step02", "shot": "tablet-landscape-lessons-Gallery-en__179__lesson-Fajr-step02.png", "labels": ["Back", "Fajr", "Step 2 of 21", "Fajr · rakʿah 1 of 2 · step 2 of 10 · Standing · openin
{"ev": "shot", "name": "lesson-Fajr-step03", "shot": "tablet-landscape-lessons-Gallery-en__180__lesson-Fajr-step03.png", "labels": ["Back", "Fajr", "Step 3 of 21", "Fajr · rakʿah 1 of 2 · step 3 of 10 · Standing · seek r
{"ev": "shot", "name": "lesson-Fajr-step04", "shot": "tablet-landscape-lessons-Gallery-en__181__lesson-Fajr-step04.png", "labels": ["Back", "Fajr", "Step 4 of 21", "Fajr · rakʿah 1 of 2 · step 4 of 10 · Standing · al-Fāt
{"ev": "shot", "name": "lesson-Fajr-step05", "shot": "tablet-landscape-lessons-Gallery-en__182__lesson-Fajr-step05.png", "labels": ["Back", "Fajr", "Step 5 of 21", "Fajr · rakʿah 1 of 2 · step 5 of 10 · Standing · a sūra
{"ev": "shot", "name": "lesson-Fajr-step06", "shot": "tablet-landscape-lessons-Gallery-en__183__lesson-Fajr-step06.png", "labels": ["Back", "Fajr", "Step 6 of 21", "Fajr · rakʿah 1 of 2 · step 6 of 10 · Bowing · rukūʿ", 
{"ev": "shot", "name": "lesson-Fajr-step07", "shot": "tablet-landscape-lessons-Gallery-en__184__lesson-Fajr-step07.png", "labels": ["Back", "Fajr", "Step 7 of 21", "Fajr · rakʿah 1 of 2 · step 7 of 10 · Rising from rukūʿ
{"ev": "shot", "name": "lesson-Fajr-step07-scrolled", "shot": "tablet-landscape-lessons-Gallery-en__185__lesson-Fajr-step07-scrolled.png", "labels": ["Back", "Fajr", "Step 7 of 21", "Fajr · rakʿah 1 of 2 · step 7 of 10 ·
{"ev": "shot", "name": "lesson-Fajr-step08", "shot": "tablet-landscape-lessons-Gallery-en__186__lesson-Fajr-step08.png", "labels": ["Back", "Fajr", "Step 8 of 21", "Fajr · rakʿah 1 of 2 · step 8 of 10 · Prostration · suj
{"ev": "shot", "name": "lesson-Fajr-step09", "shot": "tablet-landscape-lessons-Gallery-en__187__lesson-Fajr-step09.png", "labels": ["Back", "Fajr", "Step 9 of 21", "Fajr · rakʿah 1 of 2 · step 9 of 10 · Sitting between t
{"ev": "shot", "name": "lesson-Fajr-step10", "shot": "tablet-landscape-lessons-Gallery-en__188__lesson-Fajr-step10.png", "labels": ["Back", "Fajr", "Step 10 of 21", "Fajr · rakʿah 1 of 2 · step 10 of 10 · Second prostrat
{"ev": "shot", "name": "lesson-Fajr-step11", "shot": "tablet-landscape-lessons-Gallery-en__189__lesson-Fajr-step11.png", "labels": ["Back", "Fajr", "Step 11 of 21", "Fajr · rakʿah 2 of 2 · step 1 of 11 · Standing · rakʿa
{"ev": "shot", "name": "lesson-Fajr-step12", "shot": "tablet-landscape-lessons-Gallery-en__190__lesson-Fajr-step12.png", "labels": ["Back", "Fajr", "Step 12 of 21", "Fajr · rakʿah 2 of 2 · step 2 of 11 · Standing · al-Fā
{"ev": "shot", "name": "lesson-Fajr-step13", "shot": "tablet-landscape-lessons-Gallery-en__191__lesson-Fajr-step13.png", "labels": ["Back", "Fajr", "Step 13 of 21", "Fajr · rakʿah 2 of 2 · step 3 of 11 · Standing · a sūr
{"ev": "shot", "name": "lesson-Fajr-step13-scrolled", "shot": "tablet-landscape-lessons-Gallery-en__192__lesson-Fajr-step13-scrolled.png", "labels": ["Back", "Fajr", "Step 13 of 21", "Fajr · rakʿah 2 of 2 · step 3 of 11 
{"ev": "shot", "name": "lesson-Fajr-step14", "shot": "tablet-landscape-lessons-Gallery-en__193__lesson-Fajr-step14.png", "labels": ["Back", "Fajr", "Step 14 of 21", "Fajr · rakʿah 2 of 2 · step 4 of 11 · Bowing · rukūʿ",
{"ev": "shot", "name": "lesson-Fajr-step15", "shot": "tablet-landscape-lessons-Gallery-en__194__lesson-Fajr-step15.png", "labels": ["Back", "Fajr", "Step 15 of 21", "Fajr · rakʿah 2 of 2 · step 5 of 11 · Rising from rukū
{"ev": "shot", "name": "lesson-Fajr-step16", "shot": "tablet-landscape-lessons-Gallery-en__195__lesson-Fajr-step16.png", "labels": ["Back", "Fajr", "Step 16 of 21", "Fajr · rakʿah 2 of 2 · step 6 of 11 · Prostration · su
{"ev": "shot", "name": "lesson-Fajr-step17", "shot": "tablet-landscape-lessons-Gallery-en__196__lesson-Fajr-step17.png", "labels": ["Back", "Fajr", "Step 17 of 21", "Fajr · rakʿah 2 of 2 · step 7 of 11 · Sitting between 
{"ev": "shot", "name": "lesson-Fajr-step18", "shot": "tablet-landscape-lessons-Gallery-en__197__lesson-Fajr-step18.png", "labels": ["Back", "Fajr", "Step 18 of 21", "Fajr · rakʿah 2 of 2 · step 8 of 11 · Second prostrati
{"ev": "shot", "name": "lesson-Fajr-step19", "shot": "tablet-landscape-lessons-Gallery-en__198__lesson-Fajr-step19.png", "labels": ["Back", "Fajr", "Step 19 of 21", "Fajr · rakʿah 2 of 2 · step 9 of 11 · Sitting · tashah
{"ev": "shot", "name": "lesson-Fajr-step19-scrolled", "shot": "tablet-landscape-lessons-Gallery-en__199__lesson-Fajr-step19-scrolled.png", "labels": ["Back", "Fajr", "Step 19 of 21", "Fajr · rakʿah 2 of 2 · step 9 of 11 
{"ev": "shot", "name": "lesson-Fajr-step20", "shot": "tablet-landscape-lessons-Gallery-en__200__lesson-Fajr-step20.png", "labels": ["Back", "Fajr", "Step 20 of 21", "Fajr · rakʿah 2 of 2 · step 10 of 11 · Sitting · ṣalāh
{"ev": "shot", "name": "lesson-Fajr-step21", "shot": "tablet-landscape-lessons-Gallery-en__201__lesson-Fajr-step21.png", "labels": ["Back", "Fajr", "Step 21 of 21", "Fajr · rakʿah 2 of 2 · step 11 of 11 · Finishing · sal
{"ev": "shot", "name": "lesson-Fajr-step22", "shot": "tablet-landscape-lessons-Gallery-en__202__lesson-Fajr-step22.png", "labels": ["Back", "Learn Salah", "الصَّلَاة", "One common form of the prayer, one action at a time
{"ev": "lesson-end", "prefix": "lesson-Fajr", "steps": 22, "last": ["4 rakʿahs · 36 steps", "Practise", "The words", "The twelve texts of the prayer on their own, with replay and slow speed", "›", "The movements", "Eight
{"ev": "shot", "name": "words-step01", "shot": "tablet-landscape-lessons-Gallery-en__203__words-step01.png", "labels": ["Back", "The words", "1 / 12", "Standing · start", "اللَّهُ أَكْبَرُ", "Hear it", "Slow", "Recited b
{"ev": "shot", "name": "words-step01-scrolled", "shot": "tablet-landscape-lessons-Gallery-en__204__words-step01-scrolled.png", "labels": ["Back", "The words", "1 / 12", "Standing · start", "اللَّهُ أَكْبَرُ", "Hear it", 
{"ev": "shot", "name": "words-step02", "shot": "tablet-landscape-lessons-Gallery-en__205__words-step02.png", "labels": ["Back", "The words", "2 / 12", "Standing · opening", "سُبْحَانَكَ اللَّهُمَّ وَبِحَمْدِكَ، وَتَبَارَ
{"ev": "shot", "name": "words-step03", "shot": "tablet-landscape-lessons-Gallery-en__206__words-step03.png", "labels": ["Back", "The words", "3 / 12", "Standing · seek refuge", "أَعُوذُ بِاللَّهِ مِنَ الشَّيْطَانِ الرَّج
{"ev": "shot", "name": "words-step04", "shot": "tablet-landscape-lessons-Gallery-en__207__words-step04.png", "labels": ["Back", "The words", "4 / 12", "Standing · al-Fātiḥah", "الْحَمْدُ لِلَّهِ رَبِّ الْعَالَمِينَ ۝ الر
{"ev": "shot", "name": "words-step05", "shot": "tablet-landscape-lessons-Gallery-en__208__words-step05.png", "labels": ["Back", "The words", "5 / 12", "Standing · a sūrah", "قُلْ هُوَ اللَّهُ أَحَدٌ ۝ اللَّهُ الصَّمَدُ ۝
{"ev": "shot", "name": "words-step06", "shot": "tablet-landscape-lessons-Gallery-en__209__words-step06.png", "labels": ["Back", "The words", "6 / 12", "Bowing · rukūʿ", "اللَّهُ أَكْبَرُ · سُبْحَانَ رَبِّيَ الْعَظِيمِ", 
{"ev": "shot", "name": "words-step07", "shot": "tablet-landscape-lessons-Gallery-en__210__words-step07.png", "labels": ["Back", "The words", "7 / 12", "Rising from rukūʿ", "سَمِعَ اللَّهُ لِمَنْ حَمِدَهُ · رَبَّنَا وَلَك
{"ev": "shot", "name": "words-step08", "shot": "tablet-landscape-lessons-Gallery-en__211__words-step08.png", "labels": ["Back", "The words", "8 / 12", "Prostration · sujūd", "اللَّهُ أَكْبَرُ · سُبْحَانَ رَبِّيَ الأَعْلَ
{"ev": "shot", "name": "words-step09", "shot": "tablet-landscape-lessons-Gallery-en__212__words-step09.png", "labels": ["Back", "The words", "9 / 12", "Sitting between the two sujūd", "اللَّهُ أَكْبَرُ · رَبِّ اغْفِرْ لِ
{"ev": "shot", "name": "words-step10", "shot": "tablet-landscape-lessons-Gallery-en__213__words-step10.png", "labels": ["Back", "The words", "10 / 12", "Sitting · tashahhud", "التَّحِيَّاتُ لِلَّهِ وَالصَّلَوَاتُ وَالطَّ
{"ev": "shot", "name": "words-step11", "shot": "tablet-landscape-lessons-Gallery-en__214__words-step11.png", "labels": ["Back", "The words", "11 / 12", "Sitting · ṣalāh upon the Prophet ﷺ", "اللَّهُمَّ صَلِّ عَلَى مُحَمَ
{"ev": "shot", "name": "words-step12", "shot": "tablet-landscape-lessons-Gallery-en__215__words-step12.png", "labels": ["Back", "The words", "12 / 12", "Finishing · salām", "السَّلاَمُ عَلَيْكُمْ وَرَحْمَةُ اللَّهِ", "He
{"ev": "lesson-end", "prefix": "words", "steps": 12, "last": ["hide", "As-salāmu ʿalaykum wa raḥmatu llāh", "Meaning", "Peace and the mercy of Allah be upon you", "Note, schools and source", "Previous step", "‹", "Back t
{"ev": "shot", "name": "movements-p0", "shot": "tablet-landscape-lessons-Gallery-en__216__movements-p0.png", "labels": ["Back", "The movements", "Standing upright facing the Qibla, both hands raised to the shoulders or e
{"ev": "shot", "name": "movements-p1", "shot": "tablet-landscape-lessons-Gallery-en__217__movements-p1.png", "labels": ["Back", "The movements", "Bent forward from the hips, back level, palms on the knees", "Bowing · ruk
{"ev": "shot", "name": "movements-p2", "shot": "tablet-landscape-lessons-Gallery-en__218__movements-p2.png", "labels": ["Back", "The movements", "Bent forward from the hips, back level, palms on the knees", "Bowing · ruk
{"ev": "shot", "name": "movements-p3", "shot": "tablet-landscape-lessons-Gallery-en__219__movements-p3.png", "labels": ["Back", "The movements", "Bent forward from the hips, back level, palms on the knees", "Bowing · ruk
{"ev": "shot", "name": "movements-p4", "shot": "tablet-landscape-lessons-Gallery-en__220__movements-p4.png", "labels": ["Back", "The movements", "Bent forward from the hips, back level, palms on the knees", "Bowing · ruk
{"ev": "shot", "name": "movements-p5", "shot": "tablet-landscape-lessons-Gallery-en__221__movements-p5.png", "labels": ["Back", "The movements", "Bent forward from the hips, back level, palms on the knees", "Bowing · ruk
{"ev": "shot", "name": "movements-p6", "shot": "tablet-landscape-lessons-Gallery-en__222__movements-p6.png", "labels": ["Back", "The movements", "Bent forward from the hips, back level, palms on the knees", "Bowing · ruk
{"ev": "crash-buffer", "bytes": 0, "head": "", "t": 1436.4}
{"ev": "gfx", "lines": ["Total frames rendered: 1162", "Janky frames: 1162 (100.00%)", "Janky frames (legacy): 1162 (100.00%)", "50th percentile: 300ms", "90th percentile: 550ms", "95th percentile: 550ms", "99th percenti
{"ev": "mem", "lines": ["  Native Heap   122926   122868        0        0   126036   133608   120864     8408", "        TOTAL   154622   140920     3908        0   283180   152272   130212    17724", "           Java H
