{"ev": "env", "density": 2.625, "size": "Physical size: 1080x2400", "rot": "", "t": 0.1}
{"ev": "cold-start-ms", "ms": 2407, "t": 2.8}
{"ev": "setup-screen", "step": 0, "shot": "phone-landscape-lessons__setup0.png", "key": "727730c51f", "labels": ["Location: ⁨⁩. Opens location settings", "Monday 5 October 2026", "24 Rabīʿ al-Thānī 1448", "Learn Salah", 
{"ev": "setup-stuck", "t": 8.2}
{"ev": "setup-screen", "step": 1, "shot": "phone-landscape-lessons__setup1.png", "key": "727730c51f", "labels": ["Location: ⁨⁩. Opens location settings", "Monday 5 October 2026", "24 Rabīʿ al-Thānī 1448", "Learn Salah", 
{"ev": "setup-stuck", "t": 13.6}
{"ev": "setup-screen", "step": 2, "shot": "phone-landscape-lessons__setup2.png", "key": "e5493b4a4a", "labels": ["Location: ⁨⁩. Opens location settings", "Monday 5 October 2026", "24 Rabīʿ al-Thānī 1448", "Learn Salah", 
{"ev": "setup-tap", "label": "Begin", "t": 19.0}
{"ev": "setup-screen", "step": 3, "shot": "phone-landscape-lessons__setup3.png", "key": "c86a84345f", "labels": ["Location: ⁨⁩. Opens location settings", "Monday 5 October 2026", "24 Rabīʿ al-Thānī 1448", "Learn Salah", 
{"ev": "detect-result", "shot": "phone-landscape-lessons__setup3_after-detect-20s.png", "labels": ["Location: ⁨33.99°S, 150.80°E⁩. Opens location settings", "33.99°S, 150.80°E", "Monday 5 October 2026", "24 Rabīʿ al-Thān
{"ev": "setup-screen", "step": 4, "shot": "phone-landscape-lessons__setup4.png", "key": "91675d5361", "labels": ["Location: ⁨33.99°S, 150.80°E⁩. Opens location settings", "33.99°S, 150.80°E", "Monday 5 October 2026", "24
{"ev": "setup-tap", "label": "Next", "t": 50.0}
{"ev": "setup-screen", "step": 5, "shot": "phone-landscape-lessons__setup5.png", "key": "a4d6055339", "labels": ["Location: ⁨33.99°S, 150.80°E⁩. Opens location settings", "33.99°S, 150.80°E", "Monday 5 October 2026", "24
{"ev": "setup-stuck", "t": 55.1}
{"ev": "setup-screen", "step": 6, "shot": "phone-landscape-lessons__setup6.png", "key": "59c8d648ad", "labels": ["Location: ⁨33.99°S, 150.80°E⁩. Opens location settings", "33.99°S, 150.80°E", "Monday 5 October 2026", "24
{"ev": "setup-stuck", "t": 60.4}
{"ev": "setup-screen", "step": 7, "shot": "phone-landscape-lessons__setup7.png", "key": "4c0ae03e4b", "labels": ["Location: ⁨33.99°S, 150.80°E⁩. Opens location settings", "33.99°S, 150.80°E", "Monday 5 October 2026", "24
{"ev": "setup-tap", "label": "These look right", "t": 66.2}
{"ev": "setup-screen", "step": 8, "shot": "phone-landscape-lessons__setup8.png", "key": "72562db740", "labels": ["Location: ⁨33.99°S, 150.80°E⁩. Opens location settings", "33.99°S, 150.80°E", "Monday 5 October 2026", "24
{"ev": "setup-stuck", "t": 71.3}
{"ev": "setup-screen", "step": 9, "shot": "phone-landscape-lessons__setup9.png", "key": "6986209330", "labels": ["Location: ⁨33.99°S, 150.80°E⁩. Opens location settings", "33.99°S, 150.80°E", "Monday 5 October 2026", "24
{"ev": "setup-stuck", "t": 76.6}
{"ev": "setup-screen", "step": 10, "shot": "phone-landscape-lessons__setup10.png", "key": "194f709306", "labels": ["Location: ⁨33.99°S, 150.80°E⁩. Opens location settings", "33.99°S, 150.80°E", "Monday 5 October 2026", "
{"ev": "setup-tap", "label": "Finish", "t": 82.3}
{"ev": "setup-done", "step": 11, "t": 87.1}
{"ev": "setup-result", "ok": true, "t": 87.1}
{"ev": "theme-set", "kw": "Miqaat", "t": 106.0}
{"ev": "shot", "name": "learn-overview", "shot": "phone-landscape-lessons-Miqaat-en__001__learn-overview.png", "labels": ["Back", "Learn Salah", "الصَّلَاة", "One common form of the prayer, one action at a time, with the
{"ev": "shot", "name": "lesson-Fajr-step01", "shot": "phone-landscape-lessons-Miqaat-en__002__lesson-Fajr-step01.png", "labels": ["Back", "Fajr", "Step 1 of 21", "Fajr · rakʿah 1 of 2 · step 1 of 10 · Standing · start", 
{"ev": "shot", "name": "lesson-Fajr-step01-scrolled", "shot": "phone-landscape-lessons-Miqaat-en__003__lesson-Fajr-step01-scrolled.png", "labels": ["Back", "Fajr", "Step 1 of 21", "Fajr · rakʿah 1 of 2 · step 1 of 10 · S
{"ev": "shot", "name": "lesson-Fajr-step02", "shot": "phone-landscape-lessons-Miqaat-en__004__lesson-Fajr-step02.png", "labels": ["Back", "Fajr", "Step 2 of 21", "Fajr · rakʿah 1 of 2 · step 2 of 10 · Standing · opening"
{"ev": "shot", "name": "lesson-Fajr-step03", "shot": "phone-landscape-lessons-Miqaat-en__005__lesson-Fajr-step03.png", "labels": ["Back", "Fajr", "Step 3 of 21", "Fajr · rakʿah 1 of 2 · step 3 of 10 · Standing · seek ref
{"ev": "shot", "name": "lesson-Fajr-step04", "shot": "phone-landscape-lessons-Miqaat-en__006__lesson-Fajr-step04.png", "labels": ["Back", "Fajr", "Step 4 of 21", "Fajr · rakʿah 1 of 2 · step 4 of 10 · Standing · al-Fātiḥ
{"ev": "shot", "name": "lesson-Fajr-step05", "shot": "phone-landscape-lessons-Miqaat-en__007__lesson-Fajr-step05.png", "labels": ["Back", "Fajr", "Step 5 of 21", "Fajr · rakʿah 1 of 2 · step 5 of 10 · Standing · a sūrah"
{"ev": "shot", "name": "lesson-Fajr-step06", "shot": "phone-landscape-lessons-Miqaat-en__008__lesson-Fajr-step06.png", "labels": ["Back", "Fajr", "Step 6 of 21", "Fajr · rakʿah 1 of 2 · step 6 of 10 · Bowing · rukūʿ", "R
{"ev": "shot", "name": "lesson-Fajr-step07", "shot": "phone-landscape-lessons-Miqaat-en__009__lesson-Fajr-step07.png", "labels": ["Back", "Fajr", "Step 7 of 21", "Fajr · rakʿah 1 of 2 · step 7 of 10 · Rising from rukūʿ",
{"ev": "shot", "name": "lesson-Fajr-step07-scrolled", "shot": "phone-landscape-lessons-Miqaat-en__010__lesson-Fajr-step07-scrolled.png", "labels": ["Back", "Fajr", "Step 7 of 21", "Fajr · rakʿah 1 of 2 · step 7 of 10 · R
{"ev": "shot", "name": "lesson-Fajr-step08", "shot": "phone-landscape-lessons-Miqaat-en__011__lesson-Fajr-step08.png", "labels": ["Back", "Fajr", "Step 8 of 21", "Fajr · rakʿah 1 of 2 · step 8 of 10 · Prostration · sujūd
{"ev": "shot", "name": "lesson-Fajr-step09", "shot": "phone-landscape-lessons-Miqaat-en__012__lesson-Fajr-step09.png", "labels": ["Back", "Fajr", "Step 9 of 21", "Fajr · rakʿah 1 of 2 · step 9 of 10 · Sitting between the
{"ev": "shot", "name": "lesson-Fajr-step10", "shot": "phone-landscape-lessons-Miqaat-en__013__lesson-Fajr-step10.png", "labels": ["Back", "Fajr", "Step 10 of 21", "Fajr · rakʿah 1 of 2 · step 10 of 10 · Second prostratio
{"ev": "shot", "name": "lesson-Fajr-step11", "shot": "phone-landscape-lessons-Miqaat-en__014__lesson-Fajr-step11.png", "labels": ["Back", "Fajr", "Step 11 of 21", "Fajr · rakʿah 2 of 2 · step 1 of 11 · Standing · rakʿah 
{"ev": "shot", "name": "lesson-Fajr-step12", "shot": "phone-landscape-lessons-Miqaat-en__015__lesson-Fajr-step12.png", "labels": ["Back", "Fajr", "Step 12 of 21", "Fajr · rakʿah 2 of 2 · step 2 of 11 · Standing · al-Fāti
{"ev": "shot", "name": "lesson-Fajr-step13", "shot": "phone-landscape-lessons-Miqaat-en__016__lesson-Fajr-step13.png", "labels": ["Back", "Fajr", "Step 13 of 21", "Fajr · rakʿah 2 of 2 · step 3 of 11 · Standing · a sūrah
{"ev": "shot", "name": "lesson-Fajr-step13-scrolled", "shot": "phone-landscape-lessons-Miqaat-en__017__lesson-Fajr-step13-scrolled.png", "labels": ["Back", "Fajr", "Step 13 of 21", "Fajr · rakʿah 2 of 2 · step 3 of 11 · 
{"ev": "shot", "name": "lesson-Fajr-step14", "shot": "phone-landscape-lessons-Miqaat-en__018__lesson-Fajr-step14.png", "labels": ["Back", "Fajr", "Step 14 of 21", "Fajr · rakʿah 2 of 2 · step 4 of 11 · Bowing · rukūʿ", "
{"ev": "shot", "name": "lesson-Fajr-step15", "shot": "phone-landscape-lessons-Miqaat-en__019__lesson-Fajr-step15.png", "labels": ["Back", "Fajr", "Step 15 of 21", "Fajr · rakʿah 2 of 2 · step 5 of 11 · Rising from rukūʿ"
{"ev": "shot", "name": "lesson-Fajr-step16", "shot": "phone-landscape-lessons-Miqaat-en__020__lesson-Fajr-step16.png", "labels": ["Back", "Fajr", "Step 16 of 21", "Fajr · rakʿah 2 of 2 · step 6 of 11 · Prostration · sujū
{"ev": "shot", "name": "lesson-Fajr-step17", "shot": "phone-landscape-lessons-Miqaat-en__021__lesson-Fajr-step17.png", "labels": ["Back", "Fajr", "Step 17 of 21", "Fajr · rakʿah 2 of 2 · step 7 of 11 · Sitting between th
{"ev": "shot", "name": "lesson-Fajr-step18", "shot": "phone-landscape-lessons-Miqaat-en__022__lesson-Fajr-step18.png", "labels": ["Back", "Fajr", "Step 18 of 21", "Fajr · rakʿah 2 of 2 · step 8 of 11 · Second prostration
{"ev": "shot", "name": "lesson-Fajr-step19", "shot": "phone-landscape-lessons-Miqaat-en__023__lesson-Fajr-step19.png", "labels": ["Back", "Fajr", "Step 19 of 21", "Fajr · rakʿah 2 of 2 · step 9 of 11 · Sitting · tashahhu
{"ev": "shot", "name": "lesson-Fajr-step19-scrolled", "shot": "phone-landscape-lessons-Miqaat-en__024__lesson-Fajr-step19-scrolled.png", "labels": ["Back", "Fajr", "Step 19 of 21", "Fajr · rakʿah 2 of 2 · step 9 of 11 · 
{"ev": "shot", "name": "lesson-Fajr-step20", "shot": "phone-landscape-lessons-Miqaat-en__025__lesson-Fajr-step20.png", "labels": ["Back", "Fajr", "Step 20 of 21", "Fajr · rakʿah 2 of 2 · step 10 of 11 · Sitting · ṣalāh u
{"ev": "shot", "name": "lesson-Fajr-step21", "shot": "phone-landscape-lessons-Miqaat-en__026__lesson-Fajr-step21.png", "labels": ["Back", "Fajr", "Step 21 of 21", "Fajr · rakʿah 2 of 2 · step 11 of 11 · Finishing · salām
{"ev": "shot", "name": "lesson-Fajr-step22", "shot": "phone-landscape-lessons-Miqaat-en__027__lesson-Fajr-step22.png", "labels": ["Back", "Learn Salah", "الصَّلَاة", "One common form of the prayer, one action at a time, 
{"ev": "lesson-end", "prefix": "lesson-Fajr", "steps": 22, "last": ["Back", "Learn Salah", "الصَّلَاة", "One common form of the prayer, one action at a time, with the words in Arabic, how to say them and what they mean. 
{"ev": "shot", "name": "learn-overview", "shot": "phone-landscape-lessons-Miqaat-en__028__learn-overview.png", "labels": ["Back", "Learn Salah", "الصَّلَاة", "One common form of the prayer, one action at a time, with the
{"ev": "shot", "name": "lesson-Maghrib-step01", "shot": "phone-landscape-lessons-Miqaat-en__029__lesson-Maghrib-step01.png", "labels": ["Back", "Maghrib", "Step 1 of 29", "Maghrib · rakʿah 1 of 3 · step 1 of 10 · Standin
{"ev": "shot", "name": "lesson-Maghrib-step01-scrolled", "shot": "phone-landscape-lessons-Miqaat-en__030__lesson-Maghrib-step01-scrolled.png", "labels": ["Back", "Maghrib", "Step 1 of 29", "Maghrib · rakʿah 1 of 3 · step
{"ev": "shot", "name": "lesson-Maghrib-step02", "shot": "phone-landscape-lessons-Miqaat-en__031__lesson-Maghrib-step02.png", "labels": ["Back", "Maghrib", "Step 2 of 29", "Maghrib · rakʿah 1 of 3 · step 2 of 10 · Standin
{"ev": "shot", "name": "lesson-Maghrib-step03", "shot": "phone-landscape-lessons-Miqaat-en__032__lesson-Maghrib-step03.png", "labels": ["Back", "Maghrib", "Step 3 of 29", "Maghrib · rakʿah 1 of 3 · step 3 of 10 · Standin
{"ev": "shot", "name": "lesson-Maghrib-step04", "shot": "phone-landscape-lessons-Miqaat-en__033__lesson-Maghrib-step04.png", "labels": ["Back", "Maghrib", "Step 4 of 29", "Maghrib · rakʿah 1 of 3 · step 4 of 10 · Standin
{"ev": "shot", "name": "lesson-Maghrib-step05", "shot": "phone-landscape-lessons-Miqaat-en__034__lesson-Maghrib-step05.png", "labels": ["Back", "Maghrib", "Step 5 of 29", "Maghrib · rakʿah 1 of 3 · step 5 of 10 · Standin
{"ev": "shot", "name": "lesson-Maghrib-step06", "shot": "phone-landscape-lessons-Miqaat-en__035__lesson-Maghrib-step06.png", "labels": ["Back", "Maghrib", "Step 6 of 29", "Maghrib · rakʿah 1 of 3 · step 6 of 10 · Bowing 
{"ev": "shot", "name": "lesson-Maghrib-step07", "shot": "phone-landscape-lessons-Miqaat-en__036__lesson-Maghrib-step07.png", "labels": ["Back", "Maghrib", "Step 7 of 29", "Maghrib · rakʿah 1 of 3 · step 7 of 10 · Rising 
{"ev": "shot", "name": "lesson-Maghrib-step07-scrolled", "shot": "phone-landscape-lessons-Miqaat-en__037__lesson-Maghrib-step07-scrolled.png", "labels": ["Back", "Maghrib", "Step 7 of 29", "Maghrib · rakʿah 1 of 3 · step
{"ev": "shot", "name": "lesson-Maghrib-step08", "shot": "phone-landscape-lessons-Miqaat-en__038__lesson-Maghrib-step08.png", "labels": ["Back", "Maghrib", "Step 8 of 29", "Maghrib · rakʿah 1 of 3 · step 8 of 10 · Prostra
{"ev": "shot", "name": "lesson-Maghrib-step09", "shot": "phone-landscape-lessons-Miqaat-en__039__lesson-Maghrib-step09.png", "labels": ["Back", "Maghrib", "Step 9 of 29", "Maghrib · rakʿah 1 of 3 · step 9 of 10 · Sitting
{"ev": "shot", "name": "lesson-Maghrib-step10", "shot": "phone-landscape-lessons-Miqaat-en__040__lesson-Maghrib-step10.png", "labels": ["Back", "Maghrib", "Step 10 of 29", "Maghrib · rakʿah 1 of 3 · step 10 of 10 · Secon
{"ev": "shot", "name": "lesson-Maghrib-step11", "shot": "phone-landscape-lessons-Miqaat-en__041__lesson-Maghrib-step11.png", "labels": ["Back", "Maghrib", "Step 11 of 29", "Maghrib · rakʿah 2 of 3 · step 1 of 9 · Standin
{"ev": "shot", "name": "lesson-Maghrib-step12", "shot": "phone-landscape-lessons-Miqaat-en__042__lesson-Maghrib-step12.png", "labels": ["Back", "Maghrib", "Step 12 of 29", "Maghrib · rakʿah 2 of 3 · step 2 of 9 · Standin
{"ev": "shot", "name": "lesson-Maghrib-step13", "shot": "phone-landscape-lessons-Miqaat-en__043__lesson-Maghrib-step13.png", "labels": ["Back", "Maghrib", "Step 13 of 29", "Maghrib · rakʿah 2 of 3 · step 3 of 9 · Standin
{"ev": "shot", "name": "lesson-Maghrib-step13-scrolled", "shot": "phone-landscape-lessons-Miqaat-en__044__lesson-Maghrib-step13-scrolled.png", "labels": ["Back", "Maghrib", "Step 13 of 29", "Maghrib · rakʿah 2 of 3 · ste
{"ev": "shot", "name": "lesson-Maghrib-step14", "shot": "phone-landscape-lessons-Miqaat-en__045__lesson-Maghrib-step14.png", "labels": ["Back", "Maghrib", "Step 14 of 29", "Maghrib · rakʿah 2 of 3 · step 4 of 9 · Bowing 
{"ev": "shot", "name": "lesson-Maghrib-step15", "shot": "phone-landscape-lessons-Miqaat-en__046__lesson-Maghrib-step15.png", "labels": ["Back", "Maghrib", "Step 15 of 29", "Maghrib · rakʿah 2 of 3 · step 5 of 9 · Rising 
{"ev": "shot", "name": "lesson-Maghrib-step16", "shot": "phone-landscape-lessons-Miqaat-en__047__lesson-Maghrib-step16.png", "labels": ["Back", "Maghrib", "Step 16 of 29", "Maghrib · rakʿah 2 of 3 · step 6 of 9 · Prostra
{"ev": "shot", "name": "lesson-Maghrib-step17", "shot": "phone-landscape-lessons-Miqaat-en__048__lesson-Maghrib-step17.png", "labels": ["Back", "Maghrib", "Step 17 of 29", "Maghrib · rakʿah 2 of 3 · step 7 of 9 · Sitting
{"ev": "shot", "name": "lesson-Maghrib-step18", "shot": "phone-landscape-lessons-Miqaat-en__049__lesson-Maghrib-step18.png", "labels": ["Back", "Maghrib", "Step 18 of 29", "Maghrib · rakʿah 2 of 3 · step 8 of 9 · Second 
{"ev": "shot", "name": "lesson-Maghrib-step19", "shot": "phone-landscape-lessons-Miqaat-en__050__lesson-Maghrib-step19.png", "labels": ["Back", "Maghrib", "Step 19 of 29", "Maghrib · rakʿah 2 of 3 · step 9 of 9 · Sitting
{"ev": "shot", "name": "lesson-Maghrib-step19-scrolled", "shot": "phone-landscape-lessons-Miqaat-en__051__lesson-Maghrib-step19-scrolled.png", "labels": ["Back", "Maghrib", "Step 19 of 29", "Maghrib · rakʿah 2 of 3 · ste
{"ev": "shot", "name": "lesson-Maghrib-step20", "shot": "phone-landscape-lessons-Miqaat-en__052__lesson-Maghrib-step20.png", "labels": ["Back", "Maghrib", "Step 20 of 29", "Maghrib · rakʿah 3 of 3 · step 1 of 10 · Standi
{"ev": "shot", "name": "lesson-Maghrib-step21", "shot": "phone-landscape-lessons-Miqaat-en__053__lesson-Maghrib-step21.png", "labels": ["Back", "Maghrib", "Step 21 of 29", "Maghrib · rakʿah 3 of 3 · step 2 of 10 · Standi
{"ev": "shot", "name": "lesson-Maghrib-step22", "shot": "phone-landscape-lessons-Miqaat-en__054__lesson-Maghrib-step22.png", "labels": ["Back", "Maghrib", "Step 22 of 29", "Maghrib · rakʿah 3 of 3 · step 3 of 10 · Bowing
{"ev": "shot", "name": "lesson-Maghrib-step23", "shot": "phone-landscape-lessons-Miqaat-en__055__lesson-Maghrib-step23.png", "labels": ["Back", "Maghrib", "Step 23 of 29", "Maghrib · rakʿah 3 of 3 · step 4 of 10 · Rising
{"ev": "shot", "name": "lesson-Maghrib-step24", "shot": "phone-landscape-lessons-Miqaat-en__056__lesson-Maghrib-step24.png", "labels": ["Back", "Maghrib", "Step 24 of 29", "Maghrib · rakʿah 3 of 3 · step 5 of 10 · Prostr
{"ev": "shot", "name": "lesson-Maghrib-step25", "shot": "phone-landscape-lessons-Miqaat-en__057__lesson-Maghrib-step25.png", "labels": ["Back", "Maghrib", "Step 25 of 29", "Maghrib · rakʿah 3 of 3 · step 6 of 10 · Sittin
{"ev": "shot", "name": "lesson-Maghrib-step25-scrolled", "shot": "phone-landscape-lessons-Miqaat-en__058__lesson-Maghrib-step25-scrolled.png", "labels": ["Back", "Maghrib", "Step 25 of 29", "Maghrib · rakʿah 3 of 3 · ste
{"ev": "shot", "name": "lesson-Maghrib-step26", "shot": "phone-landscape-lessons-Miqaat-en__059__lesson-Maghrib-step26.png", "labels": ["Back", "Maghrib", "Step 26 of 29", "Maghrib · rakʿah 3 of 3 · step 7 of 10 · Second
{"ev": "shot", "name": "lesson-Maghrib-step27", "shot": "phone-landscape-lessons-Miqaat-en__060__lesson-Maghrib-step27.png", "labels": ["Back", "Maghrib", "Step 27 of 29", "Maghrib · rakʿah 3 of 3 · step 8 of 10 · Sittin
{"ev": "shot", "name": "lesson-Maghrib-step28", "shot": "phone-landscape-lessons-Miqaat-en__061__lesson-Maghrib-step28.png", "labels": ["Back", "Maghrib", "Step 28 of 29", "Maghrib · rakʿah 3 of 3 · step 9 of 10 · Sittin
{"ev": "shot", "name": "lesson-Maghrib-step29", "shot": "phone-landscape-lessons-Miqaat-en__062__lesson-Maghrib-step29.png", "labels": ["Back", "Maghrib", "Step 29 of 29", "Maghrib · rakʿah 3 of 3 · step 10 of 10 · Finis
{"ev": "shot", "name": "lesson-Maghrib-step30", "shot": "phone-landscape-lessons-Miqaat-en__063__lesson-Maghrib-step30.png", "labels": ["Back", "Learn Salah", "الصَّلَاة", "One common form of the prayer, one action at a 
{"ev": "lesson-end", "prefix": "lesson-Maghrib", "steps": 30, "last": ["Back", "Learn Salah", "الصَّلَاة", "One common form of the prayer, one action at a time, with the words in Arabic, how to say them and what they mea
{"ev": "shot", "name": "learn-overview", "shot": "phone-landscape-lessons-Miqaat-en__064__learn-overview.png", "labels": ["Back", "Learn Salah", "الصَّلَاة", "One common form of the prayer, one action at a time, with the
{"ev": "shot", "name": "lesson-DhuhrAsrIs-step01", "shot": "phone-landscape-lessons-Miqaat-en__065__lesson-DhuhrAsrIs-step01.png", "labels": ["Back", "Dhuhr · ʿAsr · Isha", "Step 1 of 36", "Dhuhr · ʿAsr · Isha · rakʿah 1
{"ev": "shot", "name": "lesson-DhuhrAsrIs-step01-scrolled", "shot": "phone-landscape-lessons-Miqaat-en__066__lesson-DhuhrAsrIs-step01-scrolled.png", "labels": ["Back", "Dhuhr · ʿAsr · Isha", "Step 1 of 36", "Dhuhr · ʿAsr
{"ev": "shot", "name": "lesson-DhuhrAsrIs-step02", "shot": "phone-landscape-lessons-Miqaat-en__067__lesson-DhuhrAsrIs-step02.png", "labels": ["Back", "Dhuhr · ʿAsr · Isha", "Step 2 of 36", "Dhuhr · ʿAsr · Isha · rakʿah 1
{"ev": "shot", "name": "lesson-DhuhrAsrIs-step03", "shot": "phone-landscape-lessons-Miqaat-en__068__lesson-DhuhrAsrIs-step03.png", "labels": ["Back", "Dhuhr · ʿAsr · Isha", "Step 3 of 36", "Dhuhr · ʿAsr · Isha · rakʿah 1
{"ev": "shot", "name": "lesson-DhuhrAsrIs-step04", "shot": "phone-landscape-lessons-Miqaat-en__069__lesson-DhuhrAsrIs-step04.png", "labels": ["Back", "Dhuhr · ʿAsr · Isha", "Step 4 of 36", "Dhuhr · ʿAsr · Isha · rakʿah 1
{"ev": "shot", "name": "lesson-DhuhrAsrIs-step05", "shot": "phone-landscape-lessons-Miqaat-en__070__lesson-DhuhrAsrIs-step05.png", "labels": ["Back", "Dhuhr · ʿAsr · Isha", "Step 5 of 36", "Dhuhr · ʿAsr · Isha · rakʿah 1
{"ev": "shot", "name": "lesson-DhuhrAsrIs-step06", "shot": "phone-landscape-lessons-Miqaat-en__071__lesson-DhuhrAsrIs-step06.png", "labels": ["Back", "Dhuhr · ʿAsr · Isha", "Step 6 of 36", "Dhuhr · ʿAsr · Isha · rakʿah 1
{"ev": "shot", "name": "lesson-DhuhrAsrIs-step07", "shot": "phone-landscape-lessons-Miqaat-en__072__lesson-DhuhrAsrIs-step07.png", "labels": ["Back", "Dhuhr · ʿAsr · Isha", "Step 7 of 36", "Dhuhr · ʿAsr · Isha · rakʿah 1
{"ev": "shot", "name": "lesson-DhuhrAsrIs-step07-scrolled", "shot": "phone-landscape-lessons-Miqaat-en__073__lesson-DhuhrAsrIs-step07-scrolled.png", "labels": ["Back", "Dhuhr · ʿAsr · Isha", "Step 7 of 36", "Dhuhr · ʿAsr
{"ev": "shot", "name": "lesson-DhuhrAsrIs-step08", "shot": "phone-landscape-lessons-Miqaat-en__074__lesson-DhuhrAsrIs-step08.png", "labels": ["Back", "Dhuhr · ʿAsr · Isha", "Step 8 of 36", "Dhuhr · ʿAsr · Isha · rakʿah 1
{"ev": "shot", "name": "lesson-DhuhrAsrIs-step09", "shot": "phone-landscape-lessons-Miqaat-en__075__lesson-DhuhrAsrIs-step09.png", "labels": ["Back", "Dhuhr · ʿAsr · Isha", "Step 9 of 36", "Dhuhr · ʿAsr · Isha · rakʿah 1
{"ev": "shot", "name": "lesson-DhuhrAsrIs-step10", "shot": "phone-landscape-lessons-Miqaat-en__076__lesson-DhuhrAsrIs-step10.png", "labels": ["Back", "Dhuhr · ʿAsr · Isha", "Step 10 of 36", "Dhuhr · ʿAsr · Isha · rakʿah 
{"ev": "shot", "name": "lesson-DhuhrAsrIs-step11", "shot": "phone-landscape-lessons-Miqaat-en__077__lesson-DhuhrAsrIs-step11.png", "labels": ["Back", "Dhuhr · ʿAsr · Isha", "Step 11 of 36", "Dhuhr · ʿAsr · Isha · rakʿah 
{"ev": "shot", "name": "lesson-DhuhrAsrIs-step12", "shot": "phone-landscape-lessons-Miqaat-en__078__lesson-DhuhrAsrIs-step12.png", "labels": ["Back", "Dhuhr · ʿAsr · Isha", "Step 12 of 36", "Dhuhr · ʿAsr · Isha · rakʿah 
{"ev": "shot", "name": "lesson-DhuhrAsrIs-step13", "shot": "phone-landscape-lessons-Miqaat-en__079__lesson-DhuhrAsrIs-step13.png", "labels": ["Back", "Dhuhr · ʿAsr · Isha", "Step 13 of 36", "Dhuhr · ʿAsr · Isha · rakʿah 
{"ev": "shot", "name": "lesson-DhuhrAsrIs-step13-scrolled", "shot": "phone-landscape-lessons-Miqaat-en__080__lesson-DhuhrAsrIs-step13-scrolled.png", "labels": ["Back", "Dhuhr · ʿAsr · Isha", "Step 13 of 36", "Dhuhr · ʿAs
{"ev": "shot", "name": "lesson-DhuhrAsrIs-step14", "shot": "phone-landscape-lessons-Miqaat-en__081__lesson-DhuhrAsrIs-step14.png", "labels": ["Back", "Dhuhr · ʿAsr · Isha", "Step 14 of 36", "Dhuhr · ʿAsr · Isha · rakʿah 
{"ev": "shot", "name": "lesson-DhuhrAsrIs-step15", "shot": "phone-landscape-lessons-Miqaat-en__082__lesson-DhuhrAsrIs-step15.png", "labels": ["Back", "Dhuhr · ʿAsr · Isha", "Step 15 of 36", "Dhuhr · ʿAsr · Isha · rakʿah 
{"ev": "shot", "name": "lesson-DhuhrAsrIs-step16", "shot": "phone-landscape-lessons-Miqaat-en__083__lesson-DhuhrAsrIs-step16.png", "labels": ["Back", "Dhuhr · ʿAsr · Isha", "Step 16 of 36", "Dhuhr · ʿAsr · Isha · rakʿah 
{"ev": "shot", "name": "lesson-DhuhrAsrIs-step17", "shot": "phone-landscape-lessons-Miqaat-en__084__lesson-DhuhrAsrIs-step17.png", "labels": ["Back", "Dhuhr · ʿAsr · Isha", "Step 17 of 36", "Dhuhr · ʿAsr · Isha · rakʿah 
{"ev": "shot", "name": "lesson-DhuhrAsrIs-step18", "shot": "phone-landscape-lessons-Miqaat-en__085__lesson-DhuhrAsrIs-step18.png", "labels": ["Back", "Dhuhr · ʿAsr · Isha", "Step 18 of 36", "Dhuhr · ʿAsr · Isha · rakʿah 
{"ev": "shot", "name": "lesson-DhuhrAsrIs-step19", "shot": "phone-landscape-lessons-Miqaat-en__086__lesson-DhuhrAsrIs-step19.png", "labels": ["Back", "Dhuhr · ʿAsr · Isha", "Step 19 of 36", "Dhuhr · ʿAsr · Isha · rakʿah 
{"ev": "shot", "name": "lesson-DhuhrAsrIs-step19-scrolled", "shot": "phone-landscape-lessons-Miqaat-en__087__lesson-DhuhrAsrIs-step19-scrolled.png", "labels": ["Back", "Dhuhr · ʿAsr · Isha", "Step 19 of 36", "Dhuhr · ʿAs
{"ev": "shot", "name": "lesson-DhuhrAsrIs-step20", "shot": "phone-landscape-lessons-Miqaat-en__088__lesson-DhuhrAsrIs-step20.png", "labels": ["Back", "Dhuhr · ʿAsr · Isha", "Step 20 of 36", "Dhuhr · ʿAsr · Isha · rakʿah 
{"ev": "shot", "name": "lesson-DhuhrAsrIs-step21", "shot": "phone-landscape-lessons-Miqaat-en__089__lesson-DhuhrAsrIs-step21.png", "labels": ["Back", "Dhuhr · ʿAsr · Isha", "Step 21 of 36", "Dhuhr · ʿAsr · Isha · rakʿah 
{"ev": "shot", "name": "lesson-DhuhrAsrIs-step22", "shot": "phone-landscape-lessons-Miqaat-en__090__lesson-DhuhrAsrIs-step22.png", "labels": ["Back", "Dhuhr · ʿAsr · Isha", "Step 22 of 36", "Dhuhr · ʿAsr · Isha · rakʿah 
{"ev": "shot", "name": "lesson-DhuhrAsrIs-step23", "shot": "phone-landscape-lessons-Miqaat-en__091__lesson-DhuhrAsrIs-step23.png", "labels": ["Back", "Dhuhr · ʿAsr · Isha", "Step 23 of 36", "Dhuhr · ʿAsr · Isha · rakʿah 
{"ev": "shot", "name": "lesson-DhuhrAsrIs-step24", "shot": "phone-landscape-lessons-Miqaat-en__092__lesson-DhuhrAsrIs-step24.png", "labels": ["Back", "Dhuhr · ʿAsr · Isha", "Step 24 of 36", "Dhuhr · ʿAsr · Isha · rakʿah 
{"ev": "shot", "name": "lesson-DhuhrAsrIs-step25", "shot": "phone-landscape-lessons-Miqaat-en__093__lesson-DhuhrAsrIs-step25.png", "labels": ["Back", "Dhuhr · ʿAsr · Isha", "Step 25 of 36", "Dhuhr · ʿAsr · Isha · rakʿah 
{"ev": "shot", "name": "lesson-DhuhrAsrIs-step25-scrolled", "shot": "phone-landscape-lessons-Miqaat-en__094__lesson-DhuhrAsrIs-step25-scrolled.png", "labels": ["Back", "Dhuhr · ʿAsr · Isha", "Step 25 of 36", "Dhuhr · ʿAs
{"ev": "shot", "name": "lesson-DhuhrAsrIs-step26", "shot": "phone-landscape-lessons-Miqaat-en__095__lesson-DhuhrAsrIs-step26.png", "labels": ["Back", "Dhuhr · ʿAsr · Isha", "Step 26 of 36", "Dhuhr · ʿAsr · Isha · rakʿah 
{"ev": "shot", "name": "lesson-DhuhrAsrIs-step27", "shot": "phone-landscape-lessons-Miqaat-en__096__lesson-DhuhrAsrIs-step27.png", "labels": ["Back", "Dhuhr · ʿAsr · Isha", "Step 27 of 36", "Dhuhr · ʿAsr · Isha · rakʿah 
{"ev": "shot", "name": "lesson-DhuhrAsrIs-step28", "shot": "phone-landscape-lessons-Miqaat-en__097__lesson-DhuhrAsrIs-step28.png", "labels": ["Back", "Dhuhr · ʿAsr · Isha", "Step 28 of 36", "Dhuhr · ʿAsr · Isha · rakʿah 
{"ev": "shot", "name": "lesson-DhuhrAsrIs-step29", "shot": "phone-landscape-lessons-Miqaat-en__098__lesson-DhuhrAsrIs-step29.png", "labels": ["Back", "Dhuhr · ʿAsr · Isha", "Step 29 of 36", "Dhuhr · ʿAsr · Isha · rakʿah 
{"ev": "shot", "name": "lesson-DhuhrAsrIs-step30", "shot": "phone-landscape-lessons-Miqaat-en__099__lesson-DhuhrAsrIs-step30.png", "labels": ["Back", "Dhuhr · ʿAsr · Isha", "Step 30 of 36", "Dhuhr · ʿAsr · Isha · rakʿah 
{"ev": "shot", "name": "lesson-DhuhrAsrIs-step31", "shot": "phone-landscape-lessons-Miqaat-en__100__lesson-DhuhrAsrIs-step31.png", "labels": ["Back", "Dhuhr · ʿAsr · Isha", "Step 31 of 36", "Dhuhr · ʿAsr · Isha · rakʿah 
{"ev": "shot", "name": "lesson-DhuhrAsrIs-step31-scrolled", "shot": "phone-landscape-lessons-Miqaat-en__101__lesson-DhuhrAsrIs-step31-scrolled.png", "labels": ["Back", "Dhuhr · ʿAsr · Isha", "Step 31 of 36", "Dhuhr · ʿAs
{"ev": "shot", "name": "lesson-DhuhrAsrIs-step32", "shot": "phone-landscape-lessons-Miqaat-en__102__lesson-DhuhrAsrIs-step32.png", "labels": ["Back", "Dhuhr · ʿAsr · Isha", "Step 32 of 36", "Dhuhr · ʿAsr · Isha · rakʿah 
{"ev": "shot", "name": "lesson-DhuhrAsrIs-step33", "shot": "phone-landscape-lessons-Miqaat-en__103__lesson-DhuhrAsrIs-step33.png", "labels": ["Back", "Dhuhr · ʿAsr · Isha", "Step 33 of 36", "Dhuhr · ʿAsr · Isha · rakʿah 
{"ev": "shot", "name": "lesson-DhuhrAsrIs-step34", "shot": "phone-landscape-lessons-Miqaat-en__104__lesson-DhuhrAsrIs-step34.png", "labels": ["Back", "Dhuhr · ʿAsr · Isha", "Step 34 of 36", "Dhuhr · ʿAsr · Isha · rakʿah 
{"ev": "shot", "name": "lesson-DhuhrAsrIs-step35", "shot": "phone-landscape-lessons-Miqaat-en__105__lesson-DhuhrAsrIs-step35.png", "labels": ["Back", "Dhuhr · ʿAsr · Isha", "Step 35 of 36", "Dhuhr · ʿAsr · Isha · rakʿah 
{"ev": "shot", "name": "lesson-DhuhrAsrIs-step36", "shot": "phone-landscape-lessons-Miqaat-en__106__lesson-DhuhrAsrIs-step36.png", "labels": ["Back", "Dhuhr · ʿAsr · Isha", "Step 36 of 36", "Dhuhr · ʿAsr · Isha · rakʿah 
{"ev": "shot", "name": "lesson-DhuhrAsrIs-step37", "shot": "phone-landscape-lessons-Miqaat-en__107__lesson-DhuhrAsrIs-step37.png", "labels": ["Back", "Learn Salah", "الصَّلَاة", "One common form of the prayer, one action
{"ev": "shot", "name": "lesson-DhuhrAsrIs-step37-scrolled", "shot": "phone-landscape-lessons-Miqaat-en__108__lesson-DhuhrAsrIs-step37-scrolled.png", "labels": ["Back", "Learn Salah", "One common form of the prayer, one a
{"ev": "lesson-end", "prefix": "lesson-DhuhrAsrIs", "steps": 37, "last": ["Back", "Learn Salah", "الصَّلَاة", "One common form of the prayer, one action at a time, with the words in Arabic, how to say them and what they 
{"ev": "shot", "name": "words-step01", "shot": "phone-landscape-lessons-Miqaat-en__109__words-step01.png", "labels": ["Back", "The words", "1 / 12", "Standing · start", "اللَّهُ أَكْبَرُ", "Hear it", "Slow", "Recited by 
{"ev": "shot", "name": "words-step01-scrolled", "shot": "phone-landscape-lessons-Miqaat-en__110__words-step01-scrolled.png", "labels": ["Back", "The words", "1 / 12", "Hear it", "Slow", "Recited by Abur Rahman Usman Zia 
{"ev": "shot", "name": "words-step02", "shot": "phone-landscape-lessons-Miqaat-en__111__words-step02.png", "labels": ["Back", "The words", "2 / 12", "Standing · opening", "سُبْحَانَكَ اللَّهُمَّ وَبِحَمْدِكَ، وَتَبَارَكَ
{"ev": "shot", "name": "words-step03", "shot": "phone-landscape-lessons-Miqaat-en__112__words-step03.png", "labels": ["Back", "The words", "3 / 12", "Standing · seek refuge", "أَعُوذُ بِاللَّهِ مِنَ الشَّيْطَانِ الرَّجِي
{"ev": "shot", "name": "words-step04", "shot": "phone-landscape-lessons-Miqaat-en__113__words-step04.png", "labels": ["Back", "The words", "4 / 12", "Standing · al-Fātiḥah", "الْحَمْدُ لِلَّهِ رَبِّ الْعَالَمِينَ ۝ الرَّ
{"ev": "shot", "name": "words-step05", "shot": "phone-landscape-lessons-Miqaat-en__114__words-step05.png", "labels": ["Back", "The words", "5 / 12", "Standing · a sūrah", "قُلْ هُوَ اللَّهُ أَحَدٌ ۝ اللَّهُ الصَّمَدُ ۝ ل
{"ev": "shot", "name": "words-step06", "shot": "phone-landscape-lessons-Miqaat-en__115__words-step06.png", "labels": ["Back", "The words", "6 / 12", "Bowing · rukūʿ", "اللَّهُ أَكْبَرُ · سُبْحَانَ رَبِّيَ الْعَظِيمِ", "H
{"ev": "shot", "name": "words-step07", "shot": "phone-landscape-lessons-Miqaat-en__116__words-step07.png", "labels": ["Back", "The words", "7 / 12", "Rising from rukūʿ", "سَمِعَ اللَّهُ لِمَنْ حَمِدَهُ · رَبَّنَا وَلَكَ 
{"ev": "shot", "name": "words-step08", "shot": "phone-landscape-lessons-Miqaat-en__117__words-step08.png", "labels": ["Back", "The words", "8 / 12", "Prostration · sujūd", "اللَّهُ أَكْبَرُ · سُبْحَانَ رَبِّيَ الأَعْلَى"
{"ev": "shot", "name": "words-step09", "shot": "phone-landscape-lessons-Miqaat-en__118__words-step09.png", "labels": ["Back", "The words", "9 / 12", "Sitting between the two sujūd", "اللَّهُ أَكْبَرُ · رَبِّ اغْفِرْ لِي،
{"ev": "shot", "name": "words-step10", "shot": "phone-landscape-lessons-Miqaat-en__119__words-step10.png", "labels": ["Back", "The words", "10 / 12", "Sitting · tashahhud", "التَّحِيَّاتُ لِلَّهِ وَالصَّلَوَاتُ وَالطَّيِ
{"ev": "shot", "name": "words-step11", "shot": "phone-landscape-lessons-Miqaat-en__120__words-step11.png", "labels": ["Back", "The words", "11 / 12", "Sitting · ṣalāh upon the Prophet ﷺ", "اللَّهُمَّ صَلِّ عَلَى مُحَمَّد
{"ev": "shot", "name": "words-step12", "shot": "phone-landscape-lessons-Miqaat-en__121__words-step12.png", "labels": ["Back", "The words", "12 / 12", "Finishing · salām", "السَّلاَمُ عَلَيْكُمْ وَرَحْمَةُ اللَّهِ", "Hear
{"ev": "lesson-end", "prefix": "words", "steps": 12, "last": ["Recited by Abur Rahman Usman Zia · bundled recording", "How to say it", "hide", "As-salāmu ʿalaykum wa raḥmatu llāh", "Meaning", "Previous step", "‹", "Back 
{"ev": "shot", "name": "movements-p0", "shot": "phone-landscape-lessons-Miqaat-en__122__movements-p0.png", "labels": ["Back", "The movements", "Standing upright facing the Qibla, both hands raised to the shoulders or ear
{"ev": "shot", "name": "movements-p1", "shot": "phone-landscape-lessons-Miqaat-en__123__movements-p1.png", "labels": ["Back", "The movements", "Standing upright, feet a little apart, hands folded over the chest or navel 
{"ev": "shot", "name": "movements-p2", "shot": "phone-landscape-lessons-Miqaat-en__124__movements-p2.png", "labels": ["Back", "The movements", "Standing upright, feet a little apart, hands folded over the chest or navel 
{"ev": "shot", "name": "movements-p3", "shot": "phone-landscape-lessons-Miqaat-en__125__movements-p3.png", "labels": ["Back", "The movements", "Standing upright again after bowing, arms at the sides", "Standing after ruk
{"ev": "shot", "name": "movements-p4", "shot": "phone-landscape-lessons-Miqaat-en__126__movements-p4.png", "labels": ["Back", "The movements", "Forehead and nose on the ground, palms flat beside the head, knees and toes 
{"ev": "shot", "name": "movements-p5", "shot": "phone-landscape-lessons-Miqaat-en__127__movements-p5.png", "labels": ["Back", "The movements", "Seated on the folded legs, hands resting on the thighs", "Sitting between pr
{"ev": "shot", "name": "movements-p6", "shot": "phone-landscape-lessons-Miqaat-en__128__movements-p6.png", "labels": ["Back", "The movements", "Seated on the folded legs, hands resting on the thighs", "Sitting between pr
{"ev": "theme-set", "kw": "Kiswah", "t": 780.1}
{"ev": "shot", "name": "learn-overview", "shot": "phone-landscape-lessons-Kiswah-en__129__learn-overview.png", "labels": ["Back", "LEARN SALAH", "الصَّلَاة", "One common form of the prayer, one action at a time, with the
{"ev": "shot", "name": "lesson-Fajr-step01", "shot": "phone-landscape-lessons-Kiswah-en__130__lesson-Fajr-step01.png", "labels": ["Back", "FAJR", "Step 1 of 21", "Fajr · rakʿah 1 of 2 · step 1 of 10 · Standing · start", 
{"ev": "shot", "name": "lesson-Fajr-step01-scrolled", "shot": "phone-landscape-lessons-Kiswah-en__131__lesson-Fajr-step01-scrolled.png", "labels": ["Back", "FAJR", "Step 1 of 21", "Fajr · rakʿah 1 of 2 · step 1 of 10 · S
{"ev": "shot", "name": "lesson-Fajr-step02", "shot": "phone-landscape-lessons-Kiswah-en__132__lesson-Fajr-step02.png", "labels": ["Back", "FAJR", "Step 2 of 21", "Fajr · rakʿah 1 of 2 · step 2 of 10 · Standing · opening"
{"ev": "shot", "name": "lesson-Fajr-step03", "shot": "phone-landscape-lessons-Kiswah-en__133__lesson-Fajr-step03.png", "labels": ["Back", "FAJR", "Step 3 of 21", "Fajr · rakʿah 1 of 2 · step 3 of 10 · Standing · seek ref
{"ev": "shot", "name": "lesson-Fajr-step04", "shot": "phone-landscape-lessons-Kiswah-en__134__lesson-Fajr-step04.png", "labels": ["Back", "FAJR", "Step 4 of 21", "Fajr · rakʿah 1 of 2 · step 4 of 10 · Standing · al-Fātiḥ
{"ev": "shot", "name": "lesson-Fajr-step05", "shot": "phone-landscape-lessons-Kiswah-en__135__lesson-Fajr-step05.png", "labels": ["Back", "FAJR", "Step 5 of 21", "Fajr · rakʿah 1 of 2 · step 5 of 10 · Standing · a sūrah"
{"ev": "shot", "name": "lesson-Fajr-step06", "shot": "phone-landscape-lessons-Kiswah-en__136__lesson-Fajr-step06.png", "labels": ["Back", "FAJR", "Step 6 of 21", "Fajr · rakʿah 1 of 2 · step 6 of 10 · Bowing · rukūʿ", "R
{"ev": "shot", "name": "lesson-Fajr-step07", "shot": "phone-landscape-lessons-Kiswah-en__137__lesson-Fajr-step07.png", "labels": ["Back", "FAJR", "Step 7 of 21", "Fajr · rakʿah 1 of 2 · step 7 of 10 · Rising from rukūʿ",
{"ev": "shot", "name": "lesson-Fajr-step07-scrolled", "shot": "phone-landscape-lessons-Kiswah-en__138__lesson-Fajr-step07-scrolled.png", "labels": ["Back", "FAJR", "Step 7 of 21", "Fajr · rakʿah 1 of 2 · step 7 of 10 · R
{"ev": "shot", "name": "lesson-Fajr-step08", "shot": "phone-landscape-lessons-Kiswah-en__139__lesson-Fajr-step08.png", "labels": ["Back", "FAJR", "Step 8 of 21", "Fajr · rakʿah 1 of 2 · step 8 of 10 · Prostration · sujūd
{"ev": "shot", "name": "lesson-Fajr-step09", "shot": "phone-landscape-lessons-Kiswah-en__140__lesson-Fajr-step09.png", "labels": ["Back", "FAJR", "Step 9 of 21", "Fajr · rakʿah 1 of 2 · step 9 of 10 · Sitting between the
{"ev": "shot", "name": "lesson-Fajr-step10", "shot": "phone-landscape-lessons-Kiswah-en__141__lesson-Fajr-step10.png", "labels": ["Back", "FAJR", "Step 10 of 21", "Fajr · rakʿah 1 of 2 · step 10 of 10 · Second prostratio
{"ev": "shot", "name": "lesson-Fajr-step11", "shot": "phone-landscape-lessons-Kiswah-en__142__lesson-Fajr-step11.png", "labels": ["Back", "FAJR", "Step 11 of 21", "Fajr · rakʿah 2 of 2 · step 1 of 11 · Standing · rakʿah 
{"ev": "shot", "name": "lesson-Fajr-step12", "shot": "phone-landscape-lessons-Kiswah-en__143__lesson-Fajr-step12.png", "labels": ["Back", "FAJR", "Step 12 of 21", "Fajr · rakʿah 2 of 2 · step 2 of 11 · Standing · al-Fāti
{"ev": "shot", "name": "lesson-Fajr-step13", "shot": "phone-landscape-lessons-Kiswah-en__144__lesson-Fajr-step13.png", "labels": ["Back", "FAJR", "Step 13 of 21", "Fajr · rakʿah 2 of 2 · step 3 of 11 · Standing · a sūrah
{"ev": "shot", "name": "lesson-Fajr-step13-scrolled", "shot": "phone-landscape-lessons-Kiswah-en__145__lesson-Fajr-step13-scrolled.png", "labels": ["Back", "FAJR", "Step 13 of 21", "Fajr · rakʿah 2 of 2 · step 3 of 11 · 
{"ev": "shot", "name": "lesson-Fajr-step14", "shot": "phone-landscape-lessons-Kiswah-en__146__lesson-Fajr-step14.png", "labels": ["Back", "FAJR", "Step 14 of 21", "Fajr · rakʿah 2 of 2 · step 4 of 11 · Bowing · rukūʿ", "
{"ev": "shot", "name": "lesson-Fajr-step15", "shot": "phone-landscape-lessons-Kiswah-en__147__lesson-Fajr-step15.png", "labels": ["Back", "FAJR", "Step 15 of 21", "Fajr · rakʿah 2 of 2 · step 5 of 11 · Rising from rukūʿ"
{"ev": "shot", "name": "lesson-Fajr-step16", "shot": "phone-landscape-lessons-Kiswah-en__148__lesson-Fajr-step16.png", "labels": ["Back", "FAJR", "Step 16 of 21", "Fajr · rakʿah 2 of 2 · step 6 of 11 · Prostration · sujū
{"ev": "shot", "name": "lesson-Fajr-step17", "shot": "phone-landscape-lessons-Kiswah-en__149__lesson-Fajr-step17.png", "labels": ["Back", "FAJR", "Step 17 of 21", "Fajr · rakʿah 2 of 2 · step 7 of 11 · Sitting between th
{"ev": "shot", "name": "lesson-Fajr-step18", "shot": "phone-landscape-lessons-Kiswah-en__150__lesson-Fajr-step18.png", "labels": ["Back", "FAJR", "Step 18 of 21", "Fajr · rakʿah 2 of 2 · step 8 of 11 · Second prostration
{"ev": "shot", "name": "lesson-Fajr-step19", "shot": "phone-landscape-lessons-Kiswah-en__151__lesson-Fajr-step19.png", "labels": ["Back", "FAJR", "Step 19 of 21", "Fajr · rakʿah 2 of 2 · step 9 of 11 · Sitting · tashahhu
{"ev": "shot", "name": "lesson-Fajr-step19-scrolled", "shot": "phone-landscape-lessons-Kiswah-en__152__lesson-Fajr-step19-scrolled.png", "labels": ["Back", "FAJR", "Step 19 of 21", "Fajr · rakʿah 2 of 2 · step 9 of 11 · 
{"ev": "shot", "name": "lesson-Fajr-step20", "shot": "phone-landscape-lessons-Kiswah-en__153__lesson-Fajr-step20.png", "labels": ["Back", "FAJR", "Step 20 of 21", "Fajr · rakʿah 2 of 2 · step 10 of 11 · Sitting · ṣalāh u
{"ev": "shot", "name": "lesson-Fajr-step21", "shot": "phone-landscape-lessons-Kiswah-en__154__lesson-Fajr-step21.png", "labels": ["Back", "FAJR", "Step 21 of 21", "Fajr · rakʿah 2 of 2 · step 11 of 11 · Finishing · salām
{"ev": "shot", "name": "lesson-Fajr-step22", "shot": "phone-landscape-lessons-Kiswah-en__155__lesson-Fajr-step22.png", "labels": ["Back", "LEARN SALAH", "الصَّلَاة", "One common form of the prayer, one action at a time, 
{"ev": "lesson-end", "prefix": "lesson-Fajr", "steps": 22, "last": ["Back", "LEARN SALAH", "الصَّلَاة", "One common form of the prayer, one action at a time, with the words in Arabic, how to say them and what they mean. 
{"ev": "shot", "name": "words-step01", "shot": "phone-landscape-lessons-Kiswah-en__156__words-step01.png", "labels": ["Back", "THE WORDS", "1 / 12", "STANDING · START", "اللَّهُ أَكْبَرُ", "Hear it", "Slow", "Recited by 
{"ev": "shot", "name": "words-step01-scrolled", "shot": "phone-landscape-lessons-Kiswah-en__157__words-step01-scrolled.png", "labels": ["Back", "THE WORDS", "1 / 12", "Hear it", "Slow", "Recited by Abur Rahman Usman Zia 
{"ev": "shot", "name": "words-step02", "shot": "phone-landscape-lessons-Kiswah-en__158__words-step02.png", "labels": ["Back", "THE WORDS", "2 / 12", "STANDING · OPENING", "سُبْحَانَكَ اللَّهُمَّ وَبِحَمْدِكَ، وَتَبَارَكَ
{"ev": "shot", "name": "words-step03", "shot": "phone-landscape-lessons-Kiswah-en__159__words-step03.png", "labels": ["Back", "THE WORDS", "3 / 12", "STANDING · SEEK REFUGE", "أَعُوذُ بِاللَّهِ مِنَ الشَّيْطَانِ الرَّجِي
{"ev": "shot", "name": "words-step04", "shot": "phone-landscape-lessons-Kiswah-en__160__words-step04.png", "labels": ["Back", "THE WORDS", "4 / 12", "STANDING · AL-FĀTIḤAH", "الْحَمْدُ لِلَّهِ رَبِّ الْعَالَمِينَ ۝ الرَّ
{"ev": "shot", "name": "words-step05", "shot": "phone-landscape-lessons-Kiswah-en__161__words-step05.png", "labels": ["Back", "THE WORDS", "5 / 12", "STANDING · A SŪRAH", "قُلْ هُوَ اللَّهُ أَحَدٌ ۝ اللَّهُ الصَّمَدُ ۝ ل
{"ev": "shot", "name": "words-step06", "shot": "phone-landscape-lessons-Kiswah-en__162__words-step06.png", "labels": ["Back", "THE WORDS", "6 / 12", "BOWING · RUKŪʿ", "اللَّهُ أَكْبَرُ · سُبْحَانَ رَبِّيَ الْعَظِيمِ", "H
{"ev": "shot", "name": "words-step07", "shot": "phone-landscape-lessons-Kiswah-en__163__words-step07.png", "labels": ["Back", "THE WORDS", "7 / 12", "RISING FROM RUKŪʿ", "سَمِعَ اللَّهُ لِمَنْ حَمِدَهُ · رَبَّنَا وَلَكَ 
{"ev": "shot", "name": "words-step08", "shot": "phone-landscape-lessons-Kiswah-en__164__words-step08.png", "labels": ["Back", "THE WORDS", "8 / 12", "PROSTRATION · SUJŪD", "اللَّهُ أَكْبَرُ · سُبْحَانَ رَبِّيَ الأَعْلَى"
{"ev": "shot", "name": "words-step09", "shot": "phone-landscape-lessons-Kiswah-en__165__words-step09.png", "labels": ["Back", "THE WORDS", "9 / 12", "SITTING BETWEEN THE TWO SUJŪD", "اللَّهُ أَكْبَرُ · رَبِّ اغْفِرْ لِي،
{"ev": "shot", "name": "words-step10", "shot": "phone-landscape-lessons-Kiswah-en__166__words-step10.png", "labels": ["Back", "THE WORDS", "10 / 12", "SITTING · TASHAHHUD", "التَّحِيَّاتُ لِلَّهِ وَالصَّلَوَاتُ وَالطَّيِ
{"ev": "shot", "name": "words-step11", "shot": "phone-landscape-lessons-Kiswah-en__167__words-step11.png", "labels": ["Back", "THE WORDS", "11 / 12", "SITTING · ṢALĀH UPON THE PROPHET ﷺ", "اللَّهُمَّ صَلِّ عَلَى مُحَمَّد
{"ev": "shot", "name": "words-step12", "shot": "phone-landscape-lessons-Kiswah-en__168__words-step12.png", "labels": ["Back", "THE WORDS", "12 / 12", "FINISHING · SALĀM", "السَّلاَمُ عَلَيْكُمْ وَرَحْمَةُ اللَّهِ", "Hear
{"ev": "lesson-end", "prefix": "words", "steps": 12, "last": ["Recited by Abur Rahman Usman Zia · bundled recording", "How to say it", "hide", "As-salāmu ʿalaykum wa raḥmatu llāh", "Meaning", "Previous step", "‹", "Back 
{"ev": "shot", "name": "movements-p0", "shot": "phone-landscape-lessons-Kiswah-en__169__movements-p0.png", "labels": ["Back", "THE MOVEMENTS", "Standing upright facing the Qibla, both hands raised to the shoulders or ear
{"ev": "shot", "name": "movements-p1", "shot": "phone-landscape-lessons-Kiswah-en__170__movements-p1.png", "labels": ["Back", "THE MOVEMENTS", "Standing upright, feet a little apart, hands folded over the chest or navel 
{"ev": "shot", "name": "movements-p2", "shot": "phone-landscape-lessons-Kiswah-en__171__movements-p2.png", "labels": ["Back", "THE MOVEMENTS", "Standing upright again after bowing, arms at the sides", "STANDING AFTER RUK
{"ev": "shot", "name": "movements-p3", "shot": "phone-landscape-lessons-Kiswah-en__172__movements-p3.png", "labels": ["Back", "THE MOVEMENTS", "Forehead and nose on the ground, palms flat beside the head, knees and toes 
{"ev": "shot", "name": "movements-p4", "shot": "phone-landscape-lessons-Kiswah-en__173__movements-p4.png", "labels": ["Back", "THE MOVEMENTS", "Seated on the folded legs, hands resting on the thighs", "SITTING BETWEEN PR
{"ev": "shot", "name": "movements-p5", "shot": "phone-landscape-lessons-Kiswah-en__174__movements-p5.png", "labels": ["Back", "THE MOVEMENTS", "Seated on the folded legs, hands resting on the thighs", "SITTING BETWEEN PR
{"ev": "shot", "name": "movements-p6", "shot": "phone-landscape-lessons-Kiswah-en__175__movements-p6.png", "labels": ["Back", "THE MOVEMENTS", "Seated on the folded legs, hands resting on the thighs", "SITTING BETWEEN PR
{"ev": "theme-set", "kw": "Celestial", "t": 1063.5}
{"ev": "shot", "name": "learn-overview", "shot": "phone-landscape-lessons-Celestial-en__176__learn-overview.png", "labels": ["Back", "Learn Salah", "الصَّلَاة", "One common form of the prayer, one action at a time, with 
{"ev": "shot", "name": "lesson-Fajr-step01", "shot": "phone-landscape-lessons-Celestial-en__177__lesson-Fajr-step01.png", "labels": ["Back", "Fajr", "Step 1 of 21", "Fajr · rakʿah 1 of 2 · step 1 of 10 · Standing · start
{"ev": "shot", "name": "lesson-Fajr-step01-scrolled", "shot": "phone-landscape-lessons-Celestial-en__178__lesson-Fajr-step01-scrolled.png", "labels": ["Back", "Fajr", "Step 1 of 21", "Fajr · rakʿah 1 of 2 · step 1 of 10 
{"ev": "shot", "name": "lesson-Fajr-step02", "shot": "phone-landscape-lessons-Celestial-en__179__lesson-Fajr-step02.png", "labels": ["Back", "Fajr", "Step 2 of 21", "Fajr · rakʿah 1 of 2 · step 2 of 10 · Standing · openi
{"ev": "shot", "name": "lesson-Fajr-step03", "shot": "phone-landscape-lessons-Celestial-en__180__lesson-Fajr-step03.png", "labels": ["Back", "Fajr", "Step 3 of 21", "Fajr · rakʿah 1 of 2 · step 3 of 10 · Standing · seek 
{"ev": "shot", "name": "lesson-Fajr-step04", "shot": "phone-landscape-lessons-Celestial-en__181__lesson-Fajr-step04.png", "labels": ["Back", "Fajr", "Step 4 of 21", "Fajr · rakʿah 1 of 2 · step 4 of 10 · Standing · al-Fā
{"ev": "shot", "name": "lesson-Fajr-step05", "shot": "phone-landscape-lessons-Celestial-en__182__lesson-Fajr-step05.png", "labels": ["Back", "Fajr", "Step 5 of 21", "Fajr · rakʿah 1 of 2 · step 5 of 10 · Standing · a sūr
{"ev": "shot", "name": "lesson-Fajr-step06", "shot": "phone-landscape-lessons-Celestial-en__183__lesson-Fajr-step06.png", "labels": ["Back", "Fajr", "Step 6 of 21", "Fajr · rakʿah 1 of 2 · step 6 of 10 · Bowing · rukūʿ",
{"ev": "shot", "name": "lesson-Fajr-step07", "shot": "phone-landscape-lessons-Celestial-en__184__lesson-Fajr-step07.png", "labels": ["Back", "Fajr", "Step 7 of 21", "Fajr · rakʿah 1 of 2 · step 7 of 10 · Rising from rukū
{"ev": "shot", "name": "lesson-Fajr-step07-scrolled", "shot": "phone-landscape-lessons-Celestial-en__185__lesson-Fajr-step07-scrolled.png", "labels": ["Back", "Fajr", "Step 7 of 21", "Fajr · rakʿah 1 of 2 · step 7 of 10 
{"ev": "shot", "name": "lesson-Fajr-step08", "shot": "phone-landscape-lessons-Celestial-en__186__lesson-Fajr-step08.png", "labels": ["Back", "Fajr", "Step 8 of 21", "Fajr · rakʿah 1 of 2 · step 8 of 10 · Prostration · su
{"ev": "shot", "name": "lesson-Fajr-step09", "shot": "phone-landscape-lessons-Celestial-en__187__lesson-Fajr-step09.png", "labels": ["Back", "Fajr", "Step 9 of 21", "Fajr · rakʿah 1 of 2 · step 9 of 10 · Sitting between 
{"ev": "shot", "name": "lesson-Fajr-step10", "shot": "phone-landscape-lessons-Celestial-en__188__lesson-Fajr-step10.png", "labels": ["Back", "Fajr", "Step 10 of 21", "Fajr · rakʿah 1 of 2 · step 10 of 10 · Second prostra
{"ev": "shot", "name": "lesson-Fajr-step11", "shot": "phone-landscape-lessons-Celestial-en__189__lesson-Fajr-step11.png", "labels": ["Back", "Fajr", "Step 11 of 21", "Fajr · rakʿah 2 of 2 · step 1 of 11 · Standing · rakʿ
{"ev": "shot", "name": "lesson-Fajr-step12", "shot": "phone-landscape-lessons-Celestial-en__190__lesson-Fajr-step12.png", "labels": ["Back", "Fajr", "Step 12 of 21", "Fajr · rakʿah 2 of 2 · step 2 of 11 · Standing · al-F
{"ev": "shot", "name": "lesson-Fajr-step13", "shot": "phone-landscape-lessons-Celestial-en__191__lesson-Fajr-step13.png", "labels": ["Back", "Fajr", "Step 13 of 21", "Fajr · rakʿah 2 of 2 · step 3 of 11 · Standing · a sū
{"ev": "shot", "name": "lesson-Fajr-step13-scrolled", "shot": "phone-landscape-lessons-Celestial-en__192__lesson-Fajr-step13-scrolled.png", "labels": ["Back", "Fajr", "Step 13 of 21", "Fajr · rakʿah 2 of 2 · step 3 of 11
{"ev": "shot", "name": "lesson-Fajr-step14", "shot": "phone-landscape-lessons-Celestial-en__193__lesson-Fajr-step14.png", "labels": ["Back", "Fajr", "Step 14 of 21", "Fajr · rakʿah 2 of 2 · step 4 of 11 · Bowing · rukūʿ"
{"ev": "shot", "name": "lesson-Fajr-step15", "shot": "phone-landscape-lessons-Celestial-en__194__lesson-Fajr-step15.png", "labels": ["Back", "Fajr", "Step 15 of 21", "Fajr · rakʿah 2 of 2 · step 5 of 11 · Rising from ruk
{"ev": "shot", "name": "lesson-Fajr-step16", "shot": "phone-landscape-lessons-Celestial-en__195__lesson-Fajr-step16.png", "labels": ["Back", "Fajr", "Step 16 of 21", "Fajr · rakʿah 2 of 2 · step 6 of 11 · Prostration · s
{"ev": "shot", "name": "lesson-Fajr-step17", "shot": "phone-landscape-lessons-Celestial-en__196__lesson-Fajr-step17.png", "labels": ["Back", "Fajr", "Step 17 of 21", "Fajr · rakʿah 2 of 2 · step 7 of 11 · Sitting between
{"ev": "shot", "name": "lesson-Fajr-step18", "shot": "phone-landscape-lessons-Celestial-en__197__lesson-Fajr-step18.png", "labels": ["Back", "Fajr", "Step 18 of 21", "Fajr · rakʿah 2 of 2 · step 8 of 11 · Second prostrat
{"ev": "shot", "name": "lesson-Fajr-step19", "shot": "phone-landscape-lessons-Celestial-en__198__lesson-Fajr-step19.png", "labels": ["Back", "Fajr", "Step 19 of 21", "Fajr · rakʿah 2 of 2 · step 9 of 11 · Sitting · tasha
{"ev": "shot", "name": "lesson-Fajr-step19-scrolled", "shot": "phone-landscape-lessons-Celestial-en__199__lesson-Fajr-step19-scrolled.png", "labels": ["Back", "Fajr", "Step 19 of 21", "Fajr · rakʿah 2 of 2 · step 9 of 11
{"ev": "shot", "name": "lesson-Fajr-step20", "shot": "phone-landscape-lessons-Celestial-en__200__lesson-Fajr-step20.png", "labels": ["Back", "Fajr", "Step 20 of 21", "Fajr · rakʿah 2 of 2 · step 10 of 11 · Sitting · ṣalā
{"ev": "shot", "name": "lesson-Fajr-step21", "shot": "phone-landscape-lessons-Celestial-en__201__lesson-Fajr-step21.png", "labels": ["Back", "Fajr", "Step 21 of 21", "Fajr · rakʿah 2 of 2 · step 11 of 11 · Finishing · sa
{"ev": "shot", "name": "lesson-Fajr-step22", "shot": "phone-landscape-lessons-Celestial-en__202__lesson-Fajr-step22.png", "labels": ["Back", "Learn Salah", "الصَّلَاة", "One common form of the prayer, one action at a tim
{"ev": "lesson-end", "prefix": "lesson-Fajr", "steps": 22, "last": ["Back", "Learn Salah", "الصَّلَاة", "One common form of the prayer, one action at a time, with the words in Arabic, how to say them and what they mean. 
{"ev": "shot", "name": "words-step01", "shot": "phone-landscape-lessons-Celestial-en__203__words-step01.png", "labels": ["Back", "The words", "1 / 12", "Standing · start", "اللَّهُ أَكْبَرُ", "Hear it", "Slow", "Recited 
{"ev": "shot", "name": "words-step01-scrolled", "shot": "phone-landscape-lessons-Celestial-en__204__words-step01-scrolled.png", "labels": ["Back", "The words", "1 / 12", "Hear it", "Slow", "Recited by Abur Rahman Usman Z
{"ev": "shot", "name": "words-step02", "shot": "phone-landscape-lessons-Celestial-en__205__words-step02.png", "labels": ["Back", "The words", "2 / 12", "Standing · opening", "سُبْحَانَكَ اللَّهُمَّ وَبِحَمْدِكَ، وَتَبَار
{"ev": "shot", "name": "words-step03", "shot": "phone-landscape-lessons-Celestial-en__206__words-step03.png", "labels": ["Back", "The words", "3 / 12", "Standing · seek refuge", "أَعُوذُ بِاللَّهِ مِنَ الشَّيْطَانِ الرَّ
{"ev": "shot", "name": "words-step04", "shot": "phone-landscape-lessons-Celestial-en__207__words-step04.png", "labels": ["Back", "The words", "4 / 12", "Standing · al-Fātiḥah", "الْحَمْدُ لِلَّهِ رَبِّ الْعَالَمِينَ ۝ ال
{"ev": "shot", "name": "words-step05", "shot": "phone-landscape-lessons-Celestial-en__208__words-step05.png", "labels": ["Back", "The words", "5 / 12", "Standing · a sūrah", "قُلْ هُوَ اللَّهُ أَحَدٌ ۝ اللَّهُ الصَّمَدُ 
{"ev": "shot", "name": "words-step06", "shot": "phone-landscape-lessons-Celestial-en__209__words-step06.png", "labels": ["Back", "The words", "6 / 12", "Bowing · rukūʿ", "اللَّهُ أَكْبَرُ · سُبْحَانَ رَبِّيَ الْعَظِيمِ",
{"ev": "shot", "name": "words-step07", "shot": "phone-landscape-lessons-Celestial-en__210__words-step07.png", "labels": ["Back", "The words", "7 / 12", "Rising from rukūʿ", "سَمِعَ اللَّهُ لِمَنْ حَمِدَهُ · رَبَّنَا وَلَ
{"ev": "shot", "name": "words-step08", "shot": "phone-landscape-lessons-Celestial-en__211__words-step08.png", "labels": ["Back", "The words", "8 / 12", "Prostration · sujūd", "اللَّهُ أَكْبَرُ · سُبْحَانَ رَبِّيَ الأَعْل
{"ev": "shot", "name": "words-step09", "shot": "phone-landscape-lessons-Celestial-en__212__words-step09.png", "labels": ["Back", "The words", "9 / 12", "Sitting between the two sujūd", "اللَّهُ أَكْبَرُ · رَبِّ اغْفِرْ ل
{"ev": "shot", "name": "words-step10", "shot": "phone-landscape-lessons-Celestial-en__213__words-step10.png", "labels": ["Back", "The words", "10 / 12", "Sitting · tashahhud", "التَّحِيَّاتُ لِلَّهِ وَالصَّلَوَاتُ وَالطَ
{"ev": "shot", "name": "words-step11", "shot": "phone-landscape-lessons-Celestial-en__214__words-step11.png", "labels": ["Back", "The words", "11 / 12", "Sitting · ṣalāh upon the Prophet ﷺ", "اللَّهُمَّ صَلِّ عَلَى مُحَم
{"ev": "shot", "name": "words-step12", "shot": "phone-landscape-lessons-Celestial-en__215__words-step12.png", "labels": ["Back", "The words", "12 / 12", "Finishing · salām", "السَّلاَمُ عَلَيْكُمْ وَرَحْمَةُ اللَّهِ", "H
{"ev": "lesson-end", "prefix": "words", "steps": 12, "last": ["Recited by Abur Rahman Usman Zia · bundled recording", "How to say it", "hide", "As-salāmu ʿalaykum wa raḥmatu llāh", "Meaning", "Previous step", "‹", "Back 
{"ev": "shot", "name": "movements-p0", "shot": "phone-landscape-lessons-Celestial-en__216__movements-p0.png", "labels": ["Back", "The movements", "Standing upright facing the Qibla, both hands raised to the shoulders or 
{"ev": "shot", "name": "movements-p1", "shot": "phone-landscape-lessons-Celestial-en__217__movements-p1.png", "labels": ["Back", "The movements", "Standing upright, feet a little apart, hands folded over the chest or nav
{"ev": "shot", "name": "movements-p2", "shot": "phone-landscape-lessons-Celestial-en__218__movements-p2.png", "labels": ["Back", "The movements", "Standing upright again after bowing, arms at the sides", "Standing after 
{"ev": "shot", "name": "movements-p3", "shot": "phone-landscape-lessons-Celestial-en__219__movements-p3.png", "labels": ["Back", "The movements", "Forehead and nose on the ground, palms flat beside the head, knees and to
{"ev": "shot", "name": "movements-p4", "shot": "phone-landscape-lessons-Celestial-en__220__movements-p4.png", "labels": ["Back", "The movements", "Seated on the folded legs, hands resting on the thighs", "Sitting between
{"ev": "shot", "name": "movements-p5", "shot": "phone-landscape-lessons-Celestial-en__221__movements-p5.png", "labels": ["Back", "The movements", "Seated on the folded legs, hands resting on the thighs", "Sitting between
{"ev": "shot", "name": "movements-p6", "shot": "phone-landscape-lessons-Celestial-en__222__movements-p6.png", "labels": ["Back", "The movements", "Seated on the folded legs, hands resting on the thighs", "Sitting between
{"ev": "theme-set", "kw": "Gallery", "t": 1349.8}
{"ev": "shot", "name": "learn-overview", "shot": "phone-landscape-lessons-Gallery-en__223__learn-overview.png", "labels": ["Back", "Learn Salah", "الصَّلَاة", "One common form of the prayer, one action at a time, with th
{"ev": "shot", "name": "lesson-Fajr-step01", "shot": "phone-landscape-lessons-Gallery-en__224__lesson-Fajr-step01.png", "labels": ["Back", "Fajr", "Step 1 of 21", "Fajr · rakʿah 1 of 2 · step 1 of 10 · Standing · start",
{"ev": "shot", "name": "lesson-Fajr-step01-scrolled", "shot": "phone-landscape-lessons-Gallery-en__225__lesson-Fajr-step01-scrolled.png", "labels": ["Back", "Fajr", "Step 1 of 21", "Fajr · rakʿah 1 of 2 · step 1 of 10 · 
{"ev": "shot", "name": "lesson-Fajr-step02", "shot": "phone-landscape-lessons-Gallery-en__226__lesson-Fajr-step02.png", "labels": ["Back", "Fajr", "Step 2 of 21", "Fajr · rakʿah 1 of 2 · step 2 of 10 · Standing · opening
{"ev": "shot", "name": "lesson-Fajr-step03", "shot": "phone-landscape-lessons-Gallery-en__227__lesson-Fajr-step03.png", "labels": ["Back", "Fajr", "Step 3 of 21", "Fajr · rakʿah 1 of 2 · step 3 of 10 · Standing · seek re
{"ev": "shot", "name": "lesson-Fajr-step04", "shot": "phone-landscape-lessons-Gallery-en__228__lesson-Fajr-step04.png", "labels": ["Back", "Fajr", "Step 4 of 21", "Fajr · rakʿah 1 of 2 · step 4 of 10 · Standing · al-Fāti
{"ev": "shot", "name": "lesson-Fajr-step05", "shot": "phone-landscape-lessons-Gallery-en__229__lesson-Fajr-step05.png", "labels": ["Back", "Fajr", "Step 5 of 21", "Fajr · rakʿah 1 of 2 · step 5 of 10 · Standing · a sūrah
{"ev": "shot", "name": "lesson-Fajr-step06", "shot": "phone-landscape-lessons-Gallery-en__230__lesson-Fajr-step06.png", "labels": ["Back", "Fajr", "Step 6 of 21", "Fajr · rakʿah 1 of 2 · step 6 of 10 · Bowing · rukūʿ", "
{"ev": "shot", "name": "lesson-Fajr-step07", "shot": "phone-landscape-lessons-Gallery-en__231__lesson-Fajr-step07.png", "labels": ["Back", "Fajr", "Step 7 of 21", "Fajr · rakʿah 1 of 2 · step 7 of 10 · Rising from rukūʿ"
{"ev": "shot", "name": "lesson-Fajr-step07-scrolled", "shot": "phone-landscape-lessons-Gallery-en__232__lesson-Fajr-step07-scrolled.png", "labels": ["Back", "Fajr", "Step 7 of 21", "Fajr · rakʿah 1 of 2 · step 7 of 10 · 
{"ev": "shot", "name": "lesson-Fajr-step08", "shot": "phone-landscape-lessons-Gallery-en__233__lesson-Fajr-step08.png", "labels": ["Back", "Fajr", "Step 8 of 21", "Fajr · rakʿah 1 of 2 · step 8 of 10 · Prostration · sujū
{"ev": "shot", "name": "lesson-Fajr-step09", "shot": "phone-landscape-lessons-Gallery-en__234__lesson-Fajr-step09.png", "labels": ["Back", "Fajr", "Step 9 of 21", "Fajr · rakʿah 1 of 2 · step 9 of 10 · Sitting between th
{"ev": "shot", "name": "lesson-Fajr-step10", "shot": "phone-landscape-lessons-Gallery-en__235__lesson-Fajr-step10.png", "labels": ["Back", "Fajr", "Step 10 of 21", "Fajr · rakʿah 1 of 2 · step 10 of 10 · Second prostrati
{"ev": "shot", "name": "lesson-Fajr-step11", "shot": "phone-landscape-lessons-Gallery-en__236__lesson-Fajr-step11.png", "labels": ["Back", "Fajr", "Step 11 of 21", "Fajr · rakʿah 2 of 2 · step 1 of 11 · Standing · rakʿah
{"ev": "shot", "name": "lesson-Fajr-step12", "shot": "phone-landscape-lessons-Gallery-en__237__lesson-Fajr-step12.png", "labels": ["Back", "Fajr", "Step 12 of 21", "Fajr · rakʿah 2 of 2 · step 2 of 11 · Standing · al-Fāt
{"ev": "shot", "name": "lesson-Fajr-step13", "shot": "phone-landscape-lessons-Gallery-en__238__lesson-Fajr-step13.png", "labels": ["Back", "Fajr", "Step 13 of 21", "Fajr · rakʿah 2 of 2 · step 3 of 11 · Standing · a sūra
{"ev": "shot", "name": "lesson-Fajr-step13-scrolled", "shot": "phone-landscape-lessons-Gallery-en__239__lesson-Fajr-step13-scrolled.png", "labels": ["Back", "Fajr", "Step 13 of 21", "Fajr · rakʿah 2 of 2 · step 3 of 11 ·
{"ev": "shot", "name": "lesson-Fajr-step14", "shot": "phone-landscape-lessons-Gallery-en__240__lesson-Fajr-step14.png", "labels": ["Back", "Fajr", "Step 14 of 21", "Fajr · rakʿah 2 of 2 · step 4 of 11 · Bowing · rukūʿ", 
{"ev": "shot", "name": "lesson-Fajr-step15", "shot": "phone-landscape-lessons-Gallery-en__241__lesson-Fajr-step15.png", "labels": ["Back", "Fajr", "Step 15 of 21", "Fajr · rakʿah 2 of 2 · step 5 of 11 · Rising from rukūʿ
{"ev": "shot", "name": "lesson-Fajr-step16", "shot": "phone-landscape-lessons-Gallery-en__242__lesson-Fajr-step16.png", "labels": ["Back", "Fajr", "Step 16 of 21", "Fajr · rakʿah 2 of 2 · step 6 of 11 · Prostration · suj
{"ev": "shot", "name": "lesson-Fajr-step17", "shot": "phone-landscape-lessons-Gallery-en__243__lesson-Fajr-step17.png", "labels": ["Back", "Fajr", "Step 17 of 21", "Fajr · rakʿah 2 of 2 · step 7 of 11 · Sitting between t
{"ev": "shot", "name": "lesson-Fajr-step18", "shot": "phone-landscape-lessons-Gallery-en__244__lesson-Fajr-step18.png", "labels": ["Back", "Fajr", "Step 18 of 21", "Fajr · rakʿah 2 of 2 · step 8 of 11 · Second prostratio
{"ev": "shot", "name": "lesson-Fajr-step19", "shot": "phone-landscape-lessons-Gallery-en__245__lesson-Fajr-step19.png", "labels": ["Back", "Fajr", "Step 19 of 21", "Fajr · rakʿah 2 of 2 · step 9 of 11 · Sitting · tashahh
{"ev": "shot", "name": "lesson-Fajr-step19-scrolled", "shot": "phone-landscape-lessons-Gallery-en__246__lesson-Fajr-step19-scrolled.png", "labels": ["Back", "Fajr", "Step 19 of 21", "Fajr · rakʿah 2 of 2 · step 9 of 11 ·
{"ev": "shot", "name": "lesson-Fajr-step20", "shot": "phone-landscape-lessons-Gallery-en__247__lesson-Fajr-step20.png", "labels": ["Back", "Fajr", "Step 20 of 21", "Fajr · rakʿah 2 of 2 · step 10 of 11 · Sitting · ṣalāh 
{"ev": "shot", "name": "lesson-Fajr-step21", "shot": "phone-landscape-lessons-Gallery-en__248__lesson-Fajr-step21.png", "labels": ["Back", "Fajr", "Step 21 of 21", "Fajr · rakʿah 2 of 2 · step 11 of 11 · Finishing · salā
{"ev": "shot", "name": "lesson-Fajr-step22", "shot": "phone-landscape-lessons-Gallery-en__249__lesson-Fajr-step22.png", "labels": ["Back", "Learn Salah", "الصَّلَاة", "One common form of the prayer, one action at a time,
{"ev": "lesson-end", "prefix": "lesson-Fajr", "steps": 22, "last": ["Back", "Learn Salah", "الصَّلَاة", "One common form of the prayer, one action at a time, with the words in Arabic, how to say them and what they mean. 
{"ev": "shot", "name": "words-step01", "shot": "phone-landscape-lessons-Gallery-en__250__words-step01.png", "labels": ["Back", "The words", "1 / 12", "Standing · start", "اللَّهُ أَكْبَرُ", "Hear it", "Slow", "Recited by
{"ev": "shot", "name": "words-step01-scrolled", "shot": "phone-landscape-lessons-Gallery-en__251__words-step01-scrolled.png", "labels": ["Back", "The words", "1 / 12", "Hear it", "Slow", "Recited by Abur Rahman Usman Zia
{"ev": "shot", "name": "words-step02", "shot": "phone-landscape-lessons-Gallery-en__252__words-step02.png", "labels": ["Back", "The words", "2 / 12", "Standing · opening", "سُبْحَانَكَ اللَّهُمَّ وَبِحَمْدِكَ، وَتَبَارَك
{"ev": "shot", "name": "words-step03", "shot": "phone-landscape-lessons-Gallery-en__253__words-step03.png", "labels": ["Back", "The words", "3 / 12", "Standing · seek refuge", "أَعُوذُ بِاللَّهِ مِنَ الشَّيْطَانِ الرَّجِ
{"ev": "shot", "name": "words-step04", "shot": "phone-landscape-lessons-Gallery-en__254__words-step04.png", "labels": ["Back", "The words", "4 / 12", "Standing · al-Fātiḥah", "الْحَمْدُ لِلَّهِ رَبِّ الْعَالَمِينَ ۝ الرَ
{"ev": "shot", "name": "words-step05", "shot": "phone-landscape-lessons-Gallery-en__255__words-step05.png", "labels": ["Back", "The words", "5 / 12", "Standing · a sūrah", "قُلْ هُوَ اللَّهُ أَحَدٌ ۝ اللَّهُ الصَّمَدُ ۝ 
{"ev": "shot", "name": "words-step06", "shot": "phone-landscape-lessons-Gallery-en__256__words-step06.png", "labels": ["Back", "The words", "6 / 12", "Bowing · rukūʿ", "اللَّهُ أَكْبَرُ · سُبْحَانَ رَبِّيَ الْعَظِيمِ", "
{"ev": "shot", "name": "words-step07", "shot": "phone-landscape-lessons-Gallery-en__257__words-step07.png", "labels": ["Back", "The words", "7 / 12", "Rising from rukūʿ", "سَمِعَ اللَّهُ لِمَنْ حَمِدَهُ · رَبَّنَا وَلَكَ
{"ev": "shot", "name": "words-step08", "shot": "phone-landscape-lessons-Gallery-en__258__words-step08.png", "labels": ["Back", "The words", "8 / 12", "Prostration · sujūd", "اللَّهُ أَكْبَرُ · سُبْحَانَ رَبِّيَ الأَعْلَى
{"ev": "shot", "name": "words-step09", "shot": "phone-landscape-lessons-Gallery-en__259__words-step09.png", "labels": ["Back", "The words", "9 / 12", "Sitting between the two sujūd", "اللَّهُ أَكْبَرُ · رَبِّ اغْفِرْ لِي
{"ev": "shot", "name": "words-step10", "shot": "phone-landscape-lessons-Gallery-en__260__words-step10.png", "labels": ["Back", "The words", "10 / 12", "Sitting · tashahhud", "التَّحِيَّاتُ لِلَّهِ وَالصَّلَوَاتُ وَالطَّي
{"ev": "shot", "name": "words-step11", "shot": "phone-landscape-lessons-Gallery-en__261__words-step11.png", "labels": ["Back", "The words", "11 / 12", "Sitting · ṣalāh upon the Prophet ﷺ", "اللَّهُمَّ صَلِّ عَلَى مُحَمَّ
{"ev": "shot", "name": "words-step12", "shot": "phone-landscape-lessons-Gallery-en__262__words-step12.png", "labels": ["Back", "The words", "12 / 12", "Finishing · salām", "السَّلاَمُ عَلَيْكُمْ وَرَحْمَةُ اللَّهِ", "Hea
{"ev": "lesson-end", "prefix": "words", "steps": 12, "last": ["Recited by Abur Rahman Usman Zia · bundled recording", "How to say it", "hide", "As-salāmu ʿalaykum wa raḥmatu llāh", "Meaning", "Previous step", "‹", "Back 
{"ev": "shot", "name": "movements-p0", "shot": "phone-landscape-lessons-Gallery-en__263__movements-p0.png", "labels": ["Back", "The movements", "Standing upright facing the Qibla, both hands raised to the shoulders or ea
{"ev": "shot", "name": "movements-p1", "shot": "phone-landscape-lessons-Gallery-en__264__movements-p1.png", "labels": ["Back", "The movements", "Standing upright facing the Qibla, both hands raised to the shoulders or ea
{"ev": "shot", "name": "movements-p2", "shot": "phone-landscape-lessons-Gallery-en__265__movements-p2.png", "labels": ["Back", "The movements", "Bent forward from the hips, back level, palms on the knees", "Bowing · rukū
{"ev": "shot", "name": "movements-p3", "shot": "phone-landscape-lessons-Gallery-en__266__movements-p3.png", "labels": ["Back", "The movements", "Standing upright again after bowing, arms at the sides", "Standing after ru
{"ev": "shot", "name": "movements-p4", "shot": "phone-landscape-lessons-Gallery-en__267__movements-p4.png", "labels": ["Back", "The movements", "Forehead and nose on the ground, palms flat beside the head, knees and toes
{"ev": "shot", "name": "movements-p5", "shot": "phone-landscape-lessons-Gallery-en__268__movements-p5.png", "labels": ["Back", "The movements", "Seated on the folded legs, hands resting on the thighs", "Sitting between p
{"ev": "shot", "name": "movements-p6", "shot": "phone-landscape-lessons-Gallery-en__269__movements-p6.png", "labels": ["Back", "The movements", "Seated on the folded legs, hands resting on the thighs", "Sitting between p
{"ev": "crash-buffer", "bytes": 0, "head": "", "t": 1618.8}
{"ev": "gfx", "lines": ["Total frames rendered: 1773", "Janky frames: 1764 (99.49%)", "Janky frames (legacy): 1773 (100.00%)", "50th percentile: 150ms", "90th percentile: 350ms", "95th percentile: 350ms", "99th percentil
{"ev": "mem", "lines": ["  Native Heap    82850    82792        0        0    85988    94820    81949     8966", "        TOTAL   109246    95368     3984        0   237492   110737    89908    16924", "           Java H
