{"ev": "env", "density": 2.0, "size": "Physical size: 2560x1600", "rot": "", "t": 0.0}
{"ev": "cold-start-ms", "ms": 1698, "t": 2.1}
{"ev": "setup-screen", "step": 0, "shot": "tablet-portrait-font20__setup0.png", "key": "e2de2f5ebf", "labels": ["Location: ⁨⁩. Opens location settings", "Monday 5 October 2026", "24 Rabīʿ al-Thānī 1448", "NEXT PRAYER. As
{"ev": "setup-tap", "label": "Begin", "t": 7.3}
{"ev": "setup-screen", "step": 1, "shot": "tablet-portrait-font20__setup1.png", "key": "91496cfaa1", "labels": ["Location: ⁨⁩. Opens location settings", "Monday 5 October 2026", "24 Rabīʿ al-Thānī 1448", "NEXT PRAYER. As
{"ev": "detect-result", "shot": "tablet-portrait-font20__setup1_after-detect-20s.png", "labels": ["Location: ⁨⁩. Opens location settings", "Monday 5 October 2026", "24 Rabīʿ al-Thānī 1448", "NEXT PRAYER. Asr, 12:32 PM, I
{"ev": "setup-tap", "label": "Sydney, NSW (preset; detect did not complete)", "t": 37.2}
{"ev": "setup-screen", "step": 2, "shot": "tablet-portrait-font20__setup2.png", "key": "13acc92278", "labels": ["Location: ⁨Sydney, NSW⁩. Opens location settings", "Sydney, NSW", "Monday 5 October 2026", "24 Rabīʿ al-Thā
{"ev": "setup-tap", "label": "Next", "t": 39.5}
{"ev": "setup-screen", "step": 3, "shot": "tablet-portrait-font20__setup3.png", "key": "40a3b22f9e", "labels": ["Location: ⁨Sydney, NSW⁩. Opens location settings", "Sydney, NSW", "Monday 5 October 2026", "24 Rabīʿ al-Thā
{"ev": "setup-tap", "label": "These look right", "t": 44.6}
{"ev": "setup-screen", "step": 4, "shot": "tablet-portrait-font20__setup4.png", "key": "ca096c4d9c", "labels": ["Location: ⁨Sydney, NSW⁩. Opens location settings", "Sydney, NSW", "Monday 5 October 2026", "24 Rabīʿ al-Thā
{"ev": "setup-tap", "label": "Finish", "t": 49.6}
{"ev": "setup-done", "step": 5, "t": 54.4}
{"ev": "setup-result", "ok": true, "t": 54.4}
{"ev": "theme-set", "kw": "Miqaat", "t": 66.2}
{"ev": "screen", "depth": 0, "path": [], "key": "59936e48d9", "pos": 0, "shot": "tablet-portrait-font20-Miqaat-en-f2.0__001__d0__p0.png", "labels": ["Location: ⁨Sydney, NSW⁩. Opens location settings", "Sydney, NSW", "Lea
{"ev": "screen", "depth": 0, "path": [], "key": "558d9d1088", "pos": 1, "shot": "tablet-portrait-font20-Miqaat-en-f2.0__002__d0__p1.png", "labels": ["Monday 5 October 2026", "24 Rabīʿ al-Thānī 1448", "NEXT PRAYER. Fajr, 
{"ev": "screen", "depth": 1, "path": ["Why this time?"], "key": "ce8d010f74", "pos": 0, "shot": "tablet-portrait-font20-Miqaat-en-f2.0__003__d1__p0.png", "labels": ["Why 5:03? · Fajr الفجر", "CALCULATED FROM", "Source", 
{"ev": "screen", "depth": 1, "path": ["Why this time?"], "key": "16414b27a7", "pos": 1, "shot": "tablet-portrait-font20-Miqaat-en-f2.0__004__d1__p1.png", "labels": ["Why 5:03? · Fajr الفجر", "Settings › Prayer times › Mi
{"ev": "screen", "depth": 1, "path": ["Why this time?"], "key": "d92b972764", "pos": 0, "shot": "tablet-portrait-font20-Miqaat-en-f2.0__005__d1__p0.png", "labels": ["Why 6:27? · Sunrise الشروق", "CALCULATED FROM", "Sourc
{"ev": "screen", "depth": 1, "path": ["Why this time?"], "key": "0c36dd5b60", "pos": 1, "shot": "tablet-portrait-font20-Miqaat-en-f2.0__006__d1__p1.png", "labels": ["Why 6:27? · Sunrise الشروق", "YOUR SETTINGS", "Your ad
{"ev": "screen", "depth": 1, "path": ["Why this time?"], "key": "9a122e01b8", "pos": 0, "shot": "tablet-portrait-font20-Miqaat-en-f2.0__007__d1__p0.png", "labels": ["Why 12:45? · Dhuhr الظهر", "CALCULATED FROM", "Source"
{"ev": "screen", "depth": 1, "path": ["Why this time?"], "key": "db72b68dee", "pos": 1, "shot": "tablet-portrait-font20-Miqaat-en-f2.0__008__d1__p1.png", "labels": ["Why 12:45? · Dhuhr الظهر", "Your adjustment", "None", 
{"ev": "screen", "depth": 1, "path": ["Why this time?"], "key": "1fdf4659fb", "pos": 2, "shot": "tablet-portrait-font20-Miqaat-en-f2.0__009__d1__p2.png", "labels": ["Why 12:45? · Dhuhr الظهر", "ISLAMIC GUIDANCE · SCHOLAR
{"ev": "back-mismatch", "label": "Why this time?", "path": [], "t": 147.6}
{"ev": "screen", "depth": 1, "path": ["Why this time?"], "key": "6b8dcb2917", "pos": 0, "shot": "tablet-portrait-font20-Miqaat-en-f2.0__010__d1__p0.png", "labels": ["Why 4:17? · Asr العصر", "CALCULATED FROM", "Source", "
{"ev": "screen", "depth": 1, "path": ["Why this time?"], "key": "8a3cbc48f2", "pos": 1, "shot": "tablet-portrait-font20-Miqaat-en-f2.0__011__d1__p1.png", "labels": ["Why 4:17? · Asr العصر", "Shadow = object + noon shadow
{"ev": "screen", "depth": 1, "path": ["Why this time?"], "key": "d4de3affc6", "pos": 2, "shot": "tablet-portrait-font20-Miqaat-en-f2.0__012__d1__p2.png", "labels": ["Why 4:17? · Asr العصر", "Ends", "7:01 PM", "At sunset.
{"ev": "screen", "depth": 1, "path": ["Why this time?"], "key": "19cff45934", "pos": 3, "shot": "tablet-portrait-font20-Miqaat-en-f2.0__013__d1__p3.png", "labels": ["Why 4:17? · Asr العصر", "6:27 AM – 6:42 AM  ·  After s
{"ev": "back-mismatch", "label": "Why this time?", "path": [], "t": 182.2}
{"ev": "screen", "depth": 1, "path": ["Why this time?"], "key": "d6e0745fba", "pos": 0, "shot": "tablet-portrait-font20-Miqaat-en-f2.0__014__d1__p0.png", "labels": ["Why 7:01? · Maghrib المغرب", "CALCULATED FROM", "Sourc
{"ev": "screen", "depth": 1, "path": ["Why this time?"], "key": "3c94ade9c5", "pos": 1, "shot": "tablet-portrait-font20-Miqaat-en-f2.0__015__d1__p1.png", "labels": ["Why 7:01? · Maghrib المغرب", "Location", "Sydney, NSW"
{"ev": "screen", "depth": 1, "path": ["Why this time?"], "key": "659ea09a85", "pos": 2, "shot": "tablet-portrait-font20-Miqaat-en-f2.0__016__d1__p2.png", "labels": ["Why 7:01? · Maghrib المغرب", "6:27 AM – 6:42 AM  ·  Af
{"ev": "back-mismatch", "label": "Why this time?", "path": [], "t": 211.9}
{"ev": "screen", "depth": 1, "path": ["Fajr"], "key": "098a3ab65b", "pos": 0, "shot": "tablet-portrait-font20-Miqaat-en-f2.0__017__d1__p0.png", "labels": ["Location: ⁨Sydney, NSW⁩. Opens location settings", "Sydney, NSW"
{"ev": "screen", "depth": 1, "path": ["Fajr"], "key": "329689be38", "pos": 1, "shot": "tablet-portrait-font20-Miqaat-en-f2.0__018__d1__p1.png", "labels": ["Monday 5 October 2026", "24 Rabīʿ al-Thānī 1448", "NEXT PRAYER. 
{"ev": "back-mismatch", "label": "Fajr", "path": [], "t": 236.9}
{"ev": "screen", "depth": 1, "path": ["Qibla ⁨277° W⁩"], "key": "35f4f1cb86", "pos": 0, "shot": "tablet-portrait-font20-Miqaat-en-f2.0__019__d1__p0.png", "labels": ["Back", "Qibla", "القبلة", "277°  W", "from true north,
{"ev": "back-mismatch", "label": "Qibla ⁨277° W⁩", "path": [], "t": 262.3}
{"ev": "screen", "depth": 1, "path": ["Fajr"], "key": "2df4e406c6", "pos": 0, "shot": "tablet-portrait-font20-Miqaat-en-f2.0__020__d1__p0.png", "labels": ["Location: ⁨Sydney, NSW⁩. Opens location settings", "Sydney, NSW"
{"ev": "screen", "depth": 1, "path": ["Fajr"], "key": "e2a8825f1a", "pos": 1, "shot": "tablet-portrait-font20-Miqaat-en-f2.0__021__d1__p1.png", "labels": ["Monday 5 October 2026", "24 Rabīʿ al-Thānī 1448", "NEXT PRAYER. 
{"ev": "back-mismatch", "label": "Fajr", "path": [], "t": 287.5}
{"ev": "back-mismatch", "label": "Maghrib", "path": [], "t": 303.5}
{"ev": "screen", "depth": 1, "path": ["Why this time?"], "key": "6b75ad6e69", "pos": 0, "shot": "tablet-portrait-font20-Miqaat-en-f2.0__022__d1__p0.png", "labels": ["Why 8:20? · Isha العشاء", "CALCULATED FROM", "Source",
{"ev": "screen", "depth": 1, "path": ["Why this time?"], "key": "94bd2d2691", "pos": 1, "shot": "tablet-portrait-font20-Miqaat-en-f2.0__023__d1__p1.png", "labels": ["Why 8:20? · Isha العشاء", "Sun 17.0° below the horizon
{"ev": "screen", "depth": 1, "path": ["Why this time?"], "key": "9e397377b8", "pos": 2, "shot": "tablet-portrait-font20-Miqaat-en-f2.0__024__d1__p2.png", "labels": ["Why 8:20? · Isha العشاء", "Shown at sharʿī midnight (h
{"ev": "screen", "depth": 1, "path": ["Why this time?"], "key": "1d088dad83", "pos": 3, "shot": "tablet-portrait-font20-Miqaat-en-f2.0__025__d1__p3.png", "labels": ["Why 8:20? · Isha العشاء", "6:27 AM – 6:42 AM  ·  After
{"ev": "back-mismatch", "label": "Why this time?", "path": [], "t": 341.4}
{"ev": "tap-fail", "label": "Why this time?", "t": 352.9}
{"ev": "tap-fail", "label": "Why this time?", "t": 358.3}
{"ev": "tap-fail", "label": "Why this time?", "t": 363.6}
{"ev": "tap-fail", "label": "Why this time?", "t": 368.9}
{"ev": "theme-done", "tag": "tablet-portrait-font20-Miqaat-en-f2.0", "actions": 14, "screens": 25, "t": 368.9}
{"ev": "nav-fail", "what": "Settings", "t": 401.2}
{"ev": "screen", "depth": 0, "path": [], "key": "329689be38", "pos": 0, "shot": "tablet-portrait-font20-Kiswah-en-f2.0__026__d0__p0.png", "labels": ["Monday 5 October 2026", "24 Rabīʿ al-Thānī 1448", "NEXT PRAYER. Fajr, 
{"ev": "screen", "depth": 1, "path": ["Why this time?"], "key": "8e8edb5f34", "pos": 0, "shot": "tablet-portrait-font20-Kiswah-en-f2.0__027__d1__p0.png", "labels": ["Why 5:03? · Fajr الفجر", "CALCULATED FROM", "Source", 
{"ev": "screen", "depth": 1, "path": ["Why this time?"], "key": "3c39714563", "pos": 1, "shot": "tablet-portrait-font20-Kiswah-en-f2.0__028__d1__p1.png", "labels": ["Why 5:03? · Fajr الفجر", "Sun 18.0° below the horizon 
{"ev": "screen", "depth": 1, "path": ["Why this time?"], "key": "e73dc8661a", "pos": 2, "shot": "tablet-portrait-font20-Kiswah-en-f2.0__029__d1__p2.png", "labels": ["Why 5:03? · Fajr الفجر", "Ends", "6:27 AM", "At sunris
{"ev": "screen", "depth": 1, "path": ["Why this time?"], "key": "771c563bc5", "pos": 3, "shot": "tablet-portrait-font20-Kiswah-en-f2.0__030__d1__p3.png", "labels": ["Why 5:03? · Fajr الفجر", "6:27 AM – 6:42 AM  ·  After 
{"ev": "screen", "depth": 1, "path": ["Why this time?"], "key": "0f628d2da8", "pos": 0, "shot": "tablet-portrait-font20-Kiswah-en-f2.0__031__d1__p0.png", "labels": ["Why 6:27? · Sunrise الشروق", "CALCULATED FROM", "Sourc
{"ev": "screen", "depth": 1, "path": ["Why this time?"], "key": "d69a182fcd", "pos": 1, "shot": "tablet-portrait-font20-Kiswah-en-f2.0__032__d1__p1.png", "labels": ["Why 6:27? · Sunrise الشروق", "Location", "Sydney, NSW"
{"ev": "screen", "depth": 1, "path": ["Why this time?"], "key": "01b5332213", "pos": 2, "shot": "tablet-portrait-font20-Kiswah-en-f2.0__033__d1__p2.png", "labels": ["Why 6:27? · Sunrise الشروق", "Disliked for voluntary p
{"ev": "screen", "depth": 1, "path": ["Why this time?"], "key": "4aef5e5891", "pos": 3, "shot": "tablet-portrait-font20-Kiswah-en-f2.0__034__d1__p3.png", "labels": ["Why 6:27? · Sunrise الشروق", "6:27 AM – 6:42 AM  ·  Af
{"ev": "screen", "depth": 1, "path": ["Why this time?"], "key": "b0d63a6043", "pos": 0, "shot": "tablet-portrait-font20-Kiswah-en-f2.0__035__d1__p0.png", "labels": ["Why 12:45? · Dhuhr الظهر", "CALCULATED FROM", "Source"
{"ev": "screen", "depth": 1, "path": ["Why this time?"], "key": "ecb2cc0363", "pos": 1, "shot": "tablet-portrait-font20-Kiswah-en-f2.0__036__d1__p1.png", "labels": ["Why 12:45? · Dhuhr الظهر", "Sun passes the meridian (z
{"ev": "screen", "depth": 1, "path": ["Why this time?"], "key": "299cebf45e", "pos": 2, "shot": "tablet-portrait-font20-Kiswah-en-f2.0__037__d1__p2.png", "labels": ["Why 12:45? · Dhuhr الظهر", "Ends", "4:17 PM", "When ʿA
{"ev": "screen", "depth": 1, "path": ["Why this time?"], "key": "4bf6e4e45b", "pos": 3, "shot": "tablet-portrait-font20-Kiswah-en-f2.0__038__d1__p3.png", "labels": ["Why 12:45? · Dhuhr الظهر", "6:27 AM – 6:42 AM  ·  Afte
{"ev": "screen", "depth": 1, "path": ["Why this time?"], "key": "6b8dcb2917", "pos": 0, "shot": "tablet-portrait-font20-Kiswah-en-f2.0__039__d1__p0.png", "labels": ["Why 4:17? · Asr العصر", "CALCULATED FROM", "Source", "
{"ev": "screen", "depth": 1, "path": ["Why this time?"], "key": "df6eed73fc", "pos": 1, "shot": "tablet-portrait-font20-Kiswah-en-f2.0__040__d1__p1.png", "labels": ["Why 4:17? · Asr العصر", "The other view would give 5:1
{"ev": "screen", "depth": 1, "path": ["Why this time?"], "key": "2a3dcdd8de", "pos": 2, "shot": "tablet-portrait-font20-Kiswah-en-f2.0__041__d1__p2.png", "labels": ["Why 4:17? · Asr العصر", "At sunset. Many scholars call
{"ev": "screen", "depth": 1, "path": ["Why this time?"], "key": "19cff45934", "pos": 3, "shot": "tablet-portrait-font20-Kiswah-en-f2.0__042__d1__p3.png", "labels": ["Why 4:17? · Asr العصر", "6:27 AM – 6:42 AM  ·  After s
{"ev": "screen", "depth": 1, "path": ["Why this time?"], "key": "d6e0745fba", "pos": 0, "shot": "tablet-portrait-font20-Kiswah-en-f2.0__043__d1__p0.png", "labels": ["Why 7:01? · Maghrib المغرب", "CALCULATED FROM", "Sourc
{"ev": "screen", "depth": 1, "path": ["Why this time?"], "key": "3c94ade9c5", "pos": 1, "shot": "tablet-portrait-font20-Kiswah-en-f2.0__044__d1__p1.png", "labels": ["Why 7:01? · Maghrib المغرب", "Location", "Sydney, NSW"
{"ev": "screen", "depth": 1, "path": ["Why this time?"], "key": "9ced05d712", "pos": 2, "shot": "tablet-portrait-font20-Kiswah-en-f2.0__045__d1__p2.png", "labels": ["Why 7:01? · Maghrib المغرب", "Disliked for voluntary p
{"ev": "screen", "depth": 1, "path": ["Why this time?"], "key": "659ea09a85", "pos": 3, "shot": "tablet-portrait-font20-Kiswah-en-f2.0__046__d1__p3.png", "labels": ["Why 7:01? · Maghrib المغرب", "6:27 AM – 6:42 AM  ·  Af
{"ev": "screen", "depth": 1, "path": ["Why this time?"], "key": "6b75ad6e69", "pos": 0, "shot": "tablet-portrait-font20-Kiswah-en-f2.0__047__d1__p0.png", "labels": ["Why 8:20? · Isha العشاء", "CALCULATED FROM", "Source",
{"ev": "screen", "depth": 1, "path": ["Why this time?"], "key": "92cd3eb119", "pos": 1, "shot": "tablet-portrait-font20-Kiswah-en-f2.0__048__d1__p1.png", "labels": ["Why 8:20? · Isha العشاء", "Disappearance of the red tw
{"ev": "screen", "depth": 1, "path": ["Why this time?"], "key": "9e397377b8", "pos": 2, "shot": "tablet-portrait-font20-Kiswah-en-f2.0__049__d1__p2.png", "labels": ["Why 8:20? · Isha العشاء", "Shown at sharʿī midnight (h
{"ev": "screen", "depth": 1, "path": ["Why this time?"], "key": "1d088dad83", "pos": 3, "shot": "tablet-portrait-font20-Kiswah-en-f2.0__050__d1__p3.png", "labels": ["Why 8:20? · Isha العشاء", "6:27 AM – 6:42 AM  ·  After
{"ev": "no-change", "label": "Fajr", "shot": "tablet-portrait-font20-Kiswah-en-f2.0__051__same__Fajr.png", "path": [], "t": 585.3}
{"ev": "screen", "depth": 1, "path": ["Qibla ⁨277° W⁩"], "key": "35f4f1cb86", "pos": 0, "shot": "tablet-portrait-font20-Kiswah-en-f2.0__052__d1__p0.png", "labels": ["Back", "Qibla", "القبلة", "277°  W", "from true north,
{"ev": "back-mismatch", "label": "Qibla ⁨277° W⁩", "path": [], "t": 606.8}
{"ev": "screen", "depth": 1, "path": ["Fajr"], "key": "2df4e406c6", "pos": 0, "shot": "tablet-portrait-font20-Kiswah-en-f2.0__053__d1__p0.png", "labels": ["Location: ⁨Sydney, NSW⁩. Opens location settings", "Sydney, NSW"
{"ev": "screen", "depth": 1, "path": ["Fajr"], "key": "e2a8825f1a", "pos": 1, "shot": "tablet-portrait-font20-Kiswah-en-f2.0__054__d1__p1.png", "labels": ["Monday 5 October 2026", "24 Rabīʿ al-Thānī 1448", "NEXT PRAYER. 
{"ev": "back-mismatch", "label": "Fajr", "path": [], "t": 631.8}
{"ev": "screen", "depth": 1, "path": ["Maghrib"], "key": "098a3ab65b", "pos": 0, "shot": "tablet-portrait-font20-Kiswah-en-f2.0__055__d1__p0.png", "labels": ["Location: ⁨Sydney, NSW⁩. Opens location settings", "Sydney, N
{"ev": "screen", "depth": 1, "path": ["Maghrib"], "key": "329689be38", "pos": 1, "shot": "tablet-portrait-font20-Kiswah-en-f2.0__056__d1__p1.png", "labels": ["Monday 5 October 2026", "24 Rabīʿ al-Thānī 1448", "NEXT PRAYE
{"ev": "back-mismatch", "label": "Maghrib", "path": [], "t": 656.2}
{"ev": "theme-done", "tag": "tablet-portrait-font20-Kiswah-en-f2.0", "actions": 10, "screens": 56, "t": 662.0}
{"ev": "theme-set", "kw": "Celestial", "t": 679.0}
{"ev": "screen", "depth": 0, "path": [], "key": "098a3ab65b", "pos": 0, "shot": "tablet-portrait-font20-Celestial-en-f2.0__057__d0__p0.png", "labels": ["Location: ⁨Sydney, NSW⁩. Opens location settings", "Sydney, NSW", "
{"ev": "screen", "depth": 0, "path": [], "key": "329689be38", "pos": 1, "shot": "tablet-portrait-font20-Celestial-en-f2.0__058__d0__p1.png", "labels": ["Monday 5 October 2026", "24 Rabīʿ al-Thānī 1448", "NEXT PRAYER. Faj
{"ev": "screen", "depth": 1, "path": ["Why this time?"], "key": "8e8edb5f34", "pos": 0, "shot": "tablet-portrait-font20-Celestial-en-f2.0__059__d1__p0.png", "labels": ["Why 5:03? · Fajr الفجر", "CALCULATED FROM", "Source
{"ev": "screen", "depth": 1, "path": ["Why this time?"], "key": "b5c3bafb72", "pos": 1, "shot": "tablet-portrait-font20-Celestial-en-f2.0__060__d1__p1.png", "labels": ["Why 5:03? · Fajr الفجر", "Location", "Sydney, NSW",
{"ev": "screen", "depth": 1, "path": ["Why this time?"], "key": "00e9dd41bd", "pos": 2, "shot": "tablet-portrait-font20-Celestial-en-f2.0__061__d1__p2.png", "labels": ["Why 5:03? · Fajr الفجر", "At sunrise (agreed)", "Di
{"ev": "screen", "depth": 1, "path": ["Why this time?"], "key": "771c563bc5", "pos": 3, "shot": "tablet-portrait-font20-Celestial-en-f2.0__062__d1__p3.png", "labels": ["Why 5:03? · Fajr الفجر", "6:27 AM – 6:42 AM  ·  Aft
{"ev": "screen", "depth": 1, "path": ["Why this time?"], "key": "0f628d2da8", "pos": 0, "shot": "tablet-portrait-font20-Celestial-en-f2.0__063__d1__p0.png", "labels": ["Why 6:27? · Sunrise الشروق", "CALCULATED FROM", "So
{"ev": "screen", "depth": 1, "path": ["Why this time?"], "key": "d69a182fcd", "pos": 1, "shot": "tablet-portrait-font20-Celestial-en-f2.0__064__d1__p1.png", "labels": ["Why 6:27? · Sunrise الشروق", "Location", "Sydney, N
{"ev": "screen", "depth": 1, "path": ["Why this time?"], "key": "a51a74496c", "pos": 2, "shot": "tablet-portrait-font20-Celestial-en-f2.0__065__d1__p2.png", "labels": ["Why 6:27? · Sunrise الشروق", "5:03 AM – 6:27 AM  · 
{"ev": "screen", "depth": 1, "path": ["Why this time?"], "key": "4aef5e5891", "pos": 3, "shot": "tablet-portrait-font20-Celestial-en-f2.0__066__d1__p3.png", "labels": ["Why 6:27? · Sunrise الشروق", "6:27 AM – 6:42 AM  · 
{"ev": "screen", "depth": 1, "path": ["Why this time?"], "key": "b0d63a6043", "pos": 0, "shot": "tablet-portrait-font20-Celestial-en-f2.0__067__d1__p0.png", "labels": ["Why 12:45? · Dhuhr الظهر", "CALCULATED FROM", "Sour
{"ev": "screen", "depth": 1, "path": ["Why this time?"], "key": "ecb2cc0363", "pos": 1, "shot": "tablet-portrait-font20-Celestial-en-f2.0__068__d1__p1.png", "labels": ["Why 12:45? · Dhuhr الظهر", "Sun passes the meridian
{"ev": "screen", "depth": 1, "path": ["Why this time?"], "key": "8223c4c17d", "pos": 2, "shot": "tablet-portrait-font20-Celestial-en-f2.0__069__d1__p2.png", "labels": ["Why 12:45? · Dhuhr الظهر", "When ʿAsr begins — whic
{"ev": "screen", "depth": 1, "path": ["Why this time?"], "key": "4bf6e4e45b", "pos": 3, "shot": "tablet-portrait-font20-Celestial-en-f2.0__070__d1__p3.png", "labels": ["Why 12:45? · Dhuhr الظهر", "6:27 AM – 6:42 AM  ·  A
{"ev": "screen", "depth": 1, "path": ["Why this time?"], "key": "6b8dcb2917", "pos": 0, "shot": "tablet-portrait-font20-Celestial-en-f2.0__071__d1__p0.png", "labels": ["Why 4:17? · Asr العصر", "CALCULATED FROM", "Source"
{"ev": "screen", "depth": 1, "path": ["Why this time?"], "key": "8a3cbc48f2", "pos": 1, "shot": "tablet-portrait-font20-Celestial-en-f2.0__072__d1__p1.png", "labels": ["Why 4:17? · Asr العصر", "Shadow = object + noon sha
{"ev": "screen", "depth": 1, "path": ["Why this time?"], "key": "1c0bd416ce", "pos": 2, "shot": "tablet-portrait-font20-Celestial-en-f2.0__073__d1__p2.png", "labels": ["Why 4:17? · Asr العصر", "Ends", "7:01 PM", "At suns
{"ev": "screen", "depth": 1, "path": ["Why this time?"], "key": "19cff45934", "pos": 3, "shot": "tablet-portrait-font20-Celestial-en-f2.0__074__d1__p3.png", "labels": ["Why 4:17? · Asr العصر", "6:27 AM – 6:42 AM  ·  Afte
{"ev": "screen", "depth": 1, "path": ["Why this time?"], "key": "d6e0745fba", "pos": 0, "shot": "tablet-portrait-font20-Celestial-en-f2.0__075__d1__p0.png", "labels": ["Why 7:01? · Maghrib المغرب", "CALCULATED FROM", "So
{"ev": "screen", "depth": 1, "path": ["Why this time?"], "key": "cc95212b6a", "pos": 1, "shot": "tablet-portrait-font20-Celestial-en-f2.0__076__d1__p1.png", "labels": ["Why 7:01? · Maghrib المغرب", "Ends", "8:20 PM", "Wh
{"ev": "screen", "depth": 1, "path": ["Why this time?"], "key": "659ea09a85", "pos": 2, "shot": "tablet-portrait-font20-Celestial-en-f2.0__077__d1__p2.png", "labels": ["Why 7:01? · Maghrib المغرب", "6:27 AM – 6:42 AM  · 
{"ev": "screen", "depth": 1, "path": ["Why this time?"], "key": "6b75ad6e69", "pos": 0, "shot": "tablet-portrait-font20-Celestial-en-f2.0__078__d1__p0.png", "labels": ["Why 8:20? · Isha العشاء", "CALCULATED FROM", "Sourc
{"ev": "screen", "depth": 1, "path": ["Why this time?"], "key": "92cd3eb119", "pos": 1, "shot": "tablet-portrait-font20-Celestial-en-f2.0__079__d1__p1.png", "labels": ["Why 8:20? · Isha العشاء", "Disappearance of the red
{"ev": "screen", "depth": 1, "path": ["Why this time?"], "key": "28e95eeb02", "pos": 2, "shot": "tablet-portrait-font20-Celestial-en-f2.0__080__d1__p2.png", "labels": ["Why 8:20? · Isha العشاء", "Ends", "12:01 AM", "Show
{"ev": "screen", "depth": 1, "path": ["Why this time?"], "key": "68e11d6d48", "pos": 3, "shot": "tablet-portrait-font20-Celestial-en-f2.0__081__d1__p3.png", "labels": ["Why 8:20? · Isha العشاء", "5:03 AM – 6:27 AM  ·  Af
{"ev": "screen", "depth": 1, "path": ["Why this time?"], "key": "1d088dad83", "pos": 4, "shot": "tablet-portrait-font20-Celestial-en-f2.0__082__d1__p4.png", "labels": ["Why 8:20? · Isha العشاء", "6:27 AM – 6:42 AM  ·  Af
{"ev": "no-change", "label": "Fajr", "shot": "tablet-portrait-font20-Celestial-en-f2.0__083__same__Fajr.png", "path": [], "t": 880.6}
{"ev": "screen", "depth": 1, "path": ["Qibla ⁨277° W⁩"], "key": "35f4f1cb86", "pos": 0, "shot": "tablet-portrait-font20-Celestial-en-f2.0__084__d1__p0.png", "labels": ["Back", "Qibla", "القبلة", "277°  W", "from true nor
{"ev": "screen", "depth": 1, "path": ["Fajr"], "key": "2df4e406c6", "pos": 0, "shot": "tablet-portrait-font20-Celestial-en-f2.0__085__d1__p0.png", "labels": ["Location: ⁨Sydney, NSW⁩. Opens location settings", "Sydney, N
{"ev": "screen", "depth": 1, "path": ["Fajr"], "key": "e2a8825f1a", "pos": 1, "shot": "tablet-portrait-font20-Celestial-en-f2.0__086__d1__p1.png", "labels": ["Monday 5 October 2026", "24 Rabīʿ al-Thānī 1448", "NEXT PRAYE
{"ev": "back-mismatch", "label": "Fajr", "path": [], "t": 924.0}
{"ev": "no-change", "label": "Maghrib", "shot": "tablet-portrait-font20-Celestial-en-f2.0__087__same__Maghrib.png", "path": [], "t": 935.8}
{"ev": "tap-fail", "label": "Why this time?", "t": 941.0}
{"ev": "tap-fail", "label": "Why this time?", "t": 946.3}
{"ev": "tap-fail", "label": "Why this time?", "t": 951.7}
{"ev": "tap-fail", "label": "Why this time?", "t": 957.1}
{"ev": "theme-done", "tag": "tablet-portrait-font20-Celestial-en-f2.0", "actions": 14, "screens": 87, "t": 957.1}
{"ev": "nav-fail", "what": "Settings", "t": 990.0}
{"ev": "screen", "depth": 0, "path": [], "key": "329689be38", "pos": 0, "shot": "tablet-portrait-font20-Gallery-en-f2.0__088__d0__p0.png", "labels": ["Monday 5 October 2026", "24 Rabīʿ al-Thānī 1448", "NEXT PRAYER. Fajr,
{"ev": "screen", "depth": 1, "path": ["Why this time?"], "key": "8e8edb5f34", "pos": 0, "shot": "tablet-portrait-font20-Gallery-en-f2.0__089__d1__p0.png", "labels": ["Why 5:03? · Fajr الفجر", "CALCULATED FROM", "Source",
{"ev": "screen", "depth": 1, "path": ["Why this time?"], "key": "b5c3bafb72", "pos": 1, "shot": "tablet-portrait-font20-Gallery-en-f2.0__090__d1__p1.png", "labels": ["Why 5:03? · Fajr الفجر", "Location", "Sydney, NSW", "
{"ev": "screen", "depth": 1, "path": ["Why this time?"], "key": "e73dc8661a", "pos": 2, "shot": "tablet-portrait-font20-Gallery-en-f2.0__091__d1__p2.png", "labels": ["Why 5:03? · Fajr الفجر", "Ends", "6:27 AM", "At sunri
{"ev": "screen", "depth": 1, "path": ["Why this time?"], "key": "771c563bc5", "pos": 3, "shot": "tablet-portrait-font20-Gallery-en-f2.0__092__d1__p3.png", "labels": ["Why 5:03? · Fajr الفجر", "6:27 AM – 6:42 AM  ·  After
{"ev": "screen", "depth": 1, "path": ["Why this time?"], "key": "0f628d2da8", "pos": 0, "shot": "tablet-portrait-font20-Gallery-en-f2.0__093__d1__p0.png", "labels": ["Why 6:27? · Sunrise الشروق", "CALCULATED FROM", "Sour
{"ev": "screen", "depth": 1, "path": ["Why this time?"], "key": "01b5332213", "pos": 1, "shot": "tablet-portrait-font20-Gallery-en-f2.0__094__d1__p1.png", "labels": ["Why 6:27? · Sunrise الشروق", "Disliked for voluntary 
{"ev": "screen", "depth": 1, "path": ["Why this time?"], "key": "4aef5e5891", "pos": 2, "shot": "tablet-portrait-font20-Gallery-en-f2.0__095__d1__p2.png", "labels": ["Why 6:27? · Sunrise الشروق", "6:27 AM – 6:42 AM  ·  A
{"ev": "back-mismatch", "label": "Why this time?", "path": [], "t": 1050.9}
{"ev": "screen", "depth": 1, "path": ["Why this time?"], "key": "b0d63a6043", "pos": 0, "shot": "tablet-portrait-font20-Gallery-en-f2.0__096__d1__p0.png", "labels": ["Why 12:45? · Dhuhr الظهر", "CALCULATED FROM", "Source
{"ev": "screen", "depth": 1, "path": ["Why this time?"], "key": "ecb2cc0363", "pos": 1, "shot": "tablet-portrait-font20-Gallery-en-f2.0__097__d1__p1.png", "labels": ["Why 12:45? · Dhuhr الظهر", "Sun passes the meridian (
{"ev": "screen", "depth": 1, "path": ["Why this time?"], "key": "299cebf45e", "pos": 2, "shot": "tablet-portrait-font20-Gallery-en-f2.0__098__d1__p2.png", "labels": ["Why 12:45? · Dhuhr الظهر", "Ends", "4:17 PM", "When ʿ
{"ev": "screen", "depth": 1, "path": ["Why this time?"], "key": "4bf6e4e45b", "pos": 3, "shot": "tablet-portrait-font20-Gallery-en-f2.0__099__d1__p3.png", "labels": ["Why 12:45? · Dhuhr الظهر", "6:27 AM – 6:42 AM  ·  Aft
{"ev": "back-mismatch", "label": "Why this time?", "path": [], "t": 1086.3}
{"ev": "screen", "depth": 1, "path": ["Why this time?"], "key": "6b8dcb2917", "pos": 0, "shot": "tablet-portrait-font20-Gallery-en-f2.0__100__d1__p0.png", "labels": ["Why 4:17? · Asr العصر", "CALCULATED FROM", "Source", 
{"ev": "screen", "depth": 1, "path": ["Why this time?"], "key": "df6eed73fc", "pos": 1, "shot": "tablet-portrait-font20-Gallery-en-f2.0__101__d1__p1.png", "labels": ["Why 4:17? · Asr العصر", "The other view would give 5:
{"ev": "screen", "depth": 1, "path": ["Why this time?"], "key": "2a3dcdd8de", "pos": 2, "shot": "tablet-portrait-font20-Gallery-en-f2.0__102__d1__p2.png", "labels": ["Why 4:17? · Asr العصر", "At sunset. Many scholars cal
{"ev": "screen", "depth": 1, "path": ["Why this time?"], "key": "19cff45934", "pos": 3, "shot": "tablet-portrait-font20-Gallery-en-f2.0__103__d1__p3.png", "labels": ["Why 4:17? · Asr العصر", "6:27 AM – 6:42 AM  ·  After 
{"ev": "back-mismatch", "label": "Why this time?", "path": [], "t": 1121.6}
{"ev": "screen", "depth": 1, "path": ["Why this time?"], "key": "d6e0745fba", "pos": 0, "shot": "tablet-portrait-font20-Gallery-en-f2.0__104__d1__p0.png", "labels": ["Why 7:01? · Maghrib المغرب", "CALCULATED FROM", "Sour
{"ev": "screen", "depth": 1, "path": ["Why this time?"], "key": "3c94ade9c5", "pos": 1, "shot": "tablet-portrait-font20-Gallery-en-f2.0__105__d1__p1.png", "labels": ["Why 7:01? · Maghrib المغرب", "Location", "Sydney, NSW
{"ev": "screen", "depth": 1, "path": ["Why this time?"], "key": "9ced05d712", "pos": 2, "shot": "tablet-portrait-font20-Gallery-en-f2.0__106__d1__p2.png", "labels": ["Why 7:01? · Maghrib المغرب", "Disliked for voluntary 
{"ev": "screen", "depth": 1, "path": ["Why this time?"], "key": "659ea09a85", "pos": 3, "shot": "tablet-portrait-font20-Gallery-en-f2.0__107__d1__p3.png", "labels": ["Why 7:01? · Maghrib المغرب", "6:27 AM – 6:42 AM  ·  A
{"ev": "back-mismatch", "label": "Why this time?", "path": [], "t": 1156.7}
{"ev": "screen", "depth": 1, "path": ["Why this time?"], "key": "6b75ad6e69", "pos": 0, "shot": "tablet-portrait-font20-Gallery-en-f2.0__108__d1__p0.png", "labels": ["Why 8:20? · Isha العشاء", "CALCULATED FROM", "Source"
{"ev": "screen", "depth": 1, "path": ["Why this time?"], "key": "92cd3eb119", "pos": 1, "shot": "tablet-portrait-font20-Gallery-en-f2.0__109__d1__p1.png", "labels": ["Why 8:20? · Isha العشاء", "Disappearance of the red t
{"ev": "screen", "depth": 1, "path": ["Why this time?"], "key": "28e95eeb02", "pos": 2, "shot": "tablet-portrait-font20-Gallery-en-f2.0__110__d1__p2.png", "labels": ["Why 8:20? · Isha العشاء", "Ends", "12:01 AM", "Shown 
{"ev": "screen", "depth": 1, "path": ["Why this time?"], "key": "68e11d6d48", "pos": 3, "shot": "tablet-portrait-font20-Gallery-en-f2.0__111__d1__p3.png", "labels": ["Why 8:20? · Isha العشاء", "5:03 AM – 6:27 AM  ·  Afte
{"ev": "screen", "depth": 1, "path": ["Why this time?"], "key": "1d088dad83", "pos": 4, "shot": "tablet-portrait-font20-Gallery-en-f2.0__112__d1__p4.png", "labels": ["Why 8:20? · Isha العشاء", "6:27 AM – 6:42 AM  ·  Afte
{"ev": "back-mismatch", "label": "Why this time?", "path": [], "t": 1196.9}
{"ev": "screen", "depth": 1, "path": ["Fajr"], "key": "6725200fdb", "pos": 0, "shot": "tablet-portrait-font20-Gallery-en-f2.0__113__d1__p0.png", "labels": ["Location: ⁨Sydney, NSW⁩. Opens location settings", "Sydney, NSW
{"ev": "screen", "depth": 1, "path": ["Fajr"], "key": "d06f533eec", "pos": 1, "shot": "tablet-portrait-font20-Gallery-en-f2.0__114__d1__p1.png", "labels": ["Monday 5 October 2026", "24 Rabīʿ al-Thānī 1448", "NEXT PRAYER.
{"ev": "back-mismatch", "label": "Fajr", "path": [], "t": 1222.8}
{"ev": "screen", "depth": 1, "path": ["Qibla ⁨277° W⁩"], "key": "35f4f1cb86", "pos": 0, "shot": "tablet-portrait-font20-Gallery-en-f2.0__115__d1__p0.png", "labels": ["Back", "Qibla", "القبلة", "277°  W", "from true north
{"ev": "back-mismatch", "label": "Qibla ⁨277° W⁩", "path": [], "t": 1252.1}
{"ev": "screen", "depth": 1, "path": ["Fajr"], "key": "2df4e406c6", "pos": 0, "shot": "tablet-portrait-font20-Gallery-en-f2.0__116__d1__p0.png", "labels": ["Location: ⁨Sydney, NSW⁩. Opens location settings", "Sydney, NSW
{"ev": "screen", "depth": 1, "path": ["Fajr"], "key": "e2a8825f1a", "pos": 1, "shot": "tablet-portrait-font20-Gallery-en-f2.0__117__d1__p1.png", "labels": ["Monday 5 October 2026", "24 Rabīʿ al-Thānī 1448", "NEXT PRAYER.
{"ev": "back-mismatch", "label": "Fajr", "path": [], "t": 1278.2}
{"ev": "screen", "depth": 1, "path": ["Maghrib"], "key": "098a3ab65b", "pos": 0, "shot": "tablet-portrait-font20-Gallery-en-f2.0__118__d1__p0.png", "labels": ["Location: ⁨Sydney, NSW⁩. Opens location settings", "Sydney, 
{"ev": "screen", "depth": 1, "path": ["Maghrib"], "key": "329689be38", "pos": 1, "shot": "tablet-portrait-font20-Gallery-en-f2.0__119__d1__p1.png", "labels": ["Monday 5 October 2026", "24 Rabīʿ al-Thānī 1448", "NEXT PRAY
{"ev": "back-mismatch", "label": "Maghrib", "path": [], "t": 1303.9}
{"ev": "theme-done", "tag": "tablet-portrait-font20-Gallery-en-f2.0", "actions": 10, "screens": 119, "t": 1309.7}
{"ev": "crash-buffer", "bytes": 0, "head": "", "t": 1311.7}
{"ev": "gfx", "lines": ["Total frames rendered: 5", "Janky frames: 5 (100.00%)", "Janky frames (legacy): 5 (100.00%)", "50th percentile: 150ms", "90th percentile: 950ms", "95th percentile: 950ms", "99th percentile: 950ms
{"ev": "mem", "lines": ["  Native Heap    21706    21600        0        0    24836    29564    24826     1122", "        TOTAL    41851    31120     3308        0   160132    39961    30025     6320", "           Java H
