To honour the JVM settings for this build a single-use Daemon process will be forked. For more on this, please refer to https://docs.gradle.org/8.14.3/userguide/gradle_daemon.html#sec:disabling_the_daemon in the Gradle documentation.
Daemon will be stopped at the end of the build 

> Configure project :app
Passing custom test runner argument android.testInstrumentationRunnerArguments.orientation from gradle.properties or command line is not compatible with configuration caching. Please specify this argument using android gradle dsl.

> Task :app:checkKotlinGradlePluginConfigurationErrors SKIPPED
> Task :app:preBuild UP-TO-DATE
> Task :app:preGithubDebugBuild UP-TO-DATE
> Task :app:generateGithubDebugBuildConfig UP-TO-DATE
> Task :app:checkGithubDebugAarMetadata UP-TO-DATE
> Task :app:generateGithubDebugResValues UP-TO-DATE
> Task :app:mapGithubDebugSourceSetPaths UP-TO-DATE
> Task :app:generateGithubDebugResources UP-TO-DATE
> Task :app:mergeGithubDebugResources UP-TO-DATE
> Task :app:packageGithubDebugResources UP-TO-DATE
> Task :app:parseGithubDebugLocalResources UP-TO-DATE
> Task :app:createGithubDebugCompatibleScreenManifests UP-TO-DATE
> Task :app:extractDeepLinksGithubDebug UP-TO-DATE
> Task :app:processGithubDebugMainManifest UP-TO-DATE
> Task :app:processGithubDebugManifest UP-TO-DATE
> Task :app:processGithubDebugManifestForPackage UP-TO-DATE
> Task :app:processGithubDebugResources UP-TO-DATE
> Task :app:compileGithubDebugKotlin UP-TO-DATE
> Task :app:javaPreCompileGithubDebug UP-TO-DATE
> Task :app:compileGithubDebugJavaWithJavac UP-TO-DATE
> Task :app:bundleGithubDebugClassesToCompileJar UP-TO-DATE
> Task :app:preGithubDebugAndroidTestBuild SKIPPED
> Task :app:processGithubDebugAndroidTestManifest UP-TO-DATE
> Task :app:generateGithubDebugAndroidTestBuildConfig UP-TO-DATE
> Task :app:checkGithubDebugAndroidTestAarMetadata UP-TO-DATE
> Task :app:generateGithubDebugAndroidTestResValues UP-TO-DATE
> Task :app:mapGithubDebugAndroidTestSourceSetPaths UP-TO-DATE
> Task :app:generateGithubDebugAndroidTestResources UP-TO-DATE
> Task :app:mergeGithubDebugAndroidTestResources UP-TO-DATE
> Task :app:processGithubDebugAndroidTestResources UP-TO-DATE
> Task :app:compileGithubDebugAndroidTestKotlin UP-TO-DATE
> Task :app:javaPreCompileGithubDebugAndroidTest UP-TO-DATE
> Task :app:compileGithubDebugAndroidTestJavaWithJavac UP-TO-DATE
> Task :app:mergeGithubDebugShaders UP-TO-DATE
> Task :app:compileGithubDebugShaders NO-SOURCE
> Task :app:generateGithubDebugAssets UP-TO-DATE
> Task :app:mergeGithubDebugAssets UP-TO-DATE
> Task :app:compressGithubDebugAssets UP-TO-DATE
> Task :app:checkGithubDebugDuplicateClasses UP-TO-DATE
> Task :app:desugarGithubDebugFileDependencies UP-TO-DATE
> Task :app:mergeExtDexGithubDebug UP-TO-DATE
> Task :app:dexBuilderGithubDebug UP-TO-DATE
> Task :app:mergeGithubDebugGlobalSynthetics UP-TO-DATE
> Task :app:processGithubDebugJavaRes UP-TO-DATE
> Task :app:mergeGithubDebugJavaResource UP-TO-DATE
> Task :app:mergeLibDexGithubDebug UP-TO-DATE
> Task :app:mergeProjectDexGithubDebug UP-TO-DATE
> Task :app:mergeGithubDebugJniLibFolders UP-TO-DATE
> Task :app:mergeGithubDebugNativeLibs UP-TO-DATE
> Task :app:stripGithubDebugDebugSymbols UP-TO-DATE
> Task :app:validateSigningGithubDebug UP-TO-DATE
> Task :app:writeGithubDebugAppMetadata UP-TO-DATE
> Task :app:writeGithubDebugSigningConfigVersions UP-TO-DATE
> Task :app:packageGithubDebug UP-TO-DATE
> Task :app:createGithubDebugApkListingFileRedirect UP-TO-DATE
> Task :app:mergeGithubDebugAndroidTestShaders UP-TO-DATE
> Task :app:compileGithubDebugAndroidTestShaders NO-SOURCE
> Task :app:generateGithubDebugAndroidTestAssets UP-TO-DATE
> Task :app:mergeGithubDebugAndroidTestAssets UP-TO-DATE
> Task :app:compressGithubDebugAndroidTestAssets UP-TO-DATE
> Task :app:checkGithubDebugAndroidTestDuplicateClasses UP-TO-DATE
> Task :app:desugarGithubDebugAndroidTestFileDependencies UP-TO-DATE
> Task :app:mergeExtDexGithubDebugAndroidTest UP-TO-DATE
> Task :app:dexBuilderGithubDebugAndroidTest UP-TO-DATE
> Task :app:mergeGithubDebugAndroidTestGlobalSynthetics UP-TO-DATE
> Task :app:processGithubDebugAndroidTestJavaRes UP-TO-DATE
> Task :app:mergeGithubDebugAndroidTestJavaResource UP-TO-DATE
> Task :app:mergeLibDexGithubDebugAndroidTest UP-TO-DATE
> Task :app:mergeProjectDexGithubDebugAndroidTest UP-TO-DATE
> Task :app:mergeGithubDebugAndroidTestJniLibFolders UP-TO-DATE
> Task :app:mergeGithubDebugAndroidTestNativeLibs NO-SOURCE
> Task :app:stripGithubDebugAndroidTestDebugSymbols NO-SOURCE
> Task :app:validateSigningGithubDebugAndroidTest UP-TO-DATE
> Task :app:writeGithubDebugAndroidTestSigningConfigVersions UP-TO-DATE
> Task :app:packageGithubDebugAndroidTest UP-TO-DATE
> Task :app:createGithubDebugAndroidTestApkListingFileRedirect UP-TO-DATE
[EmulatorConsole]: Failed to start Emulator console for 5554

> Task :app:connectedGithubDebugAndroidTest
Starting 3 tests on emulator-5554 - 14

emulator-5554 - 14 Tests 0/3 completed. (0 skipped) (0 failed)
emulator-5554 - 14 Tests 1/3 completed. (0 skipped) (0 failed)
emulator-5554 - 14 Tests 2/3 completed. (0 skipped) (0 failed)
Finished 3 tests on emulator-5554 - 14
gradle/actions: Writing build results to /home/runner/work/_temp/.gradle-actions/build-results/__reactivecircus_android-emulator-runner-1790832527044.json

[Incubating] Problems report is available at: file:///home/runner/work/miqaat/miqaat/build/reports/problems/problems-report.html

Deprecated Gradle features were used in this build, making it incompatible with Gradle 9.0.

You can use '--warning-mode all' to show the individual deprecation warnings and determine if they come from your own scripts or plugins.

For more on this, please refer to https://docs.gradle.org/8.14.3/userguide/command_line_interface.html#sec:command_line_warnings in the Gradle documentation.

BUILD SUCCESSFUL in 2m 37s
67 actionable tasks: 1 executed, 66 up-to-date
